[brain] server :8120, launching 3 workers
[brain] resumed at iteration 5135, stage league
[brain] it 5136 [league 40%] R/ep 0.68 ent 2.16 kl 0.007 | hit/swing 28% dj/min 40.3 blk/min 4.7 abiHit 75 supHit 27 | target 8/20 | roll 2.4s upd 13.0s
[brain] it 5137 [league 34%] R/ep -5.31 ent 2.22 kl 0.010 | hit/swing 24% dj/min 38.6 blk/min 5.8 abiHit 53 supHit 19 | target 6/21 | roll 1.9s upd 428.3s
[brain] it 5138 [league 49%] R/ep 5.81 ent 2.23 kl 0.009 | hit/swing 27% dj/min 41.1 blk/min 3.2 abiHit 61 supHit 25 | target 15/18 | roll 3.0s upd 142.4s
[brain] it 5139 [league 48%] R/ep -2.38 ent 2.26 kl 0.008 | hit/swing 26% dj/min 40.4 blk/min 4.4 abiHit 42 supHit 16 | target 10/23 | roll 94.8s upd 22.1s
--- restart Sun Oct  4 00:03:53 EDT 2026
[brain] server :8120, launching 2 workers
[brain] resumed at iteration 5139, stage league
[brain] it 5140 [league 45%] R/ep -2.87 ent 2.31 kl 0.008 | hit/swing 17% dj/min 43.0 blk/min 3.5 abiHit 31 supHit 19 | target 4/13 | roll 4.6s upd 331.6s
[brain] it 5141 [league 46%] R/ep 3.63 ent 2.32 kl 0.008 | hit/swing 18% dj/min 40.8 blk/min 3.7 abiHit 27 supHit 21 | target 8/13 | roll 2.8s upd 25.5s
[brain] it 5142 [league 49%] R/ep 2.30 ent 2.22 kl 0.007 | hit/swing 24% dj/min 40.2 blk/min 3.5 abiHit 30 supHit 10 | target 6/13 | roll 2.2s upd 176.7s
[brain] it 5143 [league 51%] R/ep 0.44 ent 2.18 kl 0.007 | hit/swing 30% dj/min 39.0 blk/min 5.2 abiHit 43 supHit 18 | target 6/15 | roll 2.2s upd 14.5s
[brain] it 5144 [league 48%] R/ep 1.01 ent 2.24 kl 0.008 | hit/swing 24% dj/min 39.5 blk/min 4.2 abiHit 32 supHit 11 | target 5/11 | roll 2.5s upd 15.0s
[brain] it 5145 [league 46%] R/ep 2.65 ent 2.15 kl 0.007 | hit/swing 25% dj/min 40.2 blk/min 4.9 abiHit 55 supHit 14 | target 7/12 | roll 2.3s upd 16.1s
[brain] it 5146 [league 49%] R/ep 2.83 ent 2.07 kl 0.007 | hit/swing 35% dj/min 37.1 blk/min 5.9 abiHit 41 supHit 24 | target 9/16 | roll 2.0s upd 75.3s
[brain] it 5147 [league 50%] R/ep 1.42 ent 2.14 kl 0.008 | hit/swing 26% dj/min 41.2 blk/min 4.0 abiHit 36 supHit 15 | target 7/13 | roll 2.9s upd 35.4s
[brain] it 5148 [league 52%] R/ep -0.24 ent 2.45 kl 0.008 | hit/swing 14% dj/min 44.6 blk/min 3.6 abiHit 37 supHit 10 | target 6/11 | roll 1.8s upd 12.5s
[brain] it 5149 [league 51%] R/ep 2.66 ent 2.17 kl 0.007 | hit/swing 36% dj/min 38.3 blk/min 6.6 abiHit 39 supHit 22 | target 9/14 | roll 1.6s upd 12.3s
[brain] it 5150 [league 56%] R/ep 3.03 ent 2.09 kl 0.008 | hit/swing 32% dj/min 35.3 blk/min 4.5 abiHit 43 supHit 22 | target 9/14 | roll 1.6s upd 74.2s
[brain] it 5151 [league 56%] R/ep 3.89 ent 2.29 kl 0.009 | hit/swing 25% dj/min 42.8 blk/min 4.6 abiHit 40 supHit 21 | target 7/13 | roll 3.9s upd 20.4s
[brain] it 5152 [league 58%] R/ep 4.14 ent 2.16 kl 0.008 | hit/swing 30% dj/min 37.9 blk/min 4.6 abiHit 46 supHit 21 | target 8/13 | roll 1.4s upd 11.7s
[brain] it 5153 [league 55%] R/ep -1.36 ent 2.21 kl 0.008 | hit/swing 19% dj/min 40.2 blk/min 5.7 abiHit 50 supHit 13 | target 6/14 | roll 1.4s upd 13.8s
[brain] it 5154 [league 58%] R/ep 3.98 ent 2.37 kl 0.009 | hit/swing 25% dj/min 44.1 blk/min 4.3 abiHit 44 supHit 11 | target 6/9 | roll 1.9s upd 14.6s
[brain] it 5155 [league 56%] R/ep -1.83 ent 2.20 kl 0.008 | hit/swing 30% dj/min 37.0 blk/min 5.7 abiHit 26 supHit 13 | target 5/13 | roll 1.5s upd 9.8s
[brain] it 5156 [league 54%] R/ep 0.03 ent 2.25 kl 0.007 | hit/swing 29% dj/min 40.7 blk/min 5.4 abiHit 24 supHit 12 | target 5/11 | roll 1.6s upd 12.2s
[brain] it 5157 [league 51%] R/ep 0.06 ent 2.11 kl 0.007 | hit/swing 33% dj/min 35.8 blk/min 5.8 abiHit 49 supHit 28 | target 6/14 | roll 1.4s upd 10.9s
[brain] it 5158 [league 48%] R/ep -0.55 ent 2.31 kl 0.008 | hit/swing 27% dj/min 40.8 blk/min 5.2 abiHit 38 supHit 12 | target 4/11 | roll 1.4s upd 10.5s
[brain] it 5159 [league 46%] R/ep -2.02 ent 2.26 kl 0.007 | hit/swing 29% dj/min 40.3 blk/min 5.7 abiHit 54 supHit 15 | target 5/14 | roll 1.5s upd 15.3s
[brain] it 5160 [league 45%] R/ep 0.88 ent 2.25 kl 0.008 | hit/swing 30% dj/min 42.2 blk/min 5.9 abiHit 60 supHit 16 | target 8/13 | roll 2.0s upd 18.0s
[brain] it 5161 [league 45%] R/ep -2.29 ent 2.36 kl 0.009 | hit/swing 29% dj/min 42.1 blk/min 4.1 abiHit 23 supHit 14 | target 5/12 | roll 1.9s upd 15.2s
[brain] it 5162 [league 41%] R/ep -2.63 ent 2.41 kl 0.007 | hit/swing 30% dj/min 44.6 blk/min 4.7 abiHit 28 supHit 7 | target 3/11 | roll 2.2s upd 15.6s
[brain] it 5163 [league 46%] R/ep 3.32 ent 2.27 kl 0.007 | hit/swing 23% dj/min 40.8 blk/min 4.9 abiHit 55 supHit 12 | target 8/12 | roll 2.0s upd 15.5s
[brain] it 5164 [league 45%] R/ep 1.85 ent 2.39 kl 0.007 | hit/swing 23% dj/min 44.5 blk/min 4.6 abiHit 42 supHit 19 | target 6/12 | roll 2.1s upd 19.2s
[brain] it 5165 [league 47%] R/ep 0.71 ent 2.16 kl 0.006 | hit/swing 36% dj/min 38.9 blk/min 4.8 abiHit 34 supHit 15 | target 8/14 | roll 2.1s upd 15.7s
[brain] it 5166 [league 48%] R/ep 2.39 ent 2.22 kl 0.010 | hit/swing 30% dj/min 42.6 blk/min 4.8 abiHit 38 supHit 18 | target 5/12 | roll 2.0s upd 16.5s
[brain] it 5167 [league 51%] R/ep 2.21 ent 2.20 kl 0.008 | hit/swing 31% dj/min 39.1 blk/min 5.5 abiHit 44 supHit 17 | target 8/14 | roll 1.9s upd 16.2s
[brain] it 5168 [league 48%] R/ep -1.24 ent 2.33 kl 0.005 | hit/swing 24% dj/min 44.1 blk/min 5.2 abiHit 31 supHit 11 | target 5/13 | roll 2.0s upd 15.8s
[brain] it 5169 [league 51%] R/ep 2.51 ent 2.16 kl 0.008 | hit/swing 28% dj/min 40.6 blk/min 5.0 abiHit 51 supHit 21 | target 10/17 | roll 2.3s upd 18.1s
[brain] it 5170 [league 54%] R/ep 2.52 ent 2.32 kl 0.007 | hit/swing 18% dj/min 45.6 blk/min 4.0 abiHit 29 supHit 13 | target 7/11 | roll 2.1s upd 17.3s
[brain] it 5171 [league 53%] R/ep 0.01 ent 2.31 kl 0.007 | hit/swing 28% dj/min 40.6 blk/min 4.8 abiHit 47 supHit 16 | target 7/14 | roll 2.2s upd 18.4s
[brain] it 5172 [league 54%] R/ep 2.66 ent 2.24 kl 0.007 | hit/swing 26% dj/min 40.4 blk/min 4.4 abiHit 35 supHit 21 | target 8/12 | roll 1.9s upd 14.7s
[brain] it 5173 [league 53%] R/ep -1.25 ent 2.21 kl 0.007 | hit/swing 26% dj/min 40.9 blk/min 4.4 abiHit 35 supHit 10 | target 6/14 | roll 2.3s upd 17.3s
[brain] it 5174 [league 50%] R/ep -2.63 ent 2.31 kl 0.009 | hit/swing 25% dj/min 39.5 blk/min 5.0 abiHit 31 supHit 15 | target 3/11 | roll 2.1s upd 14.9s
[brain] it 5175 [league 52%] R/ep 1.87 ent 2.29 kl 0.007 | hit/swing 30% dj/min 40.5 blk/min 5.9 abiHit 28 supHit 19 | target 7/14 | roll 1.8s upd 14.8s
[brain] it 5176 [league 47%] R/ep -1.60 ent 2.36 kl 0.007 | hit/swing 19% dj/min 43.3 blk/min 4.6 abiHit 45 supHit 14 | target 3/11 | roll 1.9s upd 16.4s
[brain] it 5177 [league 46%] R/ep -2.03 ent 2.23 kl 0.008 | hit/swing 15% dj/min 42.8 blk/min 5.5 abiHit 41 supHit 15 | target 5/13 | roll 2.0s upd 14.6s
[brain] it 5178 [league 44%] R/ep 1.99 ent 2.15 kl 0.007 | hit/swing 22% dj/min 40.9 blk/min 4.7 abiHit 50 supHit 13 | target 7/13 | roll 2.1s upd 17.1s
[brain] it 5179 [league 48%] R/ep 6.71 ent 2.17 kl 0.009 | hit/swing 25% dj/min 40.7 blk/min 6.4 abiHit 48 supHit 16 | target 9/12 | roll 2.2s upd 16.6s
[brain] it 5180 [league 44%] R/ep -1.72 ent 2.34 kl 0.005 | hit/swing 30% dj/min 39.9 blk/min 5.4 abiHit 40 supHit 20 | target 6/16 | roll 1.9s upd 15.8s
[brain] it 5181 [league 41%] R/ep -3.31 ent 2.35 kl 0.009 | hit/swing 30% dj/min 42.6 blk/min 5.0 abiHit 24 supHit 12 | target 3/13 | roll 1.9s upd 14.9s
[brain] it 5182 [league 44%] R/ep 0.42 ent 2.14 kl 0.007 | hit/swing 31% dj/min 36.9 blk/min 7.0 abiHit 54 supHit 24 | target 7/16 | roll 1.9s upd 14.4s
[brain] it 5183 [league 44%] R/ep 1.13 ent 2.24 kl 0.008 | hit/swing 27% dj/min 40.2 blk/min 4.2 abiHit 45 supHit 23 | target 7/15 | roll 2.1s upd 15.8s
[brain] it 5184 [league 44%] R/ep 0.39 ent 2.22 kl 0.009 | hit/swing 28% dj/min 39.2 blk/min 5.8 abiHit 41 supHit 12 | target 5/14 | roll 1.9s upd 15.5s
[brain] it 5185 [league 47%] R/ep 7.07 ent 2.14 kl 0.006 | hit/swing 29% dj/min 41.0 blk/min 4.3 abiHit 44 supHit 18 | target 9/11 | roll 2.7s upd 16.6s
[brain] it 5186 [league 48%] R/ep 5.19 ent 2.12 kl 0.008 | hit/swing 28% dj/min 39.4 blk/min 5.8 abiHit 48 supHit 15 | target 9/13 | roll 2.0s upd 13.9s
[brain] it 5187 [league 49%] R/ep 2.04 ent 2.23 kl 0.006 | hit/swing 24% dj/min 41.8 blk/min 5.1 abiHit 55 supHit 17 | target 7/12 | roll 1.7s upd 13.4s
[brain] it 5188 [league 53%] R/ep 1.96 ent 2.32 kl 0.008 | hit/swing 22% dj/min 41.5 blk/min 4.8 abiHit 38 supHit 22 | target 8/15 | roll 2.0s upd 13.9s
[brain] it 5189 [league 59%] R/ep 5.67 ent 2.22 kl 0.008 | hit/swing 24% dj/min 42.4 blk/min 4.2 abiHit 39 supHit 23 | target 9/12 | roll 1.9s upd 16.5s
[brain] it 5190 [league 59%] R/ep 2.73 ent 2.25 kl 0.008 | hit/swing 29% dj/min 42.8 blk/min 5.0 abiHit 43 supHit 16 | target 8/13 | roll 2.0s upd 16.3s
[brain] it 5191 [league 59%] R/ep -0.82 ent 2.31 kl 0.009 | hit/swing 23% dj/min 40.9 blk/min 4.8 abiHit 27 supHit 11 | target 5/11 | roll 2.0s upd 15.0s
[brain] it 5192 [league 60%] R/ep -0.39 ent 2.31 kl 0.006 | hit/swing 28% dj/min 44.5 blk/min 4.6 abiHit 31 supHit 14 | target 5/13 | roll 1.8s upd 15.5s
[brain] it 5193 [league 57%] R/ep 4.41 ent 2.24 kl 0.009 | hit/swing 37% dj/min 42.6 blk/min 5.3 abiHit 48 supHit 27 | target 7/13 | roll 1.9s upd 15.4s
[brain] it 5194 [league 55%] R/ep 2.42 ent 2.38 kl 0.007 | hit/swing 26% dj/min 42.8 blk/min 5.2 abiHit 31 supHit 10 | target 6/11 | roll 1.7s upd 13.9s
[brain] it 5195 [league 53%] R/ep -1.91 ent 2.33 kl 0.007 | hit/swing 26% dj/min 41.0 blk/min 6.2 abiHit 25 supHit 11 | target 5/12 | roll 1.9s upd 15.8s
[brain] it 5196 [league 56%] R/ep 6.50 ent 2.32 kl 0.008 | hit/swing 29% dj/min 43.1 blk/min 5.4 abiHit 51 supHit 21 | target 9/12 | roll 2.1s upd 14.0s
[brain] it 5197 [league 54%] R/ep 3.05 ent 2.29 kl 0.008 | hit/swing 27% dj/min 42.4 blk/min 4.2 abiHit 43 supHit 18 | target 6/12 | roll 1.7s upd 13.5s
[brain] it 5198 [league 50%] R/ep -2.15 ent 2.30 kl 0.007 | hit/swing 34% dj/min 40.1 blk/min 4.6 abiHit 33 supHit 12 | target 6/14 | roll 1.7s upd 13.5s
[brain] it 5199 [league 55%] R/ep 6.95 ent 2.15 kl 0.005 | hit/swing 36% dj/min 42.0 blk/min 5.3 abiHit 52 supHit 27 | target 11/13 | roll 1.6s upd 13.8s
[brain] it 5200 [league 54%] R/ep 0.29 ent 2.20 kl 0.008 | hit/swing 28% dj/min 39.4 blk/min 6.0 abiHit 48 supHit 19 | target 5/14 | roll 1.9s upd 14.1s
[brain] it 5201 [league 53%] R/ep 1.05 ent 2.26 kl 0.008 | hit/swing 29% dj/min 41.7 blk/min 5.5 abiHit 54 supHit 22 | target 6/13 | roll 2.1s upd 16.0s
[brain] it 5202 [league 51%] R/ep -1.68 ent 2.35 kl 0.007 | hit/swing 14% dj/min 44.9 blk/min 3.5 abiHit 42 supHit 6 | target 4/11 | roll 2.0s upd 13.6s
[brain] it 5203 [league 51%] R/ep -1.61 ent 2.38 kl 0.009 | hit/swing 18% dj/min 43.7 blk/min 4.2 abiHit 22 supHit 10 | target 6/13 | roll 1.9s upd 15.5s
[brain] it 5204 [league 47%] R/ep -1.20 ent 2.39 kl 0.007 | hit/swing 24% dj/min 42.8 blk/min 5.8 abiHit 22 supHit 18 | target 5/13 | roll 1.8s upd 14.7s
[brain] it 5205 [league 48%] R/ep -0.94 ent 2.25 kl 0.005 | hit/swing 29% dj/min 41.8 blk/min 5.2 abiHit 23 supHit 21 | target 6/14 | roll 1.7s upd 14.7s
[brain] it 5206 [league 49%] R/ep 5.44 ent 2.23 kl 0.006 | hit/swing 27% dj/min 42.2 blk/min 5.1 abiHit 61 supHit 13 | target 8/11 | roll 1.8s upd 14.5s
[brain] it 5207 [league 45%] R/ep -1.55 ent 2.29 kl 0.006 | hit/swing 26% dj/min 42.4 blk/min 4.6 abiHit 33 supHit 8 | target 5/11 | roll 1.9s upd 16.1s
[brain] it 5208 [league 47%] R/ep -0.16 ent 2.30 kl 0.008 | hit/swing 28% dj/min 43.7 blk/min 6.4 abiHit 40 supHit 16 | target 6/12 | roll 1.9s upd 15.7s
[brain] it 5209 [league 49%] R/ep 2.80 ent 2.21 kl 0.008 | hit/swing 28% dj/min 41.7 blk/min 5.2 abiHit 41 supHit 13 | target 7/12 | roll 2.1s upd 15.2s
[brain] it 5210 [league 46%] R/ep -1.20 ent 2.45 kl 0.009 | hit/swing 26% dj/min 44.9 blk/min 5.0 abiHit 17 supHit 10 | target 3/11 | roll 2.0s upd 14.6s
[brain] it 5211 [league 45%] R/ep 0.31 ent 2.25 kl 0.010 | hit/swing 27% dj/min 41.4 blk/min 4.1 abiHit 48 supHit 19 | target 4/12 | roll 1.9s upd 14.9s
[brain] it 5212 [league 46%] R/ep 3.48 ent 2.38 kl 0.007 | hit/swing 26% dj/min 45.2 blk/min 4.9 abiHit 47 supHit 15 | target 6/12 | roll 2.0s upd 14.3s
[brain] it 5213 [league 49%] R/ep 1.75 ent 2.26 kl 0.007 | hit/swing 27% dj/min 43.2 blk/min 5.3 abiHit 37 supHit 19 | target 7/14 | roll 1.7s upd 14.0s
[brain] it 5214 [league 47%] R/ep 1.46 ent 2.32 kl 0.008 | hit/swing 22% dj/min 41.2 blk/min 4.9 abiHit 55 supHit 14 | target 6/12 | roll 1.9s upd 14.3s
[brain] it 5215 [league 46%] R/ep -0.15 ent 2.31 kl 0.007 | hit/swing 31% dj/min 42.5 blk/min 5.9 abiHit 30 supHit 15 | target 5/12 | roll 1.8s upd 14.3s
[brain] it 5216 [league 47%] R/ep 5.54 ent 2.19 kl 0.008 | hit/swing 31% dj/min 38.4 blk/min 5.7 abiHit 41 supHit 22 | target 8/12 | roll 1.8s upd 14.5s
[brain] it 5217 [league 46%] R/ep -2.26 ent 2.30 kl 0.007 | hit/swing 26% dj/min 43.4 blk/min 5.9 abiHit 29 supHit 11 | target 4/12 | roll 1.9s upd 15.0s
[brain] it 5218 [league 48%] R/ep 2.91 ent 2.24 kl 0.007 | hit/swing 36% dj/min 37.5 blk/min 5.6 abiHit 48 supHit 24 | target 9/15 | roll 2.0s upd 14.4s
[brain] it 5219 [league 52%] R/ep 4.73 ent 2.25 kl 0.007 | hit/swing 24% dj/min 43.6 blk/min 4.1 abiHit 50 supHit 12 | target 6/10 | roll 2.1s upd 14.4s
[brain] it 5220 [league 52%] R/ep 2.27 ent 2.33 kl 0.007 | hit/swing 19% dj/min 43.2 blk/min 5.7 abiHit 70 supHit 18 | target 7/14 | roll 1.9s upd 14.4s
[brain] it 5221 [league 51%] R/ep 1.12 ent 2.29 kl 0.007 | hit/swing 23% dj/min 42.7 blk/min 5.3 abiHit 50 supHit 12 | target 6/12 | roll 1.8s upd 14.9s
[brain] it 5222 [league 51%] R/ep 0.07 ent 2.30 kl 0.008 | hit/swing 27% dj/min 41.2 blk/min 5.1 abiHit 41 supHit 10 | target 5/11 | roll 1.8s upd 14.7s
[brain] it 5223 [league 51%] R/ep -2.32 ent 2.37 kl 0.006 | hit/swing 23% dj/min 40.9 blk/min 6.2 abiHit 49 supHit 17 | target 6/14 | roll 1.8s upd 15.7s
[brain] it 5224 [league 52%] R/ep 7.38 ent 2.13 kl 0.007 | hit/swing 26% dj/min 41.5 blk/min 4.5 abiHit 43 supHit 25 | target 9/13 | roll 2.0s upd 14.7s
[brain] it 5225 [league 52%] R/ep 0.16 ent 2.23 kl 0.008 | hit/swing 31% dj/min 41.4 blk/min 5.3 abiHit 45 supHit 16 | target 7/17 | roll 2.1s upd 16.2s
[brain] it 5226 [league 50%] R/ep 1.22 ent 2.32 kl 0.007 | hit/swing 28% dj/min 42.3 blk/min 4.8 abiHit 47 supHit 20 | target 8/14 | roll 1.8s upd 13.6s
[brain] it 5227 [league 51%] R/ep 4.66 ent 2.31 kl 0.006 | hit/swing 31% dj/min 43.1 blk/min 4.9 abiHit 51 supHit 20 | target 7/12 | roll 1.7s upd 14.0s
[brain] it 5228 [league 49%] R/ep -0.25 ent 2.27 kl 0.007 | hit/swing 18% dj/min 43.0 blk/min 5.2 abiHit 47 supHit 13 | target 4/11 | roll 1.8s upd 13.6s
[brain] it 5229 [league 51%] R/ep 4.80 ent 2.28 kl 0.007 | hit/swing 26% dj/min 40.8 blk/min 4.3 abiHit 46 supHit 15 | target 9/13 | roll 1.7s upd 14.0s
[brain] it 5230 [league 55%] R/ep 1.00 ent 2.29 kl 0.008 | hit/swing 32% dj/min 42.7 blk/min 6.7 abiHit 38 supHit 14 | target 6/13 | roll 1.9s upd 13.6s
[brain] it 5231 [league 52%] R/ep 2.98 ent 2.34 kl 0.007 | hit/swing 26% dj/min 41.6 blk/min 6.9 abiHit 34 supHit 16 | target 6/11 | roll 2.1s upd 13.5s
[brain] it 5232 [league 53%] R/ep 4.42 ent 2.25 kl 0.007 | hit/swing 23% dj/min 41.8 blk/min 4.0 abiHit 41 supHit 18 | target 8/13 | roll 1.8s upd 13.5s
[brain] it 5233 [league 56%] R/ep 1.75 ent 2.29 kl 0.008 | hit/swing 27% dj/min 40.9 blk/min 6.2 abiHit 46 supHit 10 | target 8/13 | roll 1.8s upd 13.8s
[brain] it 5234 [league 57%] R/ep 4.58 ent 2.43 kl 0.008 | hit/swing 23% dj/min 45.6 blk/min 5.3 abiHit 56 supHit 18 | target 9/12 | roll 2.0s upd 14.6s
[brain] it 5235 [league 53%] R/ep -5.25 ent 2.49 kl 0.008 | hit/swing 22% dj/min 45.6 blk/min 6.2 abiHit 32 supHit 12 | target 3/11 | roll 1.7s upd 13.4s
[brain] it 5236 [league 58%] R/ep 2.99 ent 2.28 kl 0.010 | hit/swing 29% dj/min 42.0 blk/min 5.5 abiHit 37 supHit 12 | target 8/13 | roll 1.7s upd 14.1s
[brain] it 5237 [league 55%] R/ep 2.86 ent 2.21 kl 0.009 | hit/swing 32% dj/min 42.6 blk/min 5.1 abiHit 45 supHit 12 | target 6/12 | roll 2.1s upd 16.5s
[brain] it 5238 [league 53%] R/ep -2.96 ent 2.36 kl 0.007 | hit/swing 27% dj/min 42.2 blk/min 6.3 abiHit 33 supHit 12 | target 3/12 | roll 2.0s upd 15.3s
[brain] it 5239 [league 52%] R/ep 2.83 ent 2.23 kl 0.006 | hit/swing 30% dj/min 43.9 blk/min 5.3 abiHit 29 supHit 11 | target 5/11 | roll 2.0s upd 15.9s
[brain] it 5240 [league 49%] R/ep -0.51 ent 2.31 kl 0.009 | hit/swing 30% dj/min 42.6 blk/min 5.3 abiHit 41 supHit 14 | target 5/12 | roll 2.0s upd 15.9s
[brain] it 5241 [league 49%] R/ep 3.06 ent 2.26 kl 0.008 | hit/swing 22% dj/min 39.5 blk/min 5.8 abiHit 49 supHit 24 | target 8/14 | roll 2.2s upd 15.6s
[brain] it 5242 [league 48%] R/ep 3.36 ent 2.29 kl 0.008 | hit/swing 20% dj/min 45.3 blk/min 5.1 abiHit 51 supHit 11 | target 6/10 | roll 2.0s upd 15.0s
[brain] it 5243 [league 48%] R/ep -1.64 ent 2.22 kl 0.007 | hit/swing 26% dj/min 41.4 blk/min 7.0 abiHit 37 supHit 20 | target 7/16 | roll 2.0s upd 17.0s
[brain] it 5244 [league 44%] R/ep -2.73 ent 2.45 kl 0.007 | hit/swing 19% dj/min 47.2 blk/min 5.4 abiHit 26 supHit 9 | target 5/14 | roll 2.2s upd 17.1s
[brain] it 5245 [league 45%] R/ep -0.37 ent 2.13 kl 0.007 | hit/swing 32% dj/min 41.1 blk/min 7.2 abiHit 48 supHit 21 | target 8/17 | roll 1.9s upd 14.7s
[brain] it 5246 [league 48%] R/ep 0.57 ent 2.16 kl 0.007 | hit/swing 29% dj/min 42.6 blk/min 6.1 abiHit 40 supHit 17 | target 6/11 | roll 1.9s upd 16.0s
[brain] it 5247 [league 47%] R/ep 2.36 ent 2.37 kl 0.009 | hit/swing 19% dj/min 45.0 blk/min 7.1 abiHit 40 supHit 18 | target 5/12 | roll 2.1s upd 15.8s
[brain] it 5248 [league 47%] R/ep -0.83 ent 2.23 kl 0.009 | hit/swing 28% dj/min 44.3 blk/min 5.6 abiHit 42 supHit 13 | target 6/13 | roll 2.0s upd 16.3s
[brain] it 5249 [league 48%] R/ep 2.27 ent 2.15 kl 0.008 | hit/swing 28% dj/min 40.2 blk/min 6.3 abiHit 51 supHit 18 | target 9/14 | roll 2.1s upd 15.8s
[brain] it 5250 [league 44%] R/ep -1.96 ent 2.19 kl 0.008 | hit/swing 23% dj/min 41.4 blk/min 6.4 abiHit 27 supHit 11 | target 3/12 | roll 1.9s upd 15.6s
[brain] it 5251 [league 48%] R/ep 12.44 ent 2.09 kl 0.006 | hit/swing 26% dj/min 42.9 blk/min 3.6 abiHit 27 supHit 5 | target 6/6 | roll 6.2s upd 8.2s
[brain] it 5252 [league 49%] R/ep 1.84 ent 2.14 kl 0.004 | hit/swing 28% dj/min 42.5 blk/min 5.3 abiHit 17 supHit 9 | target 4/8 | roll 6.5s upd 9.2s
[brain] it 5253 [league 52%] R/ep 1.93 ent 2.31 kl 0.009 | hit/swing 25% dj/min 43.7 blk/min 4.3 abiHit 43 supHit 10 | target 7/14 | roll 2.5s upd 16.6s
[brain] it 5254 [league 48%] R/ep -2.59 ent 2.60 kl 0.007 | hit/swing 16% dj/min 46.7 blk/min 5.5 abiHit 38 supHit 9 | target 4/12 | roll 2.2s upd 17.0s
[brain] it 5255 [league 49%] R/ep 0.20 ent 2.18 kl 0.007 | hit/swing 27% dj/min 40.7 blk/min 5.3 abiHit 50 supHit 16 | target 8/17 | roll 2.7s upd 18.2s
[brain] it 5256 [league 49%] R/ep -0.52 ent 2.23 kl 0.006 | hit/swing 39% dj/min 41.1 blk/min 6.8 abiHit 48 supHit 22 | target 8/18 | roll 2.4s upd 18.3s
[brain] it 5257 [league 46%] R/ep -0.81 ent 2.19 kl 0.007 | hit/swing 34% dj/min 42.0 blk/min 6.2 abiHit 28 supHit 17 | target 7/17 | roll 2.3s upd 18.0s
[brain] it 5258 [league 47%] R/ep 4.87 ent 2.07 kl 0.009 | hit/swing 38% dj/min 38.4 blk/min 6.6 abiHit 48 supHit 25 | target 10/16 | roll 2.4s upd 17.2s
[brain] it 5259 [league 47%] R/ep 0.83 ent 2.22 kl 0.009 | hit/swing 26% dj/min 42.8 blk/min 6.0 abiHit 48 supHit 15 | target 6/14 | roll 2.3s upd 16.6s
[brain] it 5260 [league 47%] R/ep 2.07 ent 2.34 kl 0.008 | hit/swing 36% dj/min 40.3 blk/min 6.6 abiHit 44 supHit 18 | target 7/13 | roll 2.0s upd 14.2s
[brain] it 5261 [league 48%] R/ep 4.18 ent 2.21 kl 0.007 | hit/swing 35% dj/min 39.6 blk/min 7.9 abiHit 37 supHit 19 | target 8/14 | roll 2.2s upd 15.1s
[brain] it 5262 [league 53%] R/ep 4.37 ent 2.24 kl 0.005 | hit/swing 33% dj/min 41.0 blk/min 4.8 abiHit 55 supHit 17 | target 8/12 | roll 2.0s upd 17.5s
[brain] it 5263 [league 51%] R/ep -1.18 ent 2.20 kl 0.008 | hit/swing 35% dj/min 38.0 blk/min 7.1 abiHit 25 supHit 14 | target 6/15 | roll 2.3s upd 15.3s
[brain] it 5264 [league 55%] R/ep 2.39 ent 2.24 kl 0.009 | hit/swing 39% dj/min 43.4 blk/min 6.5 abiHit 47 supHit 17 | target 9/14 | roll 2.3s upd 17.2s
[brain] it 5265 [league 55%] R/ep 3.85 ent 2.21 kl 0.009 | hit/swing 37% dj/min 39.9 blk/min 5.9 abiHit 40 supHit 21 | target 9/14 | roll 2.3s upd 16.6s
[brain] it 5266 [league 57%] R/ep 2.08 ent 2.36 kl 0.010 | hit/swing 27% dj/min 44.9 blk/min 5.2 abiHit 32 supHit 13 | target 9/15 | roll 2.1s upd 14.4s
[brain] it 5267 [league 62%] R/ep 8.41 ent 2.15 kl 0.007 | hit/swing 39% dj/min 41.5 blk/min 6.4 abiHit 44 supHit 33 | target 15/18 | roll 2.3s upd 14.7s
[brain] it 5268 [league 62%] R/ep -0.44 ent 2.36 kl 0.010 | hit/swing 32% dj/min 46.8 blk/min 4.9 abiHit 56 supHit 12 | target 6/12 | roll 2.4s upd 16.0s
[brain] it 5269 [league 62%] R/ep 6.58 ent 2.21 kl 0.007 | hit/swing 27% dj/min 43.3 blk/min 5.5 abiHit 70 supHit 13 | target 9/13 | roll 2.1s upd 14.9s
[brain] it 5270 [league 62%] R/ep 0.74 ent 2.15 kl 0.006 | hit/swing 37% dj/min 40.5 blk/min 7.1 abiHit 39 supHit 15 | target 5/14 | roll 2.2s upd 15.4s
[brain] it 5271 [league 62%] R/ep 1.43 ent 2.45 kl 0.008 | hit/swing 28% dj/min 45.5 blk/min 4.3 abiHit 19 supHit 10 | target 8/13 | roll 2.2s upd 13.2s
[brain] it 5272 [league 59%] R/ep 1.61 ent 2.27 kl 0.009 | hit/swing 31% dj/min 44.0 blk/min 4.1 abiHit 34 supHit 23 | target 7/16 | roll 2.3s upd 13.4s
[brain] it 5273 [league 55%] R/ep -1.39 ent 2.33 kl 0.007 | hit/swing 24% dj/min 45.1 blk/min 5.7 abiHit 44 supHit 11 | target 6/16 | roll 2.2s upd 14.0s
[brain] it 5274 [league 48%] R/ep -0.07 ent 2.29 kl 0.006 | hit/swing 29% dj/min 42.7 blk/min 5.3 abiHit 27 supHit 17 | target 5/13 | roll 1.6s upd 10.3s
[brain] it 5275 [league 49%] R/ep 3.48 ent 2.28 kl 0.006 | hit/swing 27% dj/min 42.8 blk/min 5.4 abiHit 35 supHit 19 | target 9/15 | roll 2.0s upd 10.0s
[brain] it 5276 [league 48%] R/ep 3.71 ent 2.19 kl 0.008 | hit/swing 27% dj/min 42.9 blk/min 5.6 abiHit 62 supHit 18 | target 9/16 | roll 1.8s upd 10.6s
[brain] it 5277 [league 48%] R/ep 1.87 ent 2.25 kl 0.007 | hit/swing 31% dj/min 41.5 blk/min 8.0 abiHit 52 supHit 25 | target 10/18 | roll 1.4s upd 9.0s
[brain] it 5278 [league 55%] R/ep 8.93 ent 2.26 kl 0.009 | hit/swing 40% dj/min 42.0 blk/min 5.0 abiHit 71 supHit 24 | target 11/13 | roll 1.3s upd 9.7s
[brain] it 5279 [league 56%] R/ep 0.07 ent 2.28 kl 0.006 | hit/swing 32% dj/min 41.8 blk/min 4.4 abiHit 38 supHit 19 | target 7/14 | roll 1.4s upd 10.3s
[brain] it 5280 [league 57%] R/ep 1.56 ent 2.24 kl 0.007 | hit/swing 39% dj/min 41.4 blk/min 5.8 abiHit 48 supHit 17 | target 8/15 | roll 1.4s upd 9.5s
[brain] it 5281 [league 63%] R/ep 8.03 ent 2.08 kl 0.007 | hit/swing 39% dj/min 37.3 blk/min 6.9 abiHit 51 supHit 33 | target 13/17 | roll 1.4s upd 9.2s
[brain] it 5282 [league 62%] R/ep 3.67 ent 2.21 kl 0.007 | hit/swing 32% dj/min 42.0 blk/min 6.4 abiHit 30 supHit 21 | target 6/12 | roll 1.4s upd 8.6s
[brain] it 5283 [league 63%] R/ep 3.80 ent 2.41 kl 0.010 | hit/swing 31% dj/min 43.6 blk/min 5.9 abiHit 39 supHit 15 | target 8/14 | roll 1.4s upd 9.5s
[brain] it 5284 [league 60%] R/ep 3.10 ent 2.33 kl 0.008 | hit/swing 27% dj/min 43.1 blk/min 5.7 abiHit 45 supHit 23 | target 7/14 | roll 1.4s upd 8.4s
[brain] it 5285 [league 55%] R/ep 0.26 ent 2.25 kl 0.009 | hit/swing 37% dj/min 40.7 blk/min 7.0 abiHit 27 supHit 19 | target 5/13 | roll 1.2s upd 8.4s
[brain] it 5286 [league 59%] R/ep 9.00 ent 2.22 kl 0.008 | hit/swing 33% dj/min 39.2 blk/min 7.3 abiHit 69 supHit 26 | target 12/14 | roll 1.4s upd 8.4s
[brain] it 5287 [league 62%] R/ep 6.15 ent 2.20 kl 0.008 | hit/swing 37% dj/min 37.9 blk/min 7.8 abiHit 46 supHit 24 | target 9/13 | roll 1.1s upd 7.4s
[brain] it 5288 [league 64%] R/ep 8.70 ent 2.16 kl 0.007 | hit/swing 38% dj/min 39.4 blk/min 6.3 abiHit 38 supHit 38 | target 15/17 | roll 1.2s upd 8.3s
[brain] it 5289 [league 63%] R/ep 2.20 ent 2.27 kl 0.009 | hit/swing 29% dj/min 41.6 blk/min 5.7 abiHit 59 supHit 22 | target 6/13 | roll 1.3s upd 8.2s
[brain] it 5290 [league 63%] R/ep 0.69 ent 2.30 kl 0.008 | hit/swing 30% dj/min 42.3 blk/min 6.0 abiHit 43 supHit 17 | target 8/15 | roll 1.3s upd 8.2s
[brain] it 5291 [league 63%] R/ep 2.11 ent 2.21 kl 0.007 | hit/swing 28% dj/min 40.5 blk/min 6.3 abiHit 39 supHit 23 | target 8/16 | roll 1.2s upd 8.1s
[brain] it 5292 [league 64%] R/ep 3.86 ent 2.14 kl 0.008 | hit/swing 25% dj/min 39.9 blk/min 5.7 abiHit 44 supHit 23 | target 9/16 | roll 1.3s upd 8.5s
[brain] it 5293 [league 59%] R/ep 2.36 ent 2.27 kl 0.006 | hit/swing 29% dj/min 43.9 blk/min 5.8 abiHit 46 supHit 18 | target 7/14 | roll 1.2s upd 8.6s
[brain] it 5294 [league 56%] R/ep 2.33 ent 2.26 kl 0.006 | hit/swing 33% dj/min 40.8 blk/min 6.2 abiHit 35 supHit 13 | target 7/13 | roll 1.2s upd 7.2s
[brain] it 5295 [league 53%] R/ep 3.16 ent 2.31 kl 0.007 | hit/swing 31% dj/min 43.8 blk/min 7.7 abiHit 36 supHit 9 | target 7/12 | roll 1.1s upd 7.2s
[brain] it 5296 [league 55%] R/ep 1.52 ent 2.26 kl 0.008 | hit/swing 24% dj/min 39.7 blk/min 7.1 abiHit 38 supHit 19 | target 8/13 | roll 1.3s upd 8.1s
[brain] it 5297 [league 54%] R/ep 3.83 ent 2.26 kl 0.009 | hit/swing 35% dj/min 43.8 blk/min 4.5 abiHit 49 supHit 14 | target 8/15 | roll 1.2s upd 8.0s
[brain] it 5298 [league 57%] R/ep 2.86 ent 2.39 kl 0.006 | hit/swing 32% dj/min 42.6 blk/min 5.4 abiHit 35 supHit 15 | target 7/12 | roll 1.3s upd 9.1s
[brain] it 5299 [league 56%] R/ep 1.30 ent 2.24 kl 0.006 | hit/swing 24% dj/min 39.1 blk/min 6.2 abiHit 58 supHit 19 | target 8/16 | roll 1.4s upd 9.3s
[brain] it 5300 [league 52%] R/ep -4.00 ent 2.34 kl 0.006 | hit/swing 19% dj/min 43.2 blk/min 6.3 abiHit 32 supHit 9 | target 4/14 | roll 1.5s upd 8.3s
[brain] it 5301 [league 51%] R/ep -1.20 ent 2.36 kl 0.008 | hit/swing 31% dj/min 43.1 blk/min 7.1 abiHit 26 supHit 14 | target 4/12 | roll 1.3s upd 8.7s
[brain] it 5302 [league 53%] R/ep 6.02 ent 2.12 kl 0.007 | hit/swing 43% dj/min 37.8 blk/min 5.5 abiHit 37 supHit 29 | target 11/15 | roll 1.2s upd 8.8s
[brain] it 5303 [league 53%] R/ep 7.44 ent 2.10 kl 0.008 | hit/swing 42% dj/min 38.4 blk/min 6.9 abiHit 50 supHit 23 | target 11/16 | roll 1.3s upd 8.8s
[brain] it 5304 [league 52%] R/ep 2.61 ent 2.23 kl 0.007 | hit/swing 40% dj/min 40.7 blk/min 5.7 abiHit 31 supHit 13 | target 7/14 | roll 1.5s upd 8.7s
[brain] it 5305 [league 51%] R/ep 0.25 ent 2.27 kl 0.009 | hit/swing 31% dj/min 41.7 blk/min 6.3 abiHit 46 supHit 18 | target 6/13 | roll 1.3s upd 9.7s
[brain] it 5306 [league 53%] R/ep 2.35 ent 2.29 kl 0.007 | hit/swing 33% dj/min 40.4 blk/min 5.8 abiHit 33 supHit 15 | target 7/13 | roll 1.3s upd 9.3s
[brain] it 5307 [league 54%] R/ep 3.80 ent 2.44 kl 0.006 | hit/swing 28% dj/min 42.1 blk/min 6.0 abiHit 37 supHit 17 | target 6/12 | roll 1.4s upd 9.8s
[brain] it 5308 [league 54%] R/ep -1.02 ent 2.37 kl 0.009 | hit/swing 19% dj/min 43.6 blk/min 5.8 abiHit 39 supHit 17 | target 5/14 | roll 1.4s upd 10.1s
[brain] it 5309 [league 54%] R/ep 2.86 ent 2.17 kl 0.009 | hit/swing 29% dj/min 39.3 blk/min 5.7 abiHit 38 supHit 18 | target 8/14 | roll 1.3s upd 8.6s
[brain] it 5310 [league 52%] R/ep 7.23 ent 2.16 kl 0.007 | hit/swing 32% dj/min 39.8 blk/min 6.4 abiHit 55 supHit 24 | target 11/15 | roll 1.4s upd 8.8s
[brain] it 5311 [league 53%] R/ep 3.91 ent 2.24 kl 0.007 | hit/swing 37% dj/min 41.9 blk/min 5.9 abiHit 42 supHit 24 | target 9/16 | roll 1.4s upd 8.5s
[brain] it 5312 [league 55%] R/ep 2.80 ent 2.13 kl 0.006 | hit/swing 35% dj/min 37.2 blk/min 7.3 abiHit 27 supHit 17 | target 8/13 | roll 1.1s upd 8.6s
[brain] it 5313 [league 54%] R/ep 3.25 ent 2.14 kl 0.009 | hit/swing 36% dj/min 38.6 blk/min 6.2 abiHit 45 supHit 20 | target 6/14 | roll 1.5s upd 8.8s
[brain] it 5314 [league 57%] R/ep 5.15 ent 2.16 kl 0.006 | hit/swing 29% dj/min 40.0 blk/min 7.4 abiHit 62 supHit 25 | target 10/14 | roll 1.2s upd 8.8s
[brain] it 5315 [league 59%] R/ep 3.98 ent 2.25 kl 0.008 | hit/swing 24% dj/min 39.4 blk/min 6.0 abiHit 60 supHit 20 | target 9/16 | roll 1.3s upd 8.5s
[brain] it 5316 [league 54%] R/ep -2.20 ent 2.37 kl 0.008 | hit/swing 38% dj/min 41.3 blk/min 6.5 abiHit 32 supHit 11 | target 3/16 | roll 1.4s upd 8.5s
[brain] it 5317 [league 53%] R/ep 5.37 ent 2.13 kl 0.007 | hit/swing 32% dj/min 38.1 blk/min 5.9 abiHit 38 supHit 23 | target 12/18 | roll 1.4s upd 9.8s
[brain] it 5318 [league 54%] R/ep 2.21 ent 2.30 kl 0.007 | hit/swing 37% dj/min 41.7 blk/min 7.0 abiHit 33 supHit 17 | target 8/15 | roll 1.3s upd 8.7s
[brain] it 5319 [league 53%] R/ep 2.37 ent 2.33 kl 0.007 | hit/swing 33% dj/min 40.9 blk/min 7.0 abiHit 31 supHit 19 | target 7/13 | roll 1.3s upd 8.5s
[brain] it 5320 [league 50%] R/ep 2.03 ent 2.12 kl 0.007 | hit/swing 43% dj/min 34.9 blk/min 7.9 abiHit 37 supHit 31 | target 10/19 | roll 1.2s upd 7.4s
[brain] it 5321 [league 52%] R/ep 3.59 ent 2.28 kl 0.008 | hit/swing 30% dj/min 42.0 blk/min 4.8 abiHit 26 supHit 20 | target 11/17 | roll 1.3s upd 8.6s
[brain] it 5322 [league 59%] R/ep 4.64 ent 2.18 kl 0.008 | hit/swing 36% dj/min 41.3 blk/min 5.9 abiHit 37 supHit 23 | target 9/15 | roll 1.2s upd 9.0s
[brain] it 5323 [league 57%] R/ep 2.03 ent 2.19 kl 0.008 | hit/swing 29% dj/min 40.9 blk/min 6.4 abiHit 49 supHit 12 | target 8/14 | roll 1.4s upd 8.6s
[brain] it 5324 [league 57%] R/ep 2.81 ent 2.11 kl 0.006 | hit/swing 35% dj/min 38.6 blk/min 6.3 abiHit 35 supHit 22 | target 9/16 | roll 1.2s upd 8.7s
[brain] it 5325 [league 57%] R/ep 2.10 ent 2.42 kl 0.009 | hit/swing 34% dj/min 44.1 blk/min 4.3 abiHit 19 supHit 8 | target 7/14 | roll 1.3s upd 8.7s
[brain] it 5326 [league 58%] R/ep 4.98 ent 2.10 kl 0.008 | hit/swing 35% dj/min 36.1 blk/min 8.0 abiHit 43 supHit 24 | target 8/15 | roll 1.4s upd 8.5s
[brain] it 5327 [league 57%] R/ep 2.86 ent 2.34 kl 0.008 | hit/swing 33% dj/min 43.4 blk/min 4.1 abiHit 20 supHit 10 | target 7/11 | roll 1.2s upd 8.4s
[brain] it 5328 [league 56%] R/ep 1.25 ent 2.32 kl 0.008 | hit/swing 28% dj/min 41.5 blk/min 7.0 abiHit 33 supHit 21 | target 6/13 | roll 1.4s upd 8.4s
[brain] it 5329 [league 51%] R/ep -2.41 ent 2.38 kl 0.006 | hit/swing 30% dj/min 42.3 blk/min 6.5 abiHit 42 supHit 13 | target 5/15 | roll 1.2s upd 9.5s
[brain] it 5330 [league 49%] R/ep 0.63 ent 2.13 kl 0.007 | hit/swing 41% dj/min 34.2 blk/min 8.5 abiHit 44 supHit 22 | target 9/18 | roll 1.3s upd 8.9s
[brain] it 5331 [league 52%] R/ep 7.18 ent 2.27 kl 0.007 | hit/swing 34% dj/min 40.6 blk/min 5.7 abiHit 55 supHit 20 | target 11/15 | roll 1.4s upd 8.9s
[brain] it 5332 [league 54%] R/ep 3.99 ent 2.20 kl 0.008 | hit/swing 34% dj/min 40.0 blk/min 7.0 abiHit 27 supHit 15 | target 8/13 | roll 1.3s upd 8.8s
[brain] it 5333 [league 57%] R/ep 3.14 ent 2.26 kl 0.006 | hit/swing 25% dj/min 41.3 blk/min 4.4 abiHit 52 supHit 21 | target 11/16 | roll 1.6s upd 11.7s
[brain] it 5334 [league 54%] R/ep 1.58 ent 2.19 kl 0.008 | hit/swing 27% dj/min 38.4 blk/min 6.9 abiHit 29 supHit 15 | target 5/11 | roll 1.5s upd 9.8s
[brain] it 5335 [league 61%] R/ep 6.77 ent 2.10 kl 0.006 | hit/swing 35% dj/min 37.9 blk/min 6.7 abiHit 58 supHit 26 | target 14/19 | roll 1.5s upd 10.2s
[brain] it 5336 [league 65%] R/ep 4.36 ent 2.17 kl 0.005 | hit/swing 34% dj/min 37.9 blk/min 6.2 abiHit 61 supHit 25 | target 10/15 | roll 1.4s upd 10.5s
[brain] it 5337 [league 68%] R/ep 7.59 ent 2.17 kl 0.007 | hit/swing 40% dj/min 36.3 blk/min 7.5 abiHit 63 supHit 24 | target 10/14 | roll 1.7s upd 9.9s
[brain] it 5338 [league 65%] R/ep 1.90 ent 2.30 kl 0.008 | hit/swing 31% dj/min 38.3 blk/min 8.0 abiHit 34 supHit 35 | target 9/18 | roll 1.6s upd 9.1s
[brain] it 5339 [league 62%] R/ep 2.97 ent 2.40 kl 0.006 | hit/swing 23% dj/min 41.5 blk/min 6.6 abiHit 38 supHit 11 | target 8/15 | roll 1.5s upd 9.0s
[brain] it 5340 [league 62%] R/ep 6.33 ent 2.12 kl 0.007 | hit/swing 32% dj/min 36.0 blk/min 7.8 abiHit 49 supHit 22 | target 9/14 | roll 1.3s upd 7.8s
[brain] it 5341 [league 57%] R/ep -1.55 ent 2.25 kl 0.008 | hit/swing 23% dj/min 39.6 blk/min 7.0 abiHit 35 supHit 13 | target 5/15 | roll 1.3s upd 8.7s
[brain] it 5342 [league 54%] R/ep -0.54 ent 2.38 kl 0.008 | hit/swing 20% dj/min 43.7 blk/min 6.4 abiHit 29 supHit 10 | target 5/13 | roll 1.2s upd 9.5s
[brain] it 5343 [league 56%] R/ep 8.65 ent 2.18 kl 0.006 | hit/swing 36% dj/min 40.4 blk/min 5.2 abiHit 50 supHit 24 | target 14/16 | roll 1.5s upd 9.3s
[brain] it 5344 [league 57%] R/ep 2.14 ent 2.18 kl 0.008 | hit/swing 33% dj/min 36.4 blk/min 8.4 abiHit 45 supHit 22 | target 10/17 | roll 1.4s upd 9.1s
[brain] it 5345 [league 57%] R/ep 3.15 ent 2.21 kl 0.008 | hit/swing 26% dj/min 40.6 blk/min 6.0 abiHit 49 supHit 20 | target 9/16 | roll 1.6s upd 10.3s
[brain] it 5346 [league 59%] R/ep 3.88 ent 2.18 kl 0.008 | hit/swing 32% dj/min 37.8 blk/min 7.2 abiHit 43 supHit 22 | target 11/17 | roll 1.6s upd 10.1s
[brain] it 5347 [league 61%] R/ep 4.05 ent 2.18 kl 0.007 | hit/swing 34% dj/min 39.6 blk/min 6.9 abiHit 50 supHit 27 | target 12/18 | roll 1.4s upd 9.2s
[brain] it 5348 [league 64%] R/ep 0.86 ent 2.17 kl 0.009 | hit/swing 31% dj/min 37.1 blk/min 7.8 abiHit 46 supHit 24 | target 9/18 | roll 1.4s upd 9.6s
[brain] it 5349 [league 61%] R/ep 7.20 ent 2.24 kl 0.007 | hit/swing 41% dj/min 41.0 blk/min 6.0 abiHit 38 supHit 26 | target 12/18 | roll 1.5s upd 9.6s
[brain] it 5350 [league 57%] R/ep -0.66 ent 2.23 kl 0.008 | hit/swing 35% dj/min 41.1 blk/min 6.0 abiHit 25 supHit 18 | target 6/16 | roll 1.4s upd 10.3s
[brain] it 5351 [league 62%] R/ep 7.76 ent 2.19 kl 0.008 | hit/swing 37% dj/min 39.4 blk/min 6.3 abiHit 52 supHit 27 | target 12/15 | roll 1.5s upd 10.5s
[brain] it 5352 [league 60%] R/ep 5.19 ent 2.10 kl 0.008 | hit/swing 37% dj/min 39.1 blk/min 6.3 abiHit 42 supHit 25 | target 11/17 | roll 1.2s upd 9.9s
[brain] it 5353 [league 57%] R/ep 0.84 ent 2.23 kl 0.008 | hit/swing 37% dj/min 37.8 blk/min 7.1 abiHit 46 supHit 20 | target 6/15 | roll 1.5s upd 12.0s
[brain] it 5354 [league 58%] R/ep 2.76 ent 2.30 kl 0.005 | hit/swing 22% dj/min 42.9 blk/min 5.2 abiHit 37 supHit 19 | target 9/16 | roll 1.9s upd 14.4s
[brain] it 5355 [league 57%] R/ep 6.03 ent 2.19 kl 0.007 | hit/swing 36% dj/min 41.2 blk/min 5.6 abiHit 27 supHit 19 | target 9/13 | roll 2.7s upd 11.6s
[brain] it 5356 [league 61%] R/ep 5.64 ent 2.21 kl 0.008 | hit/swing 33% dj/min 41.2 blk/min 6.5 abiHit 44 supHit 23 | target 11/16 | roll 1.8s upd 10.2s
[brain] it 5357 [league 60%] R/ep 1.48 ent 2.32 kl 0.006 | hit/swing 37% dj/min 41.4 blk/min 5.0 abiHit 16 supHit 16 | target 7/14 | roll 1.4s upd 10.5s
[brain] it 5358 [league 54%] R/ep 1.00 ent 2.35 kl 0.006 | hit/swing 39% dj/min 42.7 blk/min 6.7 abiHit 30 supHit 18 | target 5/14 | roll 1.7s upd 11.5s
[brain] it 5359 [league 54%] R/ep 6.64 ent 2.14 kl 0.008 | hit/swing 41% dj/min 39.2 blk/min 7.6 abiHit 65 supHit 26 | target 8/13 | roll 1.8s upd 11.6s
[brain] it 5360 [league 58%] R/ep 7.97 ent 2.41 kl 0.007 | hit/swing 31% dj/min 43.6 blk/min 4.5 abiHit 62 supHit 18 | target 9/13 | roll 1.5s upd 9.9s
[brain] it 5361 [league 63%] R/ep 8.96 ent 2.09 kl 0.007 | hit/swing 36% dj/min 38.7 blk/min 5.4 abiHit 47 supHit 29 | target 12/15 | roll 1.7s upd 9.9s
[brain] it 5362 [league 56%] R/ep -4.52 ent 2.39 kl 0.008 | hit/swing 24% dj/min 44.4 blk/min 5.8 abiHit 23 supHit 12 | target 3/14 | roll 1.5s upd 9.7s
[brain] it 5363 [league 59%] R/ep 10.85 ent 2.06 kl 0.009 | hit/swing 34% dj/min 39.7 blk/min 5.5 abiHit 50 supHit 20 | target 13/14 | roll 1.4s upd 9.7s
[brain] it 5364 [league 61%] R/ep 6.05 ent 2.05 kl 0.006 | hit/swing 35% dj/min 39.7 blk/min 6.3 abiHit 55 supHit 34 | target 12/18 | roll 1.4s upd 8.5s
[brain] it 5365 [league 66%] R/ep 5.12 ent 2.25 kl 0.007 | hit/swing 34% dj/min 38.6 blk/min 6.0 abiHit 34 supHit 26 | target 10/15 | roll 1.4s upd 9.5s
[brain] it 5366 [league 67%] R/ep 5.44 ent 2.25 kl 0.007 | hit/swing 32% dj/min 40.0 blk/min 8.2 abiHit 44 supHit 26 | target 12/17 | roll 1.4s upd 9.3s
[brain] it 5367 [league 61%] R/ep 3.35 ent 2.24 kl 0.006 | hit/swing 37% dj/min 40.4 blk/min 6.8 abiHit 28 supHit 21 | target 7/16 | roll 1.4s upd 9.2s
[brain] it 5368 [league 65%] R/ep 4.78 ent 2.21 kl 0.007 | hit/swing 34% dj/min 40.2 blk/min 7.1 abiHit 42 supHit 25 | target 10/15 | roll 1.6s upd 10.3s
[brain] it 5369 [league 62%] R/ep 3.11 ent 2.16 kl 0.007 | hit/swing 32% dj/min 38.3 blk/min 7.3 abiHit 41 supHit 28 | target 10/18 | roll 1.3s upd 8.6s
[brain] it 5370 [league 60%] R/ep 2.55 ent 2.20 kl 0.009 | hit/swing 38% dj/min 39.8 blk/min 6.0 abiHit 33 supHit 18 | target 8/15 | roll 1.4s upd 9.6s
[brain] it 5371 [league 58%] R/ep 2.30 ent 2.30 kl 0.007 | hit/swing 28% dj/min 40.7 blk/min 6.5 abiHit 31 supHit 24 | target 11/20 | roll 1.5s upd 9.8s
[brain] it 5372 [league 54%] R/ep 2.61 ent 2.22 kl 0.008 | hit/swing 35% dj/min 41.3 blk/min 6.4 abiHit 44 supHit 19 | target 8/16 | roll 1.5s upd 9.5s
[brain] it 5373 [league 57%] R/ep 4.75 ent 2.15 kl 0.008 | hit/swing 32% dj/min 38.7 blk/min 6.6 abiHit 70 supHit 33 | target 10/17 | roll 1.5s upd 10.8s
[brain] it 5374 [league 56%] R/ep 4.24 ent 2.28 kl 0.009 | hit/swing 45% dj/min 43.1 blk/min 6.1 abiHit 61 supHit 15 | target 8/13 | roll 1.4s upd 9.3s
[brain] it 5375 [league 60%] R/ep 6.36 ent 2.19 kl 0.008 | hit/swing 33% dj/min 40.7 blk/min 4.9 abiHit 66 supHit 18 | target 13/16 | roll 1.4s upd 9.2s
[brain] it 5376 [league 58%] R/ep -0.20 ent 2.27 kl 0.007 | hit/swing 33% dj/min 36.7 blk/min 8.7 abiHit 39 supHit 20 | target 7/17 | roll 1.4s upd 9.2s
[brain] it 5377 [league 58%] R/ep 1.46 ent 2.27 kl 0.009 | hit/swing 37% dj/min 41.6 blk/min 7.8 abiHit 32 supHit 21 | target 9/17 | roll 1.4s upd 9.3s
[brain] it 5378 [league 57%] R/ep 1.09 ent 2.30 kl 0.006 | hit/swing 36% dj/min 39.8 blk/min 7.6 abiHit 32 supHit 24 | target 10/19 | roll 1.5s upd 10.6s
[brain] it 5379 [league 56%] R/ep -0.21 ent 2.34 kl 0.008 | hit/swing 33% dj/min 41.3 blk/min 6.8 abiHit 30 supHit 19 | target 8/16 | roll 1.4s upd 8.6s
[brain] it 5380 [league 57%] R/ep 5.75 ent 2.16 kl 0.006 | hit/swing 38% dj/min 41.2 blk/min 5.5 abiHit 35 supHit 20 | target 9/14 | roll 1.5s upd 9.9s
[brain] it 5381 [league 53%] R/ep 5.49 ent 2.28 kl 0.009 | hit/swing 32% dj/min 39.0 blk/min 5.8 abiHit 49 supHit 29 | target 8/14 | roll 1.6s upd 9.7s
[brain] it 5382 [league 54%] R/ep 3.55 ent 2.17 kl 0.007 | hit/swing 34% dj/min 39.4 blk/min 6.7 abiHit 60 supHit 24 | target 9/15 | roll 1.5s upd 9.3s
[brain] it 5383 [league 57%] R/ep 5.00 ent 2.28 kl 0.007 | hit/swing 31% dj/min 41.0 blk/min 7.7 abiHit 45 supHit 19 | target 8/14 | roll 1.5s upd 9.8s
[brain] it 5384 [league 59%] R/ep 4.07 ent 2.14 kl 0.007 | hit/swing 43% dj/min 40.5 blk/min 6.9 abiHit 43 supHit 21 | target 10/16 | roll 1.4s upd 9.9s
[brain] it 5385 [league 60%] R/ep 4.17 ent 2.41 kl 0.010 | hit/swing 31% dj/min 44.5 blk/min 6.6 abiHit 39 supHit 17 | target 10/15 | roll 1.4s upd 9.7s
[brain] it 5386 [league 60%] R/ep 2.90 ent 2.37 kl 0.007 | hit/swing 26% dj/min 43.1 blk/min 6.6 abiHit 33 supHit 12 | target 6/12 | roll 1.4s upd 9.7s
[brain] it 5387 [league 61%] R/ep 4.49 ent 2.16 kl 0.009 | hit/swing 39% dj/min 39.3 blk/min 7.4 abiHit 63 supHit 21 | target 11/17 | roll 1.7s upd 10.8s
[brain] it 5388 [league 59%] R/ep 4.38 ent 2.17 kl 0.010 | hit/swing 34% dj/min 40.3 blk/min 8.0 abiHit 51 supHit 23 | target 8/15 | roll 1.4s upd 8.7s
[brain] it 5389 [league 59%] R/ep 3.84 ent 2.39 kl 0.007 | hit/swing 29% dj/min 42.2 blk/min 5.2 abiHit 37 supHit 19 | target 8/14 | roll 1.5s upd 10.0s
[brain] it 5390 [league 61%] R/ep 6.05 ent 2.34 kl 0.007 | hit/swing 45% dj/min 41.6 blk/min 5.8 abiHit 30 supHit 27 | target 10/15 | roll 1.5s upd 10.0s
[brain] it 5391 [league 62%] R/ep 8.08 ent 2.26 kl 0.009 | hit/swing 37% dj/min 41.6 blk/min 6.7 abiHit 40 supHit 17 | target 10/13 | roll 1.9s upd 11.2s
[brain] it 5392 [league 63%] R/ep 5.59 ent 2.10 kl 0.006 | hit/swing 34% dj/min 39.8 blk/min 7.6 abiHit 64 supHit 26 | target 11/15 | roll 1.5s upd 9.8s
[brain] it 5393 [league 66%] R/ep 8.19 ent 2.22 kl 0.008 | hit/swing 44% dj/min 35.5 blk/min 6.6 abiHit 30 supHit 27 | target 12/16 | roll 1.4s upd 9.8s
[brain] it 5394 [league 62%] R/ep -0.85 ent 2.33 kl 0.008 | hit/swing 26% dj/min 40.4 blk/min 6.5 abiHit 48 supHit 14 | target 6/17 | roll 1.5s upd 9.4s
[brain] it 5395 [league 60%] R/ep -3.01 ent 2.30 kl 0.007 | hit/swing 23% dj/min 42.6 blk/min 6.0 abiHit 23 supHit 14 | target 4/14 | roll 1.4s upd 8.1s
[brain] it 5396 [league 63%] R/ep 8.59 ent 2.10 kl 0.008 | hit/swing 48% dj/min 38.3 blk/min 7.1 abiHit 53 supHit 24 | target 15/17 | roll 1.5s upd 9.4s
[brain] it 5397 [league 62%] R/ep 4.37 ent 2.23 kl 0.007 | hit/swing 35% dj/min 40.9 blk/min 6.9 abiHit 36 supHit 25 | target 8/14 | roll 1.5s upd 9.1s
[brain] it 5398 [league 58%] R/ep 2.56 ent 2.16 kl 0.008 | hit/swing 35% dj/min 38.9 blk/min 5.9 abiHit 41 supHit 20 | target 6/13 | roll 1.4s upd 9.2s
[brain] it 5399 [league 54%] R/ep 2.39 ent 2.37 kl 0.005 | hit/swing 29% dj/min 41.5 blk/min 7.1 abiHit 34 supHit 22 | target 8/16 | roll 1.4s upd 8.9s
[brain] it 5400 [league 52%] R/ep 2.73 ent 2.27 kl 0.009 | hit/swing 31% dj/min 45.0 blk/min 5.7 abiHit 36 supHit 13 | target 7/13 | roll 1.3s upd 9.2s
[brain] it 5401 [league 54%] R/ep 6.18 ent 2.58 kl 0.005 | hit/swing 30% dj/min 48.2 blk/min 4.6 abiHit 7 supHit 11 | target 4/5 | roll 7.7s upd 3.7s
[brain] it 5402 [league 55%] R/ep 0.41 ent 2.41 kl 0.008 | hit/swing 38% dj/min 42.4 blk/min 4.6 abiHit 13 supHit 4 | target 3/6 | roll 5.2s upd 6.0s
[brain] it 5403 [league 62%] R/ep 5.45 ent 2.25 kl 0.007 | hit/swing 32% dj/min 39.1 blk/min 5.6 abiHit 35 supHit 25 | target 11/16 | roll 1.7s upd 12.3s
[brain] it 5404 [league 57%] R/ep 1.12 ent 2.23 kl 0.007 | hit/swing 31% dj/min 41.0 blk/min 5.8 abiHit 36 supHit 25 | target 8/15 | roll 1.5s upd 14.7s
[brain] it 5405 [league 59%] R/ep 6.27 ent 2.29 kl 0.005 | hit/swing 39% dj/min 42.0 blk/min 6.0 abiHit 83 supHit 21 | target 10/13 | roll 1.8s upd 12.8s
[brain] it 5406 [league 63%] R/ep 7.73 ent 2.16 kl 0.007 | hit/swing 39% dj/min 40.1 blk/min 5.4 abiHit 41 supHit 19 | target 10/13 | roll 1.7s upd 12.9s
[brain] it 5407 [league 60%] R/ep 0.64 ent 2.21 kl 0.007 | hit/swing 37% dj/min 40.5 blk/min 6.3 abiHit 32 supHit 15 | target 5/16 | roll 1.6s upd 12.5s
[brain] it 5408 [league 57%] R/ep -1.52 ent 2.36 kl 0.008 | hit/swing 24% dj/min 43.3 blk/min 5.7 abiHit 28 supHit 14 | target 5/14 | roll 1.8s upd 12.0s
[brain] it 5409 [league 58%] R/ep 2.84 ent 2.12 kl 0.007 | hit/swing 37% dj/min 37.1 blk/min 7.5 abiHit 39 supHit 20 | target 10/18 | roll 1.6s upd 11.9s
[brain] it 5410 [league 56%] R/ep 3.99 ent 2.11 kl 0.006 | hit/swing 30% dj/min 38.4 blk/min 6.2 abiHit 46 supHit 25 | target 10/16 | roll 1.6s upd 11.7s
[brain] it 5411 [league 53%] R/ep 1.59 ent 2.32 kl 0.005 | hit/swing 28% dj/min 44.6 blk/min 7.0 abiHit 34 supHit 18 | target 6/14 | roll 1.7s upd 11.4s
[brain] it 5412 [league 51%] R/ep 5.16 ent 2.11 kl 0.007 | hit/swing 38% dj/min 39.9 blk/min 6.6 abiHit 30 supHit 25 | target 10/16 | roll 1.5s upd 12.3s
[brain] it 5413 [league 51%] R/ep 4.26 ent 2.32 kl 0.007 | hit/swing 27% dj/min 42.0 blk/min 7.1 abiHit 35 supHit 20 | target 8/14 | roll 1.6s upd 11.7s
[brain] it 5414 [league 56%] R/ep 5.48 ent 2.09 kl 0.007 | hit/swing 33% dj/min 37.2 blk/min 7.2 abiHit 41 supHit 31 | target 12/19 | roll 1.5s upd 10.8s
[brain] it 5415 [league 61%] R/ep 7.04 ent 2.32 kl 0.006 | hit/swing 35% dj/min 42.2 blk/min 6.5 abiHit 33 supHit 26 | target 11/15 | roll 1.8s upd 12.6s
[brain] it 5416 [league 60%] R/ep 3.93 ent 2.33 kl 0.007 | hit/swing 26% dj/min 41.5 blk/min 6.5 abiHit 42 supHit 23 | target 7/12 | roll 1.8s upd 12.4s
[brain] it 5417 [league 61%] R/ep 5.65 ent 2.24 kl 0.008 | hit/swing 41% dj/min 38.7 blk/min 8.3 abiHit 53 supHit 22 | target 9/14 | roll 1.5s upd 10.7s
[brain] it 5418 [league 65%] R/ep 7.16 ent 2.22 kl 0.008 | hit/swing 32% dj/min 42.0 blk/min 6.8 abiHit 54 supHit 14 | target 8/11 | roll 1.6s upd 11.8s
[brain] it 5419 [league 67%] R/ep 6.29 ent 2.25 kl 0.008 | hit/swing 43% dj/min 39.6 blk/min 6.0 abiHit 42 supHit 20 | target 11/14 | roll 1.5s upd 11.7s
[brain] it 5420 [league 65%] R/ep 3.51 ent 2.12 kl 0.008 | hit/swing 41% dj/min 40.1 blk/min 7.3 abiHit 64 supHit 29 | target 10/18 | roll 1.6s upd 12.1s
[brain] it 5421 [league 66%] R/ep 5.78 ent 2.12 kl 0.006 | hit/swing 47% dj/min 41.2 blk/min 5.9 abiHit 54 supHit 27 | target 10/15 | roll 1.7s upd 12.2s
[brain] it 5422 [league 67%] R/ep 6.33 ent 2.28 kl 0.006 | hit/swing 30% dj/min 42.1 blk/min 5.3 abiHit 45 supHit 17 | target 10/13 | roll 1.6s upd 11.7s
[brain] it 5423 [league 64%] R/ep 2.47 ent 2.15 kl 0.009 | hit/swing 43% dj/min 39.4 blk/min 7.8 abiHit 33 supHit 23 | target 6/14 | roll 1.7s upd 13.9s
[brain] it 5424 [league 65%] R/ep 4.79 ent 2.13 kl 0.008 | hit/swing 43% dj/min 37.6 blk/min 7.4 abiHit 45 supHit 33 | target 11/17 | roll 1.6s upd 12.0s
[brain] it 5425 [league 61%] R/ep 2.25 ent 2.21 kl 0.006 | hit/swing 32% dj/min 36.0 blk/min 7.9 abiHit 36 supHit 27 | target 8/15 | roll 1.7s upd 12.4s
[brain] it 5426 [league 61%] R/ep 6.33 ent 2.21 kl 0.008 | hit/swing 35% dj/min 38.9 blk/min 6.4 abiHit 42 supHit 31 | target 12/17 | roll 2.0s upd 13.0s
[brain] it 5427 [league 61%] R/ep 3.25 ent 2.12 kl 0.007 | hit/swing 35% dj/min 39.4 blk/min 9.3 abiHit 36 supHit 29 | target 7/14 | roll 1.6s upd 12.6s
[brain] it 5428 [league 59%] R/ep 4.03 ent 2.07 kl 0.006 | hit/swing 42% dj/min 37.3 blk/min 7.5 abiHit 54 supHit 24 | target 11/19 | roll 2.0s upd 16.7s
[brain] it 5429 [league 60%] R/ep 4.21 ent 2.10 kl 0.008 | hit/swing 40% dj/min 38.2 blk/min 7.6 abiHit 33 supHit 35 | target 12/19 | roll 1.6s upd 12.2s
[brain] it 5430 [league 61%] R/ep 6.39 ent 2.41 kl 0.007 | hit/swing 22% dj/min 44.1 blk/min 4.9 abiHit 45 supHit 14 | target 7/11 | roll 1.4s upd 10.1s
[brain] it 5431 [league 60%] R/ep 4.03 ent 2.27 kl 0.007 | hit/swing 30% dj/min 42.2 blk/min 6.0 abiHit 29 supHit 19 | target 8/13 | roll 1.4s upd 10.1s
[brain] it 5432 [league 61%] R/ep 3.51 ent 2.24 kl 0.008 | hit/swing 29% dj/min 40.3 blk/min 8.2 abiHit 24 supHit 30 | target 9/16 | roll 1.4s upd 10.4s
[brain] it 5433 [league 59%] R/ep 4.49 ent 2.17 kl 0.008 | hit/swing 36% dj/min 39.5 blk/min 8.9 abiHit 41 supHit 23 | target 9/16 | roll 1.6s upd 11.4s
[brain] it 5434 [league 61%] R/ep 5.65 ent 2.20 kl 0.008 | hit/swing 27% dj/min 41.6 blk/min 7.0 abiHit 49 supHit 19 | target 9/13 | roll 1.4s upd 11.0s
[brain] it 5435 [league 60%] R/ep 3.02 ent 2.30 kl 0.007 | hit/swing 23% dj/min 44.6 blk/min 5.0 abiHit 30 supHit 12 | target 8/15 | roll 1.7s upd 12.5s
[brain] it 5436 [league 58%] R/ep -0.07 ent 2.43 kl 0.009 | hit/swing 27% dj/min 41.6 blk/min 6.0 abiHit 38 supHit 15 | target 6/13 | roll 1.3s upd 10.5s
[brain] it 5437 [league 54%] R/ep 1.44 ent 2.14 kl 0.007 | hit/swing 36% dj/min 37.4 blk/min 8.5 abiHit 41 supHit 25 | target 6/16 | roll 1.4s upd 10.3s
[brain] it 5438 [league 58%] R/ep 4.92 ent 2.07 kl 0.008 | hit/swing 38% dj/min 39.4 blk/min 6.3 abiHit 32 supHit 22 | target 12/17 | roll 1.4s upd 10.8s
[brain] it 5439 [league 54%] R/ep 2.83 ent 2.10 kl 0.008 | hit/swing 32% dj/min 38.5 blk/min 9.5 abiHit 51 supHit 29 | target 10/20 | roll 1.6s upd 12.0s
[brain] it 5440 [league 56%] R/ep 7.98 ent 2.17 kl 0.007 | hit/swing 32% dj/min 40.7 blk/min 6.0 abiHit 46 supHit 23 | target 11/16 | roll 1.4s upd 10.7s
[brain] it 5441 [league 57%] R/ep 7.53 ent 2.16 kl 0.006 | hit/swing 31% dj/min 41.5 blk/min 6.2 abiHit 48 supHit 21 | target 11/14 | roll 1.5s upd 10.5s
[brain] it 5442 [league 61%] R/ep 4.47 ent 2.08 kl 0.008 | hit/swing 38% dj/min 37.2 blk/min 7.7 abiHit 43 supHit 27 | target 11/17 | roll 1.6s upd 10.7s
[brain] it 5443 [league 63%] R/ep 3.48 ent 2.21 kl 0.008 | hit/swing 30% dj/min 41.1 blk/min 7.1 abiHit 50 supHit 25 | target 9/17 | roll 1.7s upd 11.9s
[brain] it 5444 [league 63%] R/ep 3.80 ent 2.26 kl 0.008 | hit/swing 25% dj/min 40.9 blk/min 7.3 abiHit 62 supHit 20 | target 10/15 | roll 1.3s upd 9.2s
[brain] it 5445 [league 60%] R/ep 2.61 ent 2.25 kl 0.010 | hit/swing 25% dj/min 40.6 blk/min 5.7 abiHit 40 supHit 11 | target 4/11 | roll 1.5s upd 10.6s
[brain] it 5446 [league 65%] R/ep 8.10 ent 2.15 kl 0.007 | hit/swing 41% dj/min 37.9 blk/min 7.5 abiHit 34 supHit 28 | target 14/17 | roll 1.4s upd 10.7s
[brain] it 5447 [league 62%] R/ep 3.58 ent 2.11 kl 0.008 | hit/swing 37% dj/min 38.2 blk/min 6.9 abiHit 40 supHit 17 | target 7/14 | roll 1.5s upd 10.6s
[brain] it 5448 [league 59%] R/ep 3.83 ent 2.18 kl 0.006 | hit/swing 40% dj/min 38.7 blk/min 8.1 abiHit 42 supHit 17 | target 9/17 | roll 1.7s upd 10.8s
[brain] it 5449 [league 60%] R/ep 6.87 ent 2.07 kl 0.008 | hit/swing 47% dj/min 36.9 blk/min 6.3 abiHit 40 supHit 25 | target 13/18 | roll 1.5s upd 11.0s
[brain] it 5450 [league 61%] R/ep 6.43 ent 2.19 kl 0.006 | hit/swing 33% dj/min 38.5 blk/min 7.9 abiHit 71 supHit 27 | target 9/15 | roll 1.6s upd 11.2s
[brain] it 5451 [league 63%] R/ep 3.42 ent 2.15 kl 0.007 | hit/swing 36% dj/min 38.9 blk/min 7.2 abiHit 35 supHit 21 | target 9/14 | roll 1.5s upd 10.9s
[brain] it 5452 [league 61%] R/ep 3.36 ent 2.17 kl 0.007 | hit/swing 28% dj/min 40.4 blk/min 6.9 abiHit 40 supHit 22 | target 10/17 | roll 1.7s upd 11.7s
[brain] it 5453 [league 63%] R/ep 8.25 ent 2.14 kl 0.008 | hit/swing 35% dj/min 40.5 blk/min 6.5 abiHit 54 supHit 21 | target 13/17 | roll 1.8s upd 12.3s
[brain] it 5454 [league 67%] R/ep 6.02 ent 2.12 kl 0.010 | hit/swing 33% dj/min 39.0 blk/min 7.8 abiHit 53 supHit 26 | target 11/16 | roll 1.6s upd 10.9s
[brain] it 5455 [league 66%] R/ep 3.09 ent 2.14 kl 0.007 | hit/swing 47% dj/min 40.7 blk/min 6.9 abiHit 39 supHit 26 | target 8/15 | roll 1.6s upd 10.7s
[brain] it 5456 [league 65%] R/ep 8.92 ent 2.17 kl 0.007 | hit/swing 33% dj/min 40.5 blk/min 7.2 abiHit 40 supHit 24 | target 9/12 | roll 1.5s upd 10.4s
[brain] it 5457 [league 69%] R/ep 6.15 ent 2.08 kl 0.007 | hit/swing 38% dj/min 34.3 blk/min 7.5 abiHit 61 supHit 30 | target 13/18 | roll 1.4s upd 10.6s
[brain] it 5458 [league 70%] R/ep 7.44 ent 2.15 kl 0.007 | hit/swing 39% dj/min 38.4 blk/min 7.8 abiHit 48 supHit 31 | target 12/16 | roll 1.4s upd 11.2s
[brain] it 5459 [league 66%] R/ep 3.22 ent 2.26 kl 0.006 | hit/swing 27% dj/min 38.0 blk/min 7.3 abiHit 48 supHit 20 | target 7/14 | roll 1.5s upd 10.5s
[brain] it 5460 [league 68%] R/ep 6.50 ent 2.12 kl 0.008 | hit/swing 36% dj/min 36.2 blk/min 8.5 abiHit 40 supHit 34 | target 13/17 | roll 1.6s upd 11.8s
[brain] it 5461 [league 71%] R/ep 6.13 ent 2.27 kl 0.007 | hit/swing 32% dj/min 41.9 blk/min 6.4 abiHit 46 supHit 21 | target 12/16 | roll 1.6s upd 12.8s
[brain] it 5462 [league 70%] R/ep 4.82 ent 2.16 kl 0.005 | hit/swing 25% dj/min 35.7 blk/min 7.9 abiHit 49 supHit 30 | target 12/18 | roll 1.6s upd 10.5s
[brain] it 5463 [league 65%] R/ep 1.23 ent 2.15 kl 0.005 | hit/swing 43% dj/min 41.0 blk/min 7.8 abiHit 34 supHit 20 | target 5/13 | roll 1.3s upd 9.2s
[brain] it 5464 [league 61%] R/ep 1.70 ent 2.09 kl 0.008 | hit/swing 36% dj/min 37.5 blk/min 6.8 abiHit 29 supHit 20 | target 6/14 | roll 1.4s upd 10.0s
[brain] it 5465 [league 61%] R/ep 6.84 ent 2.17 kl 0.007 | hit/swing 40% dj/min 39.0 blk/min 8.1 abiHit 41 supHit 17 | target 9/14 | roll 1.5s upd 9.8s
[brain] it 5466 [league 60%] R/ep 2.16 ent 2.33 kl 0.007 | hit/swing 35% dj/min 40.8 blk/min 6.7 abiHit 34 supHit 17 | target 8/14 | roll 1.4s upd 9.8s
[brain] it 5467 [league 54%] R/ep -0.96 ent 2.26 kl 0.006 | hit/swing 32% dj/min 42.0 blk/min 6.2 abiHit 30 supHit 13 | target 5/14 | roll 1.4s upd 9.7s
[brain] it 5468 [league 56%] R/ep 7.01 ent 2.12 kl 0.009 | hit/swing 32% dj/min 38.1 blk/min 7.1 abiHit 40 supHit 22 | target 12/17 | roll 1.4s upd 9.8s
[brain] it 5469 [league 53%] R/ep 2.92 ent 2.07 kl 0.008 | hit/swing 29% dj/min 36.9 blk/min 8.7 abiHit 49 supHit 30 | target 8/16 | roll 1.4s upd 9.8s
[brain] it 5470 [league 54%] R/ep 2.35 ent 2.16 kl 0.009 | hit/swing 31% dj/min 38.5 blk/min 6.2 abiHit 29 supHit 20 | target 8/15 | roll 1.4s upd 9.9s
[brain] it 5471 [league 51%] R/ep 0.36 ent 2.11 kl 0.008 | hit/swing 32% dj/min 38.8 blk/min 7.4 abiHit 33 supHit 10 | target 5/14 | roll 1.5s upd 10.3s
[brain] it 5472 [league 54%] R/ep 3.95 ent 2.06 kl 0.007 | hit/swing 37% dj/min 37.4 blk/min 9.1 abiHit 48 supHit 25 | target 9/15 | roll 1.4s upd 10.3s
[brain] it 5473 [league 57%] R/ep 7.42 ent 2.03 kl 0.008 | hit/swing 43% dj/min 34.5 blk/min 7.6 abiHit 48 supHit 39 | target 13/18 | roll 1.4s upd 11.0s
[brain] it 5474 [league 58%] R/ep 7.49 ent 2.10 kl 0.008 | hit/swing 40% dj/min 38.9 blk/min 6.2 abiHit 50 supHit 25 | target 13/19 | roll 1.6s upd 10.2s
[brain] it 5475 [league 59%] R/ep 3.97 ent 2.14 kl 0.009 | hit/swing 32% dj/min 36.8 blk/min 10.1 abiHit 43 supHit 26 | target 11/18 | roll 1.5s upd 8.9s
[brain] it 5476 [league 64%] R/ep 8.64 ent 2.15 kl 0.007 | hit/swing 36% dj/min 36.4 blk/min 8.1 abiHit 60 supHit 27 | target 13/17 | roll 1.4s upd 10.0s
[brain] it 5477 [league 67%] R/ep 2.70 ent 2.27 kl 0.007 | hit/swing 31% dj/min 39.2 blk/min 6.6 abiHit 35 supHit 13 | target 8/13 | roll 1.4s upd 10.4s
[brain] it 5478 [league 65%] R/ep 2.43 ent 2.32 kl 0.009 | hit/swing 29% dj/min 41.2 blk/min 5.7 abiHit 37 supHit 20 | target 7/14 | roll 1.6s upd 11.0s
[brain] it 5479 [league 67%] R/ep 7.44 ent 2.09 kl 0.008 | hit/swing 41% dj/min 38.2 blk/min 8.4 abiHit 38 supHit 19 | target 13/17 | roll 1.4s upd 8.8s
[brain] it 5480 [league 65%] R/ep 4.70 ent 2.24 kl 0.007 | hit/swing 29% dj/min 40.0 blk/min 7.2 abiHit 27 supHit 13 | target 7/12 | roll 1.4s upd 10.1s
[brain] it 5481 [league 64%] R/ep 5.08 ent 2.20 kl 0.007 | hit/swing 34% dj/min 38.6 blk/min 6.7 abiHit 51 supHit 20 | target 9/15 | roll 1.4s upd 10.2s
[brain] it 5482 [league 64%] R/ep 4.95 ent 2.07 kl 0.007 | hit/swing 33% dj/min 35.6 blk/min 7.3 abiHit 71 supHit 27 | target 9/14 | roll 1.4s upd 10.3s
[brain] it 5483 [league 63%] R/ep 6.71 ent 2.13 kl 0.008 | hit/swing 30% dj/min 37.3 blk/min 8.8 abiHit 45 supHit 26 | target 10/15 | roll 1.5s upd 10.6s
[brain] it 5484 [league 61%] R/ep 5.17 ent 2.21 kl 0.008 | hit/swing 31% dj/min 36.5 blk/min 7.8 abiHit 43 supHit 16 | target 8/15 | roll 1.6s upd 11.7s
[brain] it 5485 [league 67%] R/ep 5.99 ent 2.24 kl 0.006 | hit/swing 30% dj/min 39.9 blk/min 6.3 abiHit 31 supHit 18 | target 12/16 | roll 1.5s upd 10.6s
[brain] it 5486 [league 61%] R/ep 2.90 ent 2.37 kl 0.008 | hit/swing 33% dj/min 38.7 blk/min 7.9 abiHit 25 supHit 16 | target 6/14 | roll 1.5s upd 11.8s
[brain] it 5487 [league 60%] R/ep 2.57 ent 2.25 kl 0.006 | hit/swing 21% dj/min 37.1 blk/min 8.4 abiHit 48 supHit 14 | target 8/14 | roll 1.4s upd 10.2s
[brain] it 5488 [league 63%] R/ep 7.95 ent 2.13 kl 0.007 | hit/swing 34% dj/min 38.6 blk/min 7.2 abiHit 37 supHit 17 | target 11/14 | roll 1.3s upd 10.3s
[brain] it 5489 [league 66%] R/ep 11.00 ent 2.04 kl 0.007 | hit/swing 37% dj/min 36.6 blk/min 7.3 abiHit 56 supHit 25 | target 13/16 | roll 1.5s upd 11.5s
[brain] it 5490 [league 66%] R/ep 1.84 ent 2.18 kl 0.008 | hit/swing 28% dj/min 37.2 blk/min 7.8 abiHit 40 supHit 24 | target 10/16 | roll 1.5s upd 10.1s
[brain] it 5491 [league 64%] R/ep 1.22 ent 2.17 kl 0.010 | hit/swing 23% dj/min 39.0 blk/min 7.6 abiHit 39 supHit 18 | target 6/13 | roll 1.3s upd 10.2s
[brain] it 5492 [league 65%] R/ep 8.46 ent 2.18 kl 0.008 | hit/swing 33% dj/min 38.7 blk/min 7.7 abiHit 38 supHit 20 | target 12/15 | roll 1.5s upd 10.5s
[brain] it 5493 [league 66%] R/ep 2.92 ent 2.09 kl 0.008 | hit/swing 40% dj/min 34.8 blk/min 8.7 abiHit 36 supHit 20 | target 8/16 | roll 1.5s upd 10.5s
[brain] it 5494 [league 66%] R/ep 5.80 ent 2.03 kl 0.007 | hit/swing 39% dj/min 34.5 blk/min 7.7 abiHit 48 supHit 30 | target 13/19 | roll 1.4s upd 10.5s
[brain] it 5495 [league 63%] R/ep 4.72 ent 2.15 kl 0.009 | hit/swing 30% dj/min 39.3 blk/min 6.5 abiHit 42 supHit 29 | target 10/17 | roll 1.7s upd 11.9s
[brain] it 5496 [league 61%] R/ep 3.91 ent 2.16 kl 0.007 | hit/swing 35% dj/min 37.0 blk/min 7.5 abiHit 31 supHit 25 | target 10/16 | roll 1.5s upd 11.7s
[brain] it 5497 [league 62%] R/ep 4.13 ent 2.13 kl 0.007 | hit/swing 37% dj/min 37.1 blk/min 7.6 abiHit 33 supHit 21 | target 7/13 | roll 1.7s upd 11.0s
[brain] it 5498 [league 59%] R/ep 2.60 ent 2.20 kl 0.008 | hit/swing 31% dj/min 37.5 blk/min 8.5 abiHit 30 supHit 23 | target 9/16 | roll 1.4s upd 12.0s
[brain] it 5499 [league 66%] R/ep 11.04 ent 1.98 kl 0.006 | hit/swing 38% dj/min 36.1 blk/min 7.5 abiHit 60 supHit 27 | target 17/18 | roll 1.7s upd 11.3s
[brain] it 5500 [league 67%] R/ep 8.76 ent 2.10 kl 0.007 | hit/swing 38% dj/min 34.6 blk/min 8.2 abiHit 50 supHit 27 | target 12/15 | roll 1.7s upd 11.0s
[brain] it 5501 [league 68%] R/ep 4.89 ent 2.13 kl 0.007 | hit/swing 30% dj/min 38.5 blk/min 7.0 abiHit 37 supHit 20 | target 9/14 | roll 1.5s upd 10.8s
[brain] it 5502 [league 71%] R/ep 7.86 ent 2.07 kl 0.008 | hit/swing 31% dj/min 36.5 blk/min 6.2 abiHit 60 supHit 18 | target 12/15 | roll 1.4s upd 10.5s
[brain] it 5503 [league 71%] R/ep 7.13 ent 2.21 kl 0.008 | hit/swing 43% dj/min 38.7 blk/min 8.7 abiHit 42 supHit 21 | target 8/13 | roll 1.5s upd 10.7s
[brain] it 5504 [league 74%] R/ep 7.54 ent 2.12 kl 0.008 | hit/swing 35% dj/min 38.8 blk/min 7.3 abiHit 19 supHit 25 | target 11/17 | roll 1.5s upd 10.5s
[brain] it 5505 [league 77%] R/ep 8.93 ent 2.24 kl 0.006 | hit/swing 28% dj/min 42.0 blk/min 6.6 abiHit 50 supHit 23 | target 11/12 | roll 1.5s upd 10.6s
[brain] it 5506 [league 74%] R/ep 8.90 ent 1.99 kl 0.007 | hit/swing 41% dj/min 34.1 blk/min 7.9 abiHit 51 supHit 28 | target 12/16 | roll 1.4s upd 10.6s
[brain] it 5507 [league 70%] R/ep 5.09 ent 2.19 kl 0.009 | hit/swing 27% dj/min 40.7 blk/min 7.1 abiHit 28 supHit 19 | target 8/14 | roll 1.6s upd 11.6s
[brain] it 5508 [league 68%] R/ep 1.50 ent 2.22 kl 0.010 | hit/swing 23% dj/min 40.0 blk/min 7.2 abiHit 54 supHit 11 | target 6/13 | roll 1.6s upd 12.4s
[brain] it 5509 [league 68%] R/ep 5.26 ent 2.14 kl 0.008 | hit/swing 27% dj/min 38.9 blk/min 7.2 abiHit 55 supHit 20 | target 12/16 | roll 1.7s upd 10.2s
[brain] it 5510 [league 67%] R/ep 1.45 ent 2.09 kl 0.009 | hit/swing 39% dj/min 37.3 blk/min 7.1 abiHit 38 supHit 21 | target 8/14 | roll 1.4s upd 9.8s
[brain] it 5511 [league 64%] R/ep 5.47 ent 2.04 kl 0.007 | hit/swing 37% dj/min 36.5 blk/min 7.8 abiHit 47 supHit 29 | target 12/20 | roll 1.4s upd 9.8s
[brain] it 5512 [league 63%] R/ep 5.86 ent 2.05 kl 0.007 | hit/swing 40% dj/min 37.6 blk/min 9.2 abiHit 25 supHit 26 | target 12/17 | roll 1.2s upd 8.6s
[brain] it 5513 [league 65%] R/ep 5.38 ent 2.05 kl 0.007 | hit/swing 36% dj/min 37.1 blk/min 7.5 abiHit 32 supHit 24 | target 12/17 | roll 1.4s upd 9.6s
[brain] it 5514 [league 68%] R/ep 9.32 ent 2.12 kl 0.006 | hit/swing 29% dj/min 36.8 blk/min 7.6 abiHit 53 supHit 23 | target 12/16 | roll 1.5s upd 9.6s
[brain] it 5515 [league 69%] R/ep 7.63 ent 2.14 kl 0.008 | hit/swing 34% dj/min 37.8 blk/min 6.6 abiHit 48 supHit 17 | target 10/13 | roll 1.3s upd 11.0s
[brain] it 5516 [league 69%] R/ep 6.36 ent 2.09 kl 0.007 | hit/swing 33% dj/min 36.3 blk/min 9.2 abiHit 46 supHit 21 | target 9/15 | roll 1.5s upd 13.0s
[brain] it 5517 [league 70%] R/ep 7.53 ent 2.18 kl 0.006 | hit/swing 18% dj/min 42.4 blk/min 5.2 abiHit 50 supHit 11 | target 9/13 | roll 1.7s upd 15.2s
[brain] it 5518 [league 67%] R/ep 5.90 ent 2.10 kl 0.010 | hit/swing 38% dj/min 36.3 blk/min 9.8 abiHit 28 supHit 23 | target 8/14 | roll 1.6s upd 10.2s
[brain] it 5519 [league 67%] R/ep 3.58 ent 2.21 kl 0.007 | hit/swing 25% dj/min 42.2 blk/min 6.3 abiHit 50 supHit 8 | target 8/15 | roll 1.7s upd 14.9s
[brain] it 5520 [league 66%] R/ep 9.20 ent 1.91 kl 0.007 | hit/swing 40% dj/min 33.2 blk/min 10.6 abiHit 44 supHit 40 | target 12/16 | roll 2.3s upd 10.2s
[brain] it 5521 [league 62%] R/ep 3.33 ent 2.13 kl 0.008 | hit/swing 25% dj/min 42.5 blk/min 6.3 abiHit 34 supHit 13 | target 8/17 | roll 1.3s upd 10.0s
[brain] it 5522 [league 60%] R/ep 7.38 ent 2.09 kl 0.008 | hit/swing 30% dj/min 37.1 blk/min 7.1 abiHit 38 supHit 19 | target 8/13 | roll 1.4s upd 10.0s
[brain] it 5523 [league 60%] R/ep 6.50 ent 2.12 kl 0.008 | hit/swing 33% dj/min 41.4 blk/min 6.8 abiHit 35 supHit 14 | target 9/15 | roll 1.4s upd 9.6s
[brain] it 5524 [league 67%] R/ep 11.67 ent 1.92 kl 0.006 | hit/swing 44% dj/min 34.5 blk/min 7.8 abiHit 50 supHit 37 | target 17/18 | roll 1.4s upd 10.4s
[brain] it 5525 [league 68%] R/ep 7.71 ent 2.02 kl 0.006 | hit/swing 37% dj/min 36.9 blk/min 8.9 abiHit 38 supHit 21 | target 11/14 | roll 1.5s upd 9.7s
[brain] it 5526 [league 68%] R/ep 5.38 ent 2.15 kl 0.007 | hit/swing 32% dj/min 37.9 blk/min 7.7 abiHit 36 supHit 19 | target 8/14 | roll 1.6s upd 15.6s
[brain] it 5527 [league 71%] R/ep 10.30 ent 2.00 kl 0.007 | hit/swing 35% dj/min 33.7 blk/min 9.3 abiHit 72 supHit 28 | target 13/16 | roll 1.8s upd 9.9s
[brain] it 5528 [league 73%] R/ep 8.00 ent 2.13 kl 0.008 | hit/swing 26% dj/min 40.9 blk/min 6.1 abiHit 52 supHit 16 | target 9/14 | roll 1.6s upd 11.0s
[brain] it 5529 [league 77%] R/ep 11.16 ent 2.07 kl 0.009 | hit/swing 33% dj/min 36.6 blk/min 8.4 abiHit 22 supHit 25 | target 14/16 | roll 1.4s upd 9.9s
[brain] it 5530 [league 75%] R/ep 7.66 ent 1.95 kl 0.007 | hit/swing 42% dj/min 34.6 blk/min 8.4 abiHit 46 supHit 30 | target 12/17 | roll 1.3s upd 9.6s
[brain] it 5531 [league 71%] R/ep 4.61 ent 2.07 kl 0.007 | hit/swing 42% dj/min 36.5 blk/min 8.8 abiHit 41 supHit 25 | target 11/18 | roll 1.5s upd 10.4s
[brain] it 5532 [league 72%] R/ep 5.11 ent 2.09 kl 0.007 | hit/swing 36% dj/min 39.6 blk/min 6.6 abiHit 46 supHit 26 | target 11/16 | roll 1.3s upd 9.3s
[brain] it 5533 [league 71%] R/ep 4.60 ent 2.16 kl 0.007 | hit/swing 34% dj/min 40.6 blk/min 6.6 abiHit 52 supHit 19 | target 10/15 | roll 1.5s upd 10.4s
[brain] it 5534 [league 73%] R/ep 8.98 ent 2.01 kl 0.007 | hit/swing 34% dj/min 35.1 blk/min 8.1 abiHit 48 supHit 31 | target 15/18 | roll 1.3s upd 9.3s
[brain] it 5535 [league 67%] R/ep 4.74 ent 2.06 kl 0.007 | hit/swing 29% dj/min 34.9 blk/min 7.2 abiHit 47 supHit 24 | target 10/18 | roll 1.3s upd 10.1s
[brain] it 5536 [league 65%] R/ep 3.56 ent 2.16 kl 0.007 | hit/swing 30% dj/min 38.1 blk/min 6.2 abiHit 37 supHit 8 | target 7/14 | roll 1.7s upd 11.3s
[brain] it 5537 [league 65%] R/ep 7.85 ent 1.99 kl 0.007 | hit/swing 40% dj/min 36.2 blk/min 8.4 abiHit 55 supHit 25 | target 10/15 | roll 1.3s upd 9.7s
[brain] it 5538 [league 64%] R/ep 5.36 ent 2.20 kl 0.007 | hit/swing 44% dj/min 38.1 blk/min 9.1 abiHit 29 supHit 14 | target 8/14 | roll 1.3s upd 9.2s
[brain] it 5539 [league 64%] R/ep 6.31 ent 2.08 kl 0.006 | hit/swing 27% dj/min 38.2 blk/min 6.8 abiHit 40 supHit 11 | target 8/13 | roll 1.4s upd 11.3s
[brain] it 5540 [league 59%] R/ep 4.84 ent 2.12 kl 0.009 | hit/swing 33% dj/min 35.9 blk/min 7.8 abiHit 47 supHit 23 | target 8/15 | roll 1.3s upd 10.0s
[brain] it 5541 [league 58%] R/ep 8.17 ent 2.13 kl 0.007 | hit/swing 33% dj/min 39.2 blk/min 6.1 abiHit 43 supHit 16 | target 10/14 | roll 1.3s upd 9.2s
[brain] it 5542 [league 59%] R/ep 4.31 ent 2.13 kl 0.008 | hit/swing 34% dj/min 39.4 blk/min 7.9 abiHit 37 supHit 18 | target 9/16 | roll 1.4s upd 10.3s
[brain] it 5543 [league 61%] R/ep 4.71 ent 2.02 kl 0.005 | hit/swing 29% dj/min 35.9 blk/min 7.8 abiHit 54 supHit 15 | target 9/16 | roll 1.5s upd 9.8s
[brain] it 5544 [league 60%] R/ep 7.50 ent 2.07 kl 0.005 | hit/swing 32% dj/min 37.6 blk/min 8.0 abiHit 55 supHit 14 | target 10/14 | roll 1.4s upd 9.3s
[brain] it 5545 [league 56%] R/ep -0.09 ent 2.23 kl 0.007 | hit/swing 27% dj/min 35.9 blk/min 8.6 abiHit 34 supHit 16 | target 4/14 | roll 1.3s upd 9.6s
[brain] it 5546 [league 58%] R/ep 7.70 ent 2.00 kl 0.006 | hit/swing 41% dj/min 37.6 blk/min 7.6 abiHit 42 supHit 28 | target 11/16 | roll 1.4s upd 9.1s
[brain] it 5547 [league 58%] R/ep 2.69 ent 2.14 kl 0.008 | hit/swing 20% dj/min 38.1 blk/min 8.1 abiHit 24 supHit 11 | target 7/13 | roll 1.3s upd 9.1s
[brain] it 5548 [league 59%] R/ep 8.52 ent 1.86 kl 0.009 | hit/swing 46% dj/min 31.4 blk/min 10.1 abiHit 41 supHit 30 | target 15/21 | roll 1.2s upd 9.4s
[brain] it 5549 [league 60%] R/ep 5.18 ent 2.19 kl 0.006 | hit/swing 30% dj/min 36.5 blk/min 7.2 abiHit 46 supHit 24 | target 11/17 | roll 1.4s upd 17.0s
[brain] it 5550 [league 61%] R/ep 7.21 ent 1.98 kl 0.007 | hit/swing 47% dj/min 32.9 blk/min 9.0 abiHit 51 supHit 23 | target 10/14 | roll 1.4s upd 9.6s
[brain] it 5551 [league 62%] R/ep 11.06 ent 2.37 kl 0.011 | hit/swing 39% dj/min 41.7 blk/min 8.2 abiHit 16 supHit 6 | target 4/5 | roll 6.3s upd 4.8s
[brain] it 5552 [league 64%] R/ep 7.60 ent 1.94 kl 0.008 | hit/swing 30% dj/min 34.0 blk/min 9.3 abiHit 16 supHit 10 | target 5/7 | roll 5.3s upd 7.4s
[brain] it 5553 [league 66%] R/ep 2.90 ent 2.22 kl 0.007 | hit/swing 27% dj/min 39.0 blk/min 6.2 abiHit 35 supHit 19 | target 8/15 | roll 2.1s upd 12.0s
[brain] it 5554 [league 70%] R/ep 7.98 ent 1.94 kl 0.008 | hit/swing 39% dj/min 33.7 blk/min 8.2 abiHit 45 supHit 27 | target 14/18 | roll 1.5s upd 12.4s
[brain] it 5555 [league 69%] R/ep 7.98 ent 2.09 kl 0.007 | hit/swing 30% dj/min 33.9 blk/min 6.8 abiHit 34 supHit 23 | target 10/13 | roll 1.6s upd 10.5s
[brain] it 5556 [league 70%] R/ep 7.18 ent 2.03 kl 0.006 | hit/swing 32% dj/min 34.0 blk/min 5.6 abiHit 35 supHit 20 | target 11/15 | roll 1.5s upd 10.7s
[brain] it 5557 [league 73%] R/ep 5.08 ent 2.28 kl 0.007 | hit/swing 31% dj/min 38.9 blk/min 6.6 abiHit 29 supHit 19 | target 12/17 | roll 1.8s upd 15.4s
[brain] it 5558 [league 69%] R/ep 5.46 ent 2.02 kl 0.006 | hit/swing 34% dj/min 34.6 blk/min 7.8 abiHit 37 supHit 25 | target 9/15 | roll 2.2s upd 15.7s
[brain] it 5559 [league 70%] R/ep 6.18 ent 2.05 kl 0.010 | hit/swing 42% dj/min 33.9 blk/min 9.3 abiHit 26 supHit 22 | target 11/17 | roll 1.6s upd 13.6s
[brain] it 5560 [league 67%] R/ep 3.43 ent 2.07 kl 0.007 | hit/swing 29% dj/min 35.0 blk/min 8.1 abiHit 33 supHit 19 | target 9/16 | roll 1.6s upd 11.9s
[brain] it 5561 [league 67%] R/ep 7.87 ent 1.95 kl 0.006 | hit/swing 36% dj/min 34.8 blk/min 8.0 abiHit 50 supHit 19 | target 9/13 | roll 1.6s upd 13.3s
[brain] it 5562 [league 64%] R/ep 3.91 ent 2.28 kl 0.006 | hit/swing 35% dj/min 39.9 blk/min 5.0 abiHit 28 supHit 14 | target 8/13 | roll 1.4s upd 13.2s
[brain] it 5563 [league 63%] R/ep 2.96 ent 2.17 kl 0.007 | hit/swing 33% dj/min 37.6 blk/min 5.6 abiHit 36 supHit 17 | target 9/14 | roll 1.7s upd 13.3s
[brain] it 5564 [league 61%] R/ep 6.44 ent 2.03 kl 0.009 | hit/swing 47% dj/min 35.7 blk/min 8.4 abiHit 40 supHit 20 | target 8/15 | roll 1.7s upd 13.5s
[brain] it 5565 [league 65%] R/ep 8.08 ent 2.01 kl 0.009 | hit/swing 30% dj/min 36.3 blk/min 8.4 abiHit 52 supHit 24 | target 13/16 | roll 1.7s upd 26.4s
[brain] it 5566 [league 67%] R/ep 5.73 ent 2.11 kl 0.008 | hit/swing 34% dj/min 35.1 blk/min 8.6 abiHit 41 supHit 23 | target 12/16 | roll 1.7s upd 13.3s
[brain] it 5567 [league 70%] R/ep 10.31 ent 1.95 kl 0.006 | hit/swing 40% dj/min 34.0 blk/min 10.2 abiHit 50 supHit 23 | target 13/15 | roll 1.9s upd 15.3s
[brain] it 5568 [league 72%] R/ep 8.73 ent 2.12 kl 0.007 | hit/swing 28% dj/min 37.7 blk/min 6.7 abiHit 36 supHit 16 | target 10/13 | roll 1.7s upd 13.2s
[brain] it 5569 [league 71%] R/ep 6.16 ent 2.05 kl 0.008 | hit/swing 30% dj/min 36.9 blk/min 9.0 abiHit 47 supHit 21 | target 12/18 | roll 2.0s upd 15.0s
[brain] it 5570 [league 74%] R/ep 5.34 ent 2.06 kl 0.009 | hit/swing 34% dj/min 38.7 blk/min 7.5 abiHit 26 supHit 25 | target 10/15 | roll 1.7s upd 13.5s
[brain] it 5571 [league 71%] R/ep 3.15 ent 2.12 kl 0.006 | hit/swing 27% dj/min 38.6 blk/min 8.5 abiHit 38 supHit 18 | target 10/16 | roll 1.9s upd 15.4s
[brain] it 5572 [league 75%] R/ep 11.06 ent 2.01 kl 0.007 | hit/swing 37% dj/min 34.8 blk/min 7.0 abiHit 37 supHit 19 | target 12/14 | roll 1.8s upd 13.1s
[brain] it 5573 [league 73%] R/ep 7.62 ent 2.15 kl 0.007 | hit/swing 38% dj/min 38.5 blk/min 6.0 abiHit 50 supHit 20 | target 12/16 | roll 2.0s upd 13.5s
[brain] it 5574 [league 70%] R/ep 6.89 ent 2.15 kl 0.006 | hit/swing 40% dj/min 37.0 blk/min 8.7 abiHit 34 supHit 16 | target 8/12 | roll 2.0s upd 16.2s
[brain] it 5575 [league 70%] R/ep 7.98 ent 2.04 kl 0.007 | hit/swing 31% dj/min 35.9 blk/min 8.0 abiHit 45 supHit 36 | target 13/17 | roll 2.3s upd 16.5s
[brain] it 5576 [league 72%] R/ep 5.58 ent 2.04 kl 0.006 | hit/swing 36% dj/min 34.0 blk/min 10.3 abiHit 52 supHit 20 | target 11/18 | roll 2.4s upd 15.6s
[brain] it 5577 [league 67%] R/ep 2.58 ent 2.14 kl 0.007 | hit/swing 28% dj/min 36.0 blk/min 7.5 abiHit 31 supHit 17 | target 8/15 | roll 2.3s upd 14.9s
[brain] it 5578 [league 68%] R/ep 8.26 ent 1.98 kl 0.006 | hit/swing 38% dj/min 35.2 blk/min 9.9 abiHit 46 supHit 39 | target 12/18 | roll 1.9s upd 14.8s
[brain] it 5579 [league 65%] R/ep 6.26 ent 1.99 kl 0.011 | hit/swing 41% dj/min 34.6 blk/min 7.6 abiHit 69 supHit 30 | target 12/18 | roll 2.2s upd 48.2s
[brain] it 5580 [league 66%] R/ep 8.86 ent 1.97 kl 0.008 | hit/swing 53% dj/min 33.3 blk/min 10.6 abiHit 49 supHit 26 | target 12/16 | roll 2.2s upd 16.7s
[brain] it 5581 [league 66%] R/ep 7.23 ent 2.07 kl 0.007 | hit/swing 35% dj/min 36.4 blk/min 8.1 abiHit 50 supHit 22 | target 11/15 | roll 2.1s upd 23.3s
[brain] it 5582 [league 67%] R/ep 6.80 ent 1.91 kl 0.009 | hit/swing 38% dj/min 32.2 blk/min 8.9 abiHit 52 supHit 29 | target 12/17 | roll 2.6s upd 16.5s
[brain] it 5583 [league 70%] R/ep 7.13 ent 2.18 kl 0.007 | hit/swing 28% dj/min 38.3 blk/min 6.5 abiHit 43 supHit 23 | target 10/15 | roll 2.1s upd 15.3s
[brain] it 5584 [league 67%] R/ep 4.05 ent 2.18 kl 0.008 | hit/swing 29% dj/min 36.3 blk/min 6.9 abiHit 31 supHit 23 | target 8/16 | roll 1.9s upd 15.0s
[brain] it 5585 [league 72%] R/ep 11.57 ent 2.05 kl 0.005 | hit/swing 43% dj/min 38.6 blk/min 8.8 abiHit 46 supHit 20 | target 13/15 | roll 1.7s upd 16.7s
[brain] it 5586 [league 70%] R/ep 8.47 ent 2.04 kl 0.006 | hit/swing 35% dj/min 34.4 blk/min 8.1 abiHit 47 supHit 30 | target 12/16 | roll 2.2s upd 17.1s
[brain] it 5587 [league 70%] R/ep 8.94 ent 2.34 kl 0.007 | hit/swing 32% dj/min 41.4 blk/min 5.1 abiHit 28 supHit 14 | target 10/13 | roll 2.2s upd 55.9s
[brain] it 5588 [league 67%] R/ep 4.26 ent 2.06 kl 0.010 | hit/swing 37% dj/min 37.5 blk/min 9.5 abiHit 28 supHit 24 | target 10/20 | roll 5.2s upd 20.8s
[brain] it 5589 [league 64%] R/ep 5.94 ent 2.11 kl 0.007 | hit/swing 40% dj/min 34.5 blk/min 8.1 abiHit 33 supHit 22 | target 10/16 | roll 2.2s upd 16.6s
[brain] it 5590 [league 69%] R/ep 7.18 ent 2.08 kl 0.008 | hit/swing 39% dj/min 36.4 blk/min 9.1 abiHit 31 supHit 22 | target 13/18 | roll 2.0s upd 17.2s
[brain] it 5591 [league 68%] R/ep 9.16 ent 2.00 kl 0.007 | hit/swing 39% dj/min 36.0 blk/min 8.4 abiHit 61 supHit 29 | target 14/18 | roll 2.3s upd 15.7s
[brain] it 5592 [league 66%] R/ep 5.33 ent 2.02 kl 0.007 | hit/swing 42% dj/min 33.9 blk/min 7.4 abiHit 40 supHit 17 | target 9/15 | roll 2.2s upd 17.3s
[brain] it 5593 [league 59%] R/ep 3.82 ent 2.01 kl 0.008 | hit/swing 34% dj/min 34.3 blk/min 10.1 abiHit 46 supHit 27 | target 7/17 | roll 2.6s upd 19.5s
[brain] it 5594 [league 66%] R/ep 8.28 ent 2.03 kl 0.006 | hit/swing 34% dj/min 36.9 blk/min 6.2 abiHit 34 supHit 29 | target 13/17 | roll 2.3s upd 16.8s
[brain] it 5595 [league 68%] R/ep 8.02 ent 2.12 kl 0.008 | hit/swing 30% dj/min 38.2 blk/min 8.4 abiHit 50 supHit 20 | target 11/14 | roll 2.2s upd 18.0s
[brain] it 5596 [league 65%] R/ep 5.87 ent 2.20 kl 0.009 | hit/swing 24% dj/min 39.2 blk/min 8.0 abiHit 40 supHit 11 | target 10/16 | roll 2.3s upd 18.1s
[brain] it 5597 [league 67%] R/ep 10.44 ent 1.96 kl 0.005 | hit/swing 50% dj/min 36.0 blk/min 9.0 abiHit 48 supHit 24 | target 13/16 | roll 2.2s upd 17.5s
[brain] it 5598 [league 66%] R/ep 5.97 ent 2.07 kl 0.009 | hit/swing 46% dj/min 36.5 blk/min 8.9 abiHit 27 supHit 24 | target 9/15 | roll 2.2s upd 18.8s
[brain] it 5599 [league 66%] R/ep 3.60 ent 2.10 kl 0.007 | hit/swing 30% dj/min 35.2 blk/min 9.9 abiHit 47 supHit 16 | target 7/16 | roll 3.2s upd 20.8s
[brain] it 5600 [league 61%] R/ep 2.34 ent 1.98 kl 0.006 | hit/swing 25% dj/min 35.8 blk/min 9.5 abiHit 52 supHit 15 | target 6/15 | roll 2.4s upd 21.4s
[brain] it 5601 [league 59%] R/ep 0.97 ent 2.23 kl 0.007 | hit/swing 29% dj/min 40.2 blk/min 7.1 abiHit 21 supHit 8 | target 5/10 | roll 2.2s upd 18.6s
[brain] it 5602 [league 60%] R/ep 7.08 ent 2.16 kl 0.005 | hit/swing 28% dj/min 41.0 blk/min 7.5 abiHit 49 supHit 17 | target 11/15 | roll 2.3s upd 15.9s
[brain] it 5603 [league 56%] R/ep 1.39 ent 2.19 kl 0.008 | hit/swing 25% dj/min 40.7 blk/min 7.4 abiHit 32 supHit 12 | target 7/16 | roll 2.1s upd 50.9s
[brain] it 5604 [league 53%] R/ep 5.38 ent 2.02 kl 0.005 | hit/swing 37% dj/min 34.6 blk/min 10.3 abiHit 58 supHit 27 | target 10/18 | roll 2.8s upd 24.8s
[brain] it 5605 [league 51%] R/ep 4.34 ent 1.99 kl 0.008 | hit/swing 37% dj/min 36.3 blk/min 10.9 abiHit 40 supHit 25 | target 8/17 | roll 3.0s upd 42.9s
[brain] it 5606 [league 59%] R/ep 9.13 ent 1.92 kl 0.008 | hit/swing 41% dj/min 33.7 blk/min 10.0 abiHit 54 supHit 34 | target 15/18 | roll 3.0s upd 48.5s
[brain] it 5607 [league 60%] R/ep 6.01 ent 2.01 kl 0.007 | hit/swing 29% dj/min 36.9 blk/min 6.5 abiHit 35 supHit 26 | target 9/16 | roll 4.0s upd 216.4s
[brain] worker 0 failed (Attempted to use detached Frame 'B57F1C4CCA75A1A3E27331625C6F7DEB'.); relaunching
[brain] worker 1 failed (Attempted to use detached Frame '5B5C0E8D9632BEB51149999F3B487B7D'.); relaunching
[brain] worker 1 relaunch failed: Navigation timeout of 90000 ms exceeded
[brain] worker 0 relaunch failed: Navigation timeout of 90000 ms exceeded
[brain] no worker returned data this iteration
[brain] it 5608 [league 59%] R/ep 6.32 ent 2.02 kl 0.009 | hit/swing 36% dj/min 34.4 blk/min 8.4 abiHit 44 supHit 26 | target 11/16 | roll 3.2s upd 5008.9s
[brain] stopped at iteration 5608; saved to data/brain-hunter/
