[brain] server :8120, launching 3 workers
[brain] resumed at iteration 4834, stage league
[brain] it 4835 [league 67%] R/ep 9.66 ent 2.19 kl 0.008 | hit/swing 57% dj/min 33.1 blk/min 0.2 abiHit 41 supHit 77 | rushdown 0/1 idle 3/3 turtle 1/1 sovereign 6/8 hard x3 0/1 self 1/4 sov fast 4/6 zoner 1/1 expert 2/2 easy 3/3 expert x2 2/2 medium 2/2 human 1/1 summoner 1/1 switcher 1/1 | roll 1.9s upd 20.7s
[brain] it 4836 [league 69%] R/ep 12.64 ent 2.03 kl 0.008 | hit/swing 62% dj/min 26.2 blk/min 0.1 abiHit 60 supHit 93 | self 7/7 expert 6/6 sovereign 5/7 sov fast 4/4 medium 2/2 zoner 2/2 hard 5/5 switcher 2/2 summoner 3/3 counter 0/1 turtle 3/3 easy 1/1 expert x2 1/1 | roll 2.2s upd 32.8s
[brain] it 4837 [league 68%] R/ep 9.77 ent 2.20 kl 0.006 | hit/swing 51% dj/min 31.9 blk/min 0.2 abiHit 73 supHit 91 | self 6/9 expert x2 1/1 sovereign 2/4 sov fast 5/6 zoner 1/1 aerial 3/3 summoner 2/3 hard x3 0/2 expert 3/3 switcher 1/1 idle 1/1 hard 2/2 counter 1/1 easy 1/1 | roll 2.8s upd 35.7s
[brain] it 4838 [league 67%] R/ep 11.06 ent 2.08 kl 0.006 | hit/swing 55% dj/min 27.5 blk/min 0.0 abiHit 72 supHit 83 | self 8/9 sov fast 2/3 sovereign 6/8 summoner 1/1 medium 3/3 expert x2 1/2 hard 2/2 aerial 1/1 easy 2/2 expert 3/3 zoner 2/2 idle 2/2 counter 1/1 switcher 1/1 human 1/1 rushdown 1/1 | roll 3.1s upd 21.8s
[brain] it 4839 [league 67%] R/ep 12.34 ent 2.07 kl 0.009 | hit/swing 57% dj/min 27.6 blk/min 0.3 abiHit 45 supHit 70 | sovereign 3/5 self 3/3 aerial 1/1 sov fast 6/9 expert x2 2/2 medium 3/3 idle 3/3 switcher 1/1 turtle 1/1 summoner 1/1 expert 2/2 human 2/2 hard x3 1/1 hard 1/1 | roll 1.3s upd 17.2s
[brain] it 4840 [league 65%] R/ep 10.11 ent 2.15 kl 0.007 | hit/swing 52% dj/min 32.1 blk/min 0.2 abiHit 45 supHit 85 | self 6/7 expert 6/6 sovereign 3/6 sov fast 6/11 hard x3 1/1 switcher 1/1 turtle 1/1 human 1/1 expert x2 2/2 hard 1/1 zoner 1/1 easy 1/1 counter 1/1 | roll 1.4s upd 15.2s
[brain] it 4841 [league 66%] R/ep 12.29 ent 2.12 kl 0.008 | hit/swing 61% dj/min 32.0 blk/min 0.3 abiHit 81 supHit 92 | hard x3 2/3 self 2/4 expert x2 1/1 expert 3/3 sovereign 9/9 easy 2/2 idle 2/2 human 2/2 aerial 1/1 summoner 1/1 medium 2/2 sov fast 3/6 zoner 1/1 counter 2/2 rushdown 1/1 | roll 1.6s upd 18.8s
[brain] it 4842 [league 68%] R/ep 12.02 ent 2.08 kl 0.007 | hit/swing 61% dj/min 32.8 blk/min 0.6 abiHit 44 supHit 103 | turtle 1/1 sovereign 9/9 idle 3/3 self 3/5 hard 1/1 summoner 1/1 rushdown 4/4 hard x3 1/2 aerial 3/3 zoner 2/2 sov fast 4/6 human 1/1 expert x2 1/1 expert 1/1 | roll 1.3s upd 15.5s
[brain] it 4843 [league 67%] R/ep 7.03 ent 2.20 kl 0.008 | hit/swing 58% dj/min 32.8 blk/min 0.2 abiHit 44 supHit 75 | idle 2/2 self 5/10 sov fast 5/7 sovereign 3/6 zoner 1/1 expert x2 4/4 medium 2/2 expert 1/1 hard 1/1 counter 1/1 switcher 0/1 easy 1/1 hard x3 0/1 human 1/1 | roll 1.4s upd 14.3s
[brain] it 4844 [league 67%] R/ep 8.02 ent 2.27 kl 0.007 | hit/swing 44% dj/min 37.8 blk/min 0.1 abiHit 62 supHit 54 | sov fast 6/8 self 4/8 rushdown 1/1 idle 3/3 human 2/2 sovereign 2/3 hard x3 0/1 turtle 2/2 hard 2/2 expert 1/1 aerial 0/1 easy 2/2 | roll 1.5s upd 17.5s
[brain] it 4845 [league 68%] R/ep 11.00 ent 2.20 kl 0.009 | hit/swing 48% dj/min 38.5 blk/min 0.2 abiHit 44 supHit 80 | self 4/7 summoner 3/3 easy 3/3 hard 2/2 sov fast 6/7 sovereign 2/4 rushdown 2/2 expert x2 2/2 counter 0/1 zoner 1/1 medium 1/1 expert 2/2 | roll 1.3s upd 15.8s
[brain] it 4846 [league 69%] R/ep 13.10 ent 2.16 kl 0.008 | hit/swing 47% dj/min 31.6 blk/min 0.0 abiHit 67 supHit 77 | summoner 1/1 zoner 1/1 self 4/5 expert 4/4 sov fast 2/4 idle 2/2 medium 3/3 sovereign 2/3 turtle 1/1 rushdown 2/2 human 1/1 switcher 2/2 expert x2 1/1 hard x3 0/1 counter 1/1 aerial 1/1 hard 1/1 | roll 1.3s upd 16.1s
[brain] it 4847 [league 67%] R/ep 9.34 ent 2.05 kl 0.009 | hit/swing 59% dj/min 30.2 blk/min 0.1 abiHit 32 supHit 109 | self 10/13 sov fast 5/8 idle 5/5 summoner 2/2 sovereign 4/8 expert 5/5 medium 1/1 rushdown 2/2 switcher 1/1 hard 1/1 easy 2/2 expert x2 1/1 | roll 1.5s upd 17.3s
[brain] it 4848 [league 68%] R/ep 10.07 ent 2.11 kl 0.007 | hit/swing 60% dj/min 28.7 blk/min 0.0 abiHit 34 supHit 86 | sov fast 4/7 sovereign 1/2 self 3/7 hard 4/4 medium 2/2 idle 4/4 expert 3/3 zoner 1/1 summoner 1/1 turtle 2/3 aerial 2/2 hard x3 1/1 easy 1/1 | roll 1.4s upd 18.2s
[brain] it 4849 [league 66%] R/ep 9.47 ent 2.22 kl 0.009 | hit/swing 53% dj/min 32.2 blk/min 0.1 abiHit 43 supHit 53 | counter 1/1 medium 4/4 self 2/3 sov fast 3/5 expert 2/2 idle 4/4 switcher 1/1 turtle 0/2 sovereign 1/3 easy 1/1 expert x2 1/1 rushdown 0/1 hard x3 1/1 hard 1/1 | roll 1.4s upd 18.5s
[brain] it 4850 [league 67%] R/ep 9.73 ent 2.11 kl 0.008 | hit/swing 58% dj/min 32.1 blk/min 0.1 abiHit 36 supHit 86 | easy 1/1 sovereign 7/10 expert 6/6 sov fast 3/5 hard 3/3 rushdown 2/2 summoner 2/2 counter 2/2 self 2/5 hard x3 0/1 switcher 1/1 idle 2/2 zoner 1/1 medium 1/1 | roll 1.4s upd 18.3s
[brain] it 4851 [league 68%] R/ep 6.75 ent 2.17 kl 0.009 | hit/swing 58% dj/min 31.6 blk/min 0.1 abiHit 51 supHit 61 | counter 3/4 expert 5/5 zoner 1/1 sovereign 3/4 idle 1/1 medium 2/2 self 1/4 rushdown 1/1 switcher 2/2 sov fast 2/7 expert x2 1/1 hard x3 0/1 human 1/1 summoner 1/1 | roll 1.5s upd 17.8s
[brain] it 4852 [league 69%] R/ep 8.87 ent 2.13 kl 0.007 | hit/swing 56% dj/min 32.9 blk/min 0.0 abiHit 38 supHit 72 | sov fast 9/11 sovereign 4/5 self 3/6 idle 4/4 turtle 1/3 zoner 2/2 expert 2/2 easy 3/3 switcher 1/1 hard 1/1 medium 2/2 hard x3 1/1 | roll 1.5s upd 16.3s
[brain] it 4853 [league 68%] R/ep 11.71 ent 2.08 kl 0.008 | hit/swing 48% dj/min 31.1 blk/min 0.3 abiHit 91 supHit 98 | rushdown 1/1 sov fast 6/9 self 6/6 sovereign 2/4 expert 2/2 medium 5/5 easy 2/2 hard 2/2 hard x3 1/1 counter 3/3 expert x2 2/2 summoner 1/1 aerial 1/1 | roll 1.5s upd 17.1s
[brain] it 4854 [league 68%] R/ep 10.58 ent 2.14 kl 0.008 | hit/swing 60% dj/min 31.4 blk/min 0.2 abiHit 60 supHit 72 | sovereign 5/8 self 3/4 turtle 2/2 summoner 1/1 easy 1/1 sov fast 4/7 expert 4/4 human 2/2 counter 1/1 hard x3 2/2 medium 2/2 aerial 1/1 | roll 1.6s upd 20.8s
[brain] it 4855 [league 68%] R/ep 10.46 ent 2.13 kl 0.007 | hit/swing 46% dj/min 35.7 blk/min 0.2 abiHit 72 supHit 80 | sov fast 2/4 sovereign 4/7 switcher 2/2 self 3/6 easy 1/1 summoner 2/2 hard 1/1 human 1/2 idle 3/3 counter 1/1 zoner 1/1 hard x3 2/2 turtle 1/2 rushdown 2/2 expert 1/1 | roll 1.7s upd 20.5s
[brain] it 4856 [league 67%] R/ep 10.44 ent 2.25 kl 0.007 | hit/swing 48% dj/min 34.0 blk/min 0.0 abiHit 94 supHit 70 | sov fast 4/7 switcher 1/2 expert 4/4 hard x3 1/2 idle 2/2 self 2/4 summoner 2/2 expert x2 1/1 sovereign 2/3 medium 1/1 aerial 1/1 counter 0/1 hard 3/3 easy 2/2 zoner 1/1 | roll 1.5s upd 20.0s
[brain] it 4857 [league 67%] R/ep 11.36 ent 2.15 kl 0.007 | hit/swing 58% dj/min 35.8 blk/min 0.5 abiHit 32 supHit 67 | sovereign 3/3 self 2/8 expert 5/5 aerial 3/3 sov fast 0/1 rushdown 1/2 summoner 2/2 medium 1/1 hard x3 1/2 turtle 1/1 expert x2 2/2 hard 2/2 switcher 1/1 | roll 1.6s upd 19.4s
[brain] it 4858 [league 67%] R/ep 9.52 ent 2.19 kl 0.010 | hit/swing 60% dj/min 34.9 blk/min 0.2 abiHit 35 supHit 72 | switcher 0/1 self 2/5 aerial 1/1 zoner 1/1 turtle 2/2 sovereign 3/6 expert x2 2/3 rushdown 0/1 expert 4/4 sov fast 2/3 hard x3 0/2 idle 1/1 easy 2/2 counter 1/1 summoner 1/1 | roll 1.6s upd 20.1s
[brain] it 4859 [league 67%] R/ep 8.54 ent 2.14 kl 0.008 | hit/swing 58% dj/min 32.6 blk/min 0.4 abiHit 42 supHit 79 | easy 2/2 sovereign 4/6 sov fast 7/11 expert 5/5 hard x3 0/1 aerial 1/1 self 4/6 medium 1/1 counter 1/1 human 1/1 expert x2 1/1 idle 1/1 rushdown 0/1 summoner 2/2 | roll 1.7s upd 19.4s
[brain] it 4860 [league 63%] R/ep 9.49 ent 2.16 kl 0.009 | hit/swing 56% dj/min 34.7 blk/min 0.1 abiHit 29 supHit 77 | human 1/1 sov fast 3/5 hard 1/1 sovereign 4/8 expert 4/4 idle 2/2 turtle 2/2 hard x3 1/1 easy 1/1 medium 2/2 aerial 1/2 expert x2 1/1 self 2/4 counter 1/1 zoner 1/1 | roll 1.5s upd 20.1s
[brain] it 4861 [league 62%] R/ep 7.61 ent 2.18 kl 0.008 | hit/swing 53% dj/min 31.9 blk/min 0.1 abiHit 64 supHit 77 | sovereign 6/8 idle 3/3 sov fast 5/9 medium 4/4 self 4/7 expert 4/4 rushdown 2/2 summoner 4/4 hard 1/1 switcher 1/1 | roll 1.8s upd 21.6s
[brain] it 4862 [league 65%] R/ep 11.12 ent 2.06 kl 0.008 | hit/swing 70% dj/min 28.7 blk/min 0.0 abiHit 36 supHit 111 | sov fast 5/9 medium 1/1 sovereign 8/8 expert x2 2/2 expert 2/2 hard 4/4 turtle 2/2 counter 2/2 rushdown 1/1 idle 1/1 self 5/6 easy 2/2 human 0/1 switcher 1/1 summoner 1/1 | roll 1.6s upd 18.4s
[brain] it 4863 [league 66%] R/ep 11.22 ent 2.11 kl 0.008 | hit/swing 63% dj/min 27.8 blk/min 0.4 abiHit 59 supHit 72 | human 1/1 expert x2 1/2 self 3/4 sovereign 5/7 hard 3/3 zoner 1/1 expert 1/1 medium 1/1 idle 2/2 hard x3 1/1 sov fast 2/4 counter 1/1 easy 2/2 rushdown 2/2 summoner 1/1 aerial 0/1 | roll 1.4s upd 17.2s
[brain] it 4864 [league 68%] R/ep 9.56 ent 2.10 kl 0.008 | hit/swing 73% dj/min 30.5 blk/min 0.2 abiHit 34 supHit 80 | sov fast 3/6 medium 2/2 aerial 0/1 turtle 2/2 expert 2/2 idle 2/2 easy 2/2 sovereign 6/7 summoner 2/2 rushdown 2/2 hard 3/3 human 1/1 self 3/7 hard x3 1/1 | roll 1.5s upd 15.9s
[brain] it 4865 [league 69%] R/ep 8.28 ent 2.18 kl 0.008 | hit/swing 57% dj/min 34.6 blk/min 0.1 abiHit 36 supHit 77 | idle 4/4 self 1/5 sovereign 4/7 hard x3 0/1 expert 3/3 sov fast 4/6 zoner 1/1 human 0/1 switcher 1/1 summoner 4/4 easy 1/1 aerial 1/2 expert x2 2/2 turtle 1/1 | roll 1.3s upd 15.7s
[brain] it 4866 [league 67%] R/ep 10.97 ent 2.06 kl 0.008 | hit/swing 65% dj/min 32.1 blk/min 0.5 abiHit 49 supHit 118 | idle 2/2 summoner 5/5 turtle 1/1 medium 2/2 sovereign 5/10 self 3/6 zoner 1/1 human 1/1 easy 2/2 sov fast 2/4 expert x2 3/3 expert 3/3 rushdown 1/1 hard 2/2 counter 1/1 switcher 1/1 aerial 2/2 | roll 1.4s upd 15.7s
[brain] it 4867 [league 66%] R/ep 10.37 ent 2.11 kl 0.006 | hit/swing 60% dj/min 27.8 blk/min 0.1 abiHit 64 supHit 73 | easy 5/5 idle 2/2 self 3/6 sovereign 4/6 hard 2/2 expert 4/4 sov fast 1/3 counter 1/1 turtle 2/2 medium 3/3 aerial 1/1 human 1/1 | roll 1.3s upd 16.0s
[brain] it 4868 [league 64%] R/ep 8.98 ent 2.11 kl 0.007 | hit/swing 54% dj/min 34.7 blk/min 0.1 abiHit 48 supHit 78 | sov fast 2/4 sovereign 3/8 self 3/7 hard 3/3 medium 4/4 rushdown 2/3 zoner 3/3 human 2/2 expert 3/3 easy 1/1 summoner 2/2 hard x3 1/1 idle 1/1 | roll 1.4s upd 15.8s
[brain] it 4869 [league 63%] R/ep 8.76 ent 2.18 kl 0.008 | hit/swing 54% dj/min 34.4 blk/min 0.1 abiHit 33 supHit 88 | expert 1/1 sovereign 2/6 expert x2 2/4 sov fast 10/12 switcher 1/2 idle 2/2 self 2/4 hard 1/1 counter 1/1 aerial 1/1 turtle 1/1 human 1/1 | roll 1.4s upd 19.0s
[brain] it 4870 [league 65%] R/ep 12.40 ent 2.14 kl 0.007 | hit/swing 54% dj/min 32.8 blk/min 0.1 abiHit 69 supHit 79 | aerial 1/1 hard 2/2 self 3/4 expert x2 1/2 summoner 2/2 expert 4/4 medium 1/1 sovereign 5/6 counter 2/2 easy 2/2 idle 3/3 hard x3 1/2 turtle 2/2 | roll 1.4s upd 16.5s
[brain] it 4871 [league 65%] R/ep 13.25 ent 2.01 kl 0.010 | hit/swing 72% dj/min 30.3 blk/min 0.2 abiHit 34 supHit 117 | expert 10/10 zoner 3/3 summoner 2/2 medium 3/3 switcher 1/1 hard x3 2/2 sov fast 8/9 sovereign 6/8 easy 1/1 aerial 1/1 counter 1/1 self 2/6 idle 1/1 rushdown 1/1 expert x2 1/1 hard 1/1 turtle 1/1 | roll 1.6s upd 17.5s
[brain] it 4872 [league 65%] R/ep 7.48 ent 2.11 kl 0.010 | hit/swing 64% dj/min 32.2 blk/min 0.3 abiHit 32 supHit 94 | self 6/12 sovereign 4/6 idle 4/4 expert x2 1/3 expert 2/2 easy 3/3 switcher 1/1 summoner 1/2 rushdown 1/1 sov fast 4/6 hard x3 1/1 aerial 1/1 | roll 1.6s upd 19.2s
[brain] it 4873 [league 66%] R/ep 11.62 ent 2.17 kl 0.009 | hit/swing 59% dj/min 35.1 blk/min 0.3 abiHit 18 supHit 88 | sovereign 3/3 expert x2 4/5 aerial 1/1 counter 1/1 sov fast 4/6 self 3/8 turtle 2/2 zoner 1/1 expert 2/2 hard 2/2 switcher 0/1 summoner 3/3 easy 1/1 rushdown 1/1 | roll 1.9s upd 21.9s
[brain] it 4874 [league 66%] R/ep 9.02 ent 2.09 kl 0.009 | hit/swing 59% dj/min 35.2 blk/min 0.3 abiHit 29 supHit 99 | hard x3 1/2 sovereign 4/7 human 1/2 sov fast 5/6 self 1/6 hard 1/1 expert 5/5 turtle 2/2 medium 3/3 idle 3/3 rushdown 2/2 aerial 2/2 summoner 2/2 | roll 1.5s upd 20.0s
[brain] it 4875 [league 64%] R/ep 9.04 ent 2.14 kl 0.008 | hit/swing 53% dj/min 32.6 blk/min 0.0 abiHit 51 supHit 92 | turtle 1/1 idle 4/4 sov fast 4/7 expert x2 1/1 easy 2/2 rushdown 1/1 self 3/5 sovereign 4/9 hard x3 2/2 medium 2/2 summoner 2/2 hard 1/1 counter 1/1 expert 1/1 | roll 1.7s upd 19.1s
[brain] it 4876 [league 65%] R/ep 11.79 ent 2.15 kl 0.009 | hit/swing 54% dj/min 27.1 blk/min 0.0 abiHit 57 supHit 65 | expert 3/3 idle 3/3 rushdown 1/1 self 0/4 easy 4/4 zoner 1/1 sovereign 3/3 summoner 3/3 sov fast 2/4 hard 1/1 human 2/2 turtle 1/1 switcher 1/1 aerial 0/1 hard x3 1/1 | roll 1.4s upd 20.7s
[brain] it 4877 [league 61%] R/ep 10.02 ent 2.13 kl 0.007 | hit/swing 61% dj/min 34.0 blk/min 0.3 abiHit 27 supHit 99 | expert 2/2 sov fast 5/5 aerial 1/1 expert x2 2/2 counter 3/3 sovereign 4/8 idle 3/3 self 1/7 easy 2/2 human 2/2 switcher 1/1 zoner 2/2 medium 1/1 summoner 1/1 rushdown 1/1 turtle 1/1 | roll 1.5s upd 20.9s
[brain] it 4878 [league 60%] R/ep 9.04 ent 2.15 kl 0.009 | hit/swing 60% dj/min 35.0 blk/min 0.3 abiHit 46 supHit 81 | hard 3/3 turtle 3/3 zoner 1/1 sov fast 8/12 counter 1/1 self 2/4 expert 2/2 expert x2 0/1 easy 2/2 sovereign 4/7 aerial 1/1 summoner 1/1 hard x3 1/3 | roll 1.5s upd 20.1s
[brain] it 4879 [league 61%] R/ep 14.02 ent 2.20 kl 0.008 | hit/swing 53% dj/min 31.6 blk/min 0.0 abiHit 86 supHit 68 | aerial 2/2 summoner 5/5 sovereign 4/4 human 1/1 expert x2 3/3 hard 1/1 self 2/2 sov fast 2/4 medium 1/1 hard x3 0/1 expert 4/4 counter 1/1 turtle 1/1 | roll 1.8s upd 22.4s
[brain] it 4880 [league 63%] R/ep 12.40 ent 2.18 kl 0.008 | hit/swing 52% dj/min 33.3 blk/min 0.0 abiHit 61 supHit 67 | rushdown 2/3 self 3/3 expert 2/2 turtle 1/1 sov fast 7/8 switcher 0/1 counter 2/2 zoner 1/1 expert x2 1/1 sovereign 5/6 hard x3 1/1 summoner 1/1 medium 1/1 hard 2/2 idle 1/1 | roll 1.5s upd 17.0s
[brain] it 4881 [league 61%] R/ep 9.36 ent 2.09 kl 0.009 | hit/swing 60% dj/min 32.8 blk/min 0.2 abiHit 64 supHit 91 | hard 1/1 expert 4/4 sov fast 8/11 self 3/6 human 2/2 hard x3 1/1 medium 1/1 easy 1/1 expert x2 2/2 summoner 2/2 sovereign 3/7 turtle 1/1 zoner 1/1 idle 1/1 | roll 1.5s upd 20.6s
[brain] it 4882 [league 63%] R/ep 10.80 ent 2.06 kl 0.009 | hit/swing 67% dj/min 30.9 blk/min 0.2 abiHit 27 supHit 87 | turtle 1/1 hard x3 1/2 expert 1/1 medium 5/5 sov fast 3/6 sovereign 5/7 self 4/4 human 2/2 hard 3/3 aerial 1/1 counter 1/1 switcher 2/2 summoner 1/1 | roll 1.5s upd 19.7s
[brain] it 4883 [league 63%] R/ep 11.08 ent 2.17 kl 0.007 | hit/swing 58% dj/min 30.2 blk/min 0.1 abiHit 50 supHit 80 | expert x2 2/2 self 4/7 sovereign 5/8 hard x3 1/3 expert 4/4 human 1/1 summoner 2/2 idle 1/1 counter 2/2 sov fast 2/2 turtle 1/1 hard 2/2 easy 1/1 zoner 2/2 | roll 1.6s upd 19.9s
[brain] it 4884 [league 64%] R/ep 7.96 ent 2.25 kl 0.008 | hit/swing 49% dj/min 34.6 blk/min 0.4 abiHit 77 supHit 63 | sovereign 4/6 rushdown 2/3 sov fast 5/8 expert x2 1/1 summoner 2/2 expert 3/4 switcher 2/2 self 1/4 easy 1/1 idle 3/3 zoner 3/3 | roll 1.6s upd 21.8s
[brain] it 4885 [league 67%] R/ep 10.54 ent 2.07 kl 0.008 | hit/swing 62% dj/min 29.6 blk/min 0.1 abiHit 38 supHit 98 | medium 3/3 easy 3/3 aerial 1/1 sovereign 6/8 expert 6/6 self 5/9 switcher 2/2 zoner 2/2 idle 4/4 sov fast 2/4 summoner 1/1 human 1/1 turtle 1/1 | roll 1.6s upd 23.4s
[brain] it 4886 [league 66%] R/ep 12.68 ent 2.09 kl 0.009 | hit/swing 66% dj/min 29.7 blk/min 0.2 abiHit 60 supHit 83 | self 5/8 hard x3 2/4 aerial 2/2 easy 1/1 expert 3/3 sov fast 2/3 hard 1/1 sovereign 4/5 idle 1/1 medium 1/1 turtle 1/1 summoner 1/1 expert x2 1/1 rushdown 1/1 zoner 1/1 | roll 1.7s upd 21.1s
[brain] it 4887 [league 69%] R/ep 11.16 ent 2.17 kl 0.008 | hit/swing 61% dj/min 29.5 blk/min 0.2 abiHit 76 supHit 73 | sovereign 8/9 sov fast 4/6 switcher 1/1 medium 3/3 idle 1/1 hard x3 2/2 self 1/5 summoner 2/2 rushdown 1/1 expert x2 2/2 expert 3/3 | roll 1.5s upd 18.6s
[brain] it 4888 [league 69%] R/ep 11.50 ent 2.07 kl 0.008 | hit/swing 60% dj/min 31.0 blk/min 0.1 abiHit 45 supHit 109 | sov fast 8/10 sovereign 7/7 hard 1/1 expert 2/2 counter 3/3 self 2/6 expert x2 1/2 human 1/1 medium 3/3 hard x3 2/2 easy 4/4 aerial 2/2 idle 1/1 zoner 1/1 | roll 1.5s upd 24.4s
[brain] it 4889 [league 70%] R/ep 9.09 ent 2.04 kl 0.007 | hit/swing 68% dj/min 28.4 blk/min 0.3 abiHit 62 supHit 95 | summoner 2/2 zoner 3/3 easy 3/3 sov fast 5/9 sovereign 6/11 idle 1/1 self 0/4 expert 4/4 hard x3 2/2 switcher 0/1 hard 2/2 counter 1/1 turtle 1/1 expert x2 1/1 | roll 1.6s upd 19.3s
[brain] it 4890 [league 69%] R/ep 13.32 ent 2.07 kl 0.008 | hit/swing 61% dj/min 30.2 blk/min 0.1 abiHit 74 supHit 76 | sovereign 3/6 rushdown 3/3 expert x2 2/2 self 4/6 aerial 1/1 counter 3/3 medium 2/2 sov fast 2/2 zoner 2/2 idle 5/5 expert 5/5 turtle 3/3 | roll 1.7s upd 18.4s
[brain] it 4891 [league 67%] R/ep 10.27 ent 2.13 kl 0.006 | hit/swing 50% dj/min 32.8 blk/min 0.0 abiHit 69 supHit 87 | medium 4/4 sov fast 3/7 human 1/1 expert 6/6 switcher 3/4 counter 1/1 sovereign 2/5 turtle 1/1 zoner 1/1 idle 1/1 aerial 1/1 self 3/4 hard x3 1/1 hard 1/1 summoner 2/2 easy 1/1 | roll 1.6s upd 19.2s
[brain] it 4892 [league 67%] R/ep 12.94 ent 2.18 kl 0.008 | hit/swing 64% dj/min 30.1 blk/min 0.1 abiHit 47 supHit 70 | sovereign 1/3 sov fast 1/3 easy 1/1 expert 3/3 medium 2/2 summoner 1/1 hard x3 2/2 hard 4/4 human 1/1 switcher 1/1 expert x2 1/2 self 2/4 turtle 1/1 rushdown 1/1 aerial 1/1 idle 1/1 | roll 1.6s upd 17.6s
[brain] it 4893 [league 70%] R/ep 10.60 ent 2.13 kl 0.008 | hit/swing 64% dj/min 31.1 blk/min 0.3 abiHit 43 supHit 84 | self 2/7 sov fast 3/4 expert 3/3 easy 4/4 aerial 1/1 expert x2 3/3 turtle 1/1 hard x3 1/1 sovereign 6/7 switcher 1/1 idle 2/2 summoner 2/2 rushdown 1/1 counter 1/1 | roll 1.5s upd 17.4s
[brain] it 4894 [league 68%] R/ep 8.28 ent 2.21 kl 0.007 | hit/swing 59% dj/min 34.1 blk/min 0.3 abiHit 33 supHit 81 | sovereign 8/11 idle 4/4 rushdown 2/2 self 2/6 sov fast 4/8 expert 2/2 counter 1/1 medium 2/2 summoner 1/1 easy 1/1 aerial 1/1 expert x2 1/1 zoner 1/1 turtle 1/1 | roll 1.6s upd 44.6s
[brain] it 4895 [league 69%] R/ep 8.56 ent 2.24 kl 0.009 | hit/swing 51% dj/min 33.9 blk/min 0.1 abiHit 42 supHit 66 | hard 6/6 aerial 2/2 idle 2/2 sov fast 4/7 sovereign 3/4 self 3/6 easy 1/1 human 1/1 expert 2/2 hard x3 0/1 summoner 1/1 turtle 1/1 | roll 2.7s upd 49.8s
[brain] it 4896 [league 71%] R/ep 9.83 ent 2.22 kl 0.008 | hit/swing 52% dj/min 33.7 blk/min 0.1 abiHit 46 supHit 69 | easy 2/2 self 1/4 medium 1/1 sovereign 5/5 sov fast 4/6 summoner 4/4 hard 2/2 aerial 1/2 hard x3 0/1 counter 1/1 zoner 3/3 human 2/2 expert x2 2/2 switcher 0/1 idle 1/1 expert 1/1 | roll 1.5s upd 20.6s
[brain] it 4897 [league 70%] R/ep 11.17 ent 2.12 kl 0.006 | hit/swing 56% dj/min 25.5 blk/min 0.0 abiHit 72 supHit 76 | sovereign 5/8 summoner 2/3 human 1/1 easy 3/3 hard 3/3 expert 5/5 turtle 1/1 sov fast 2/5 idle 1/1 self 5/5 counter 1/1 switcher 1/1 | roll 1.6s upd 17.2s
[brain] it 4898 [league 71%] R/ep 12.03 ent 2.07 kl 0.009 | hit/swing 62% dj/min 29.9 blk/min 0.3 abiHit 58 supHit 96 | self 2/6 sovereign 3/4 rushdown 2/2 hard x3 2/2 expert 3/3 sov fast 9/10 counter 0/1 summoner 3/3 easy 2/2 turtle 2/2 hard 1/1 switcher 2/2 medium 2/2 zoner 1/1 idle 1/1 expert x2 1/1 | roll 1.4s upd 17.3s
[brain] it 4899 [league 70%] R/ep 9.23 ent 2.20 kl 0.007 | hit/swing 44% dj/min 31.7 blk/min 0.2 abiHit 59 supHit 63 | expert 4/5 easy 5/5 sov fast 1/2 zoner 3/3 summoner 5/5 sovereign 5/9 self 2/4 switcher 0/1 aerial 1/1 counter 2/3 hard 1/1 | roll 1.5s upd 17.4s
[brain] it 4900 [league 71%] R/ep 13.00 ent 2.19 kl 0.007 | hit/swing 49% dj/min 29.4 blk/min 0.2 abiHit 75 supHit 59 | summoner 5/6 idle 2/2 expert 4/4 self 1/3 sovereign 2/3 sov fast 4/4 expert x2 2/2 hard x3 1/1 turtle 1/1 aerial 0/1 rushdown 1/1 hard 1/1 easy 1/1 | roll 1.5s upd 18.6s
[brain] it 4901 [league 71%] R/ep 11.80 ent 2.12 kl 0.005 | hit/swing 60% dj/min 32.4 blk/min 0.2 abiHit 39 supHit 87 | sov fast 4/7 sovereign 4/4 self 4/7 rushdown 2/2 medium 3/3 expert 3/3 easy 2/2 hard 1/1 expert x2 1/1 counter 2/3 hard x3 1/1 aerial 1/1 human 1/1 zoner 1/1 summoner 2/2 | roll 1.6s upd 19.6s
[brain] it 4902 [league 68%] R/ep 8.92 ent 2.27 kl 0.008 | hit/swing 64% dj/min 34.9 blk/min 0.5 abiHit 16 supHit 79 | sovereign 2/6 sov fast 4/6 expert x2 5/5 self 3/8 hard 2/2 switcher 1/1 expert 3/3 summoner 2/2 idle 2/2 medium 1/1 counter 1/1 | roll 1.7s upd 18.0s
[brain] it 4903 [league 68%] R/ep 9.91 ent 2.14 kl 0.007 | hit/swing 58% dj/min 31.5 blk/min 0.4 abiHit 34 supHit 88 | hard 2/2 self 6/8 turtle 4/4 sov fast 4/7 expert x2 1/1 sovereign 4/5 expert 2/2 idle 2/2 summoner 3/3 counter 1/1 zoner 1/1 medium 1/1 aerial 0/1 switcher 0/1 | roll 1.4s upd 16.9s
[brain] it 4904 [league 63%] R/ep 8.46 ent 2.20 kl 0.008 | hit/swing 55% dj/min 33.2 blk/min 0.1 abiHit 32 supHit 80 | hard x3 0/1 sovereign 4/9 idle 3/3 expert 3/3 sov fast 4/6 expert x2 1/1 easy 2/2 human 2/2 self 4/7 medium 1/1 hard 1/1 zoner 2/2 summoner 1/1 | roll 1.7s upd 24.2s
[brain] it 4905 [league 65%] R/ep 11.39 ent 2.18 kl 0.007 | hit/swing 48% dj/min 29.0 blk/min 0.2 abiHit 95 supHit 61 | aerial 1/1 sov fast 5/7 turtle 1/1 summoner 2/2 expert 1/1 medium 6/6 sovereign 4/4 counter 1/1 self 2/5 human 0/1 rushdown 2/2 hard 1/1 zoner 2/2 expert x2 1/1 idle 1/1 easy 1/1 | roll 1.5s upd 18.5s
[brain] it 4906 [league 66%] R/ep 9.34 ent 2.18 kl 0.007 | hit/swing 57% dj/min 32.9 blk/min 0.1 abiHit 30 supHit 79 | aerial 2/3 sov fast 3/5 sovereign 5/7 self 1/5 counter 2/2 turtle 2/2 human 1/1 idle 1/1 expert 6/6 summoner 1/1 expert x2 1/1 medium 1/1 easy 2/2 rushdown 1/1 | roll 1.5s upd 18.8s
[brain] it 4907 [league 69%] R/ep 11.53 ent 2.03 kl 0.005 | hit/swing 68% dj/min 28.4 blk/min 0.1 abiHit 53 supHit 104 | aerial 1/1 sovereign 6/6 summoner 1/1 turtle 1/1 self 2/7 expert 5/5 hard x3 3/3 sov fast 8/11 medium 2/2 idle 4/4 easy 1/1 hard 1/1 | roll 1.4s upd 17.3s
[brain] it 4908 [league 70%] R/ep 12.06 ent 2.09 kl 0.008 | hit/swing 64% dj/min 29.2 blk/min 0.2 abiHit 36 supHit 87 | sov fast 1/3 rushdown 1/2 expert 5/5 idle 1/1 self 4/6 expert x2 2/2 sovereign 2/4 hard 3/3 switcher 1/1 easy 3/3 counter 1/1 aerial 1/1 medium 2/2 hard x3 1/1 zoner 1/1 summoner 3/3 | roll 1.4s upd 17.8s
[brain] it 4909 [league 68%] R/ep 7.42 ent 2.12 kl 0.008 | hit/swing 60% dj/min 32.5 blk/min 0.1 abiHit 21 supHit 88 | rushdown 1/2 counter 1/1 sov fast 2/5 sovereign 5/10 hard x3 0/1 medium 1/1 zoner 1/1 self 2/5 idle 2/2 aerial 4/4 summoner 1/1 turtle 1/1 expert x2 1/1 expert 1/1 easy 1/1 hard 1/1 | roll 1.5s upd 17.3s
[brain] it 4910 [league 67%] R/ep 13.09 ent 2.09 kl 0.007 | hit/swing 59% dj/min 30.2 blk/min 0.4 abiHit 58 supHit 91 | sovereign 2/4 self 4/6 summoner 3/3 rushdown 2/2 expert x2 4/4 medium 1/1 idle 1/1 expert 4/4 zoner 1/1 sov fast 2/5 hard x3 2/2 hard 1/1 counter 1/1 | roll 1.4s upd 16.4s
[brain] it 4911 [league 67%] R/ep 10.19 ent 2.29 kl 0.008 | hit/swing 43% dj/min 35.4 blk/min 0.1 abiHit 56 supHit 69 | aerial 0/1 sovereign 3/3 expert x2 1/2 hard x3 0/1 self 1/5 hard 3/3 medium 3/3 counter 1/1 easy 3/3 human 1/1 expert 1/1 sov fast 6/8 zoner 3/3 | roll 1.4s upd 18.1s
[brain] it 4912 [league 67%] R/ep 9.63 ent 2.17 kl 0.009 | hit/swing 57% dj/min 29.0 blk/min 0.0 abiHit 48 supHit 68 | sovereign 5/8 hard 2/2 rushdown 1/1 switcher 2/3 expert 4/4 zoner 1/1 sov fast 4/6 idle 3/3 hard x3 0/1 summoner 2/2 medium 1/1 turtle 1/1 counter 2/2 | roll 1.5s upd 14.9s
[brain] it 4913 [league 68%] R/ep 9.62 ent 2.10 kl 0.008 | hit/swing 66% dj/min 31.5 blk/min 0.3 abiHit 27 supHit 100 | self 4/8 hard x3 2/3 sovereign 10/12 sov fast 5/7 rushdown 1/1 switcher 1/1 medium 2/2 summoner 1/1 zoner 1/1 expert x2 0/1 hard 2/2 aerial 1/1 | roll 1.4s upd 13.3s
[brain] it 4914 [league 68%] R/ep 11.49 ent 2.13 kl 0.008 | hit/swing 54% dj/min 29.6 blk/min 0.3 abiHit 91 supHit 75 | self 3/5 counter 5/5 zoner 1/1 hard x3 1/2 human 1/1 idle 1/1 expert 3/3 sovereign 3/3 sov fast 3/7 medium 1/1 easy 2/2 rushdown 1/1 summoner 1/1 expert x2 1/1 | roll 1.2s upd 27.1s
[brain] it 4915 [league 66%] R/ep 8.95 ent 2.22 kl 0.010 | hit/swing 54% dj/min 34.1 blk/min 0.2 abiHit 37 supHit 73 | self 3/8 expert 2/2 rushdown 2/2 human 3/3 hard 2/2 expert x2 1/1 sov fast 3/3 turtle 2/2 sovereign 2/5 idle 1/1 switcher 1/1 summoner 2/2 easy 2/2 medium 1/1 hard x3 0/1 counter 1/1 | roll 2.2s upd 22.6s
[brain] it 4916 [league 69%] R/ep 8.89 ent 2.17 kl 0.008 | hit/swing 58% dj/min 34.6 blk/min 0.0 abiHit 37 supHit 85 | self 3/8 summoner 2/2 expert 2/2 switcher 1/1 sov fast 5/8 sovereign 5/5 medium 5/5 aerial 1/2 hard 3/3 human 0/1 expert x2 1/1 idle 2/2 counter 1/1 | roll 1.6s upd 25.0s
[brain] it 4917 [league 69%] R/ep 9.65 ent 2.09 kl 0.008 | hit/swing 60% dj/min 29.7 blk/min 0.1 abiHit 51 supHit 98 | summoner 2/3 sov fast 4/7 hard x3 1/3 sovereign 5/7 counter 1/1 hard 1/1 rushdown 1/1 self 4/7 expert 2/2 medium 4/4 expert x2 1/1 idle 3/3 turtle 1/1 aerial 1/1 | roll 1.6s upd 22.4s
[brain] it 4918 [league 68%] R/ep 10.83 ent 2.12 kl 0.008 | hit/swing 61% dj/min 30.9 blk/min 0.0 abiHit 31 supHit 81 | zoner 3/3 self 3/7 sovereign 1/3 aerial 2/2 turtle 1/1 sov fast 7/9 medium 3/3 expert 5/5 easy 1/1 summoner 3/3 expert x2 1/1 idle 2/2 hard 1/1 switcher 1/1 | roll 3.0s upd 34.7s
[brain] it 4919 [league 69%] R/ep 9.71 ent 2.17 kl 0.008 | hit/swing 62% dj/min 31.3 blk/min 0.2 abiHit 38 supHit 71 | sov fast 4/7 aerial 2/2 summoner 2/2 sovereign 3/5 self 3/5 counter 1/1 easy 1/1 expert x2 2/2 idle 2/2 hard x3 0/1 rushdown 1/1 medium 1/1 expert 1/1 | roll 1.6s upd 19.6s
[brain] it 4920 [league 68%] R/ep 6.02 ent 2.29 kl 0.007 | hit/swing 38% dj/min 34.7 blk/min 0.1 abiHit 48 supHit 48 | switcher 1/1 rushdown 2/2 sovereign 3/6 expert 1/2 sov fast 1/3 expert x2 1/3 easy 1/1 turtle 1/1 hard x3 1/2 self 0/1 medium 1/1 counter 1/1 hard 1/1 | roll 1.6s upd 27.0s
[brain] it 4921 [league 68%] R/ep 9.73 ent 2.14 kl 0.007 | hit/swing 64% dj/min 33.1 blk/min 0.0 abiHit 22 supHit 70 | sov fast 2/6 idle 2/2 medium 1/1 expert x2 1/1 aerial 1/2 counter 1/1 rushdown 2/2 self 1/3 hard 4/4 sovereign 3/5 switcher 2/3 human 2/2 zoner 1/1 expert 2/2 turtle 2/2 easy 1/1 summoner 1/1 | roll 2.2s upd 35.3s
[brain] it 4922 [league 68%] R/ep 11.47 ent 2.10 kl 0.008 | hit/swing 55% dj/min 30.1 blk/min 0.5 abiHit 115 supHit 89 | hard x3 3/3 self 3/5 expert x2 1/1 sov fast 3/7 turtle 2/2 switcher 0/1 sovereign 1/2 aerial 1/1 expert 1/1 counter 2/2 medium 2/2 rushdown 2/2 idle 3/3 easy 2/2 hard 2/2 human 1/2 | roll 1.8s upd 23.2s
[brain] it 4923 [league 67%] R/ep 11.06 ent 2.09 kl 0.008 | hit/swing 64% dj/min 29.5 blk/min 0.6 abiHit 34 supHit 98 | summoner 3/3 hard 2/2 self 4/6 sov fast 3/7 turtle 1/1 sovereign 2/4 medium 3/3 expert 4/4 easy 2/2 zoner 1/1 idle 1/1 expert x2 1/1 aerial 2/2 hard x3 2/2 | roll 1.8s upd 20.8s
[brain] it 4924 [league 66%] R/ep 12.23 ent 2.16 kl 0.009 | hit/swing 61% dj/min 34.0 blk/min 0.4 abiHit 40 supHit 81 | sovereign 4/6 easy 2/2 self 1/2 sov fast 3/5 expert 2/2 counter 4/4 hard 2/2 idle 1/1 hard x3 0/1 zoner 3/3 expert x2 2/3 turtle 1/1 aerial 2/2 summoner 2/2 rushdown 1/1 | roll 1.6s upd 17.7s
[brain] it 4925 [league 66%] R/ep 10.26 ent 2.12 kl 0.007 | hit/swing 74% dj/min 34.5 blk/min 0.2 abiHit 18 supHit 85 | sov fast 2/6 self 4/9 aerial 1/1 hard x3 2/2 expert 3/3 rushdown 2/2 idle 2/2 sovereign 4/5 counter 1/1 switcher 1/1 hard 1/1 human 2/2 medium 2/2 easy 1/1 | roll 1.6s upd 18.1s
[brain] it 4926 [league 66%] R/ep 11.06 ent 2.27 kl 0.007 | hit/swing 52% dj/min 34.9 blk/min 0.2 abiHit 69 supHit 60 | zoner 4/4 idle 4/4 expert 1/1 hard 1/1 sov fast 2/5 aerial 1/1 sovereign 4/5 summoner 2/2 self 1/3 counter 2/2 rushdown 0/2 easy 2/2 hard x3 1/2 | roll 1.8s upd 23.5s
[brain] it 4927 [league 67%] R/ep 12.86 ent 2.07 kl 0.009 | hit/swing 62% dj/min 31.8 blk/min 0.0 abiHit 48 supHit 82 | sovereign 4/6 hard x3 2/2 zoner 1/1 self 4/7 medium 3/3 idle 3/3 sov fast 3/6 expert 6/6 aerial 2/2 hard 3/3 human 1/1 easy 1/1 summoner 3/3 turtle 1/1 | roll 1.6s upd 19.8s
[brain] it 4928 [league 68%] R/ep 8.53 ent 2.17 kl 0.007 | hit/swing 53% dj/min 34.8 blk/min 0.1 abiHit 55 supHit 79 | self 6/9 zoner 1/1 expert 3/3 switcher 2/2 human 1/1 sov fast 4/9 easy 1/1 sovereign 4/6 idle 1/1 hard x3 0/2 turtle 1/1 medium 1/1 hard 1/1 aerial 1/1 | roll 1.5s upd 17.6s
[brain] it 4929 [league 69%] R/ep 9.62 ent 2.15 kl 0.006 | hit/swing 58% dj/min 31.5 blk/min 0.3 abiHit 78 supHit 84 | self 7/9 turtle 0/1 sov fast 4/5 expert 6/6 easy 1/1 idle 2/2 hard 3/3 switcher 1/1 rushdown 1/1 hard x3 1/3 sovereign 3/4 human 1/1 zoner 1/1 medium 1/1 summoner 1/1 counter 1/1 | roll 1.7s upd 27.1s
[brain] it 4930 [league 69%] R/ep 9.26 ent 2.18 kl 0.008 | hit/swing 59% dj/min 26.1 blk/min 0.1 abiHit 99 supHit 62 | medium 5/5 self 1/6 hard 2/2 sovereign 3/3 sov fast 2/5 human 1/1 summoner 0/1 idle 1/1 turtle 1/1 rushdown 1/1 easy 1/1 expert x2 1/1 aerial 1/1 switcher 1/1 expert 3/3 counter 1/1 | roll 1.9s upd 27.8s
[brain] it 4931 [league 70%] R/ep 11.20 ent 2.13 kl 0.008 | hit/swing 57% dj/min 32.2 blk/min 0.0 abiHit 46 supHit 87 | expert 4/4 hard 2/2 sov fast 4/6 rushdown 1/2 summoner 4/4 aerial 1/1 self 3/8 idle 1/1 easy 1/1 sovereign 3/3 medium 1/1 hard x3 3/4 turtle 1/1 zoner 1/1 | roll 1.7s upd 19.3s
[brain] it 4932 [league 70%] R/ep 9.93 ent 2.13 kl 0.009 | hit/swing 47% dj/min 29.6 blk/min 0.1 abiHit 86 supHit 77 | expert 4/4 switcher 2/2 counter 3/3 self 4/7 sov fast 6/9 aerial 1/1 medium 1/1 sovereign 1/1 expert x2 1/2 summoner 1/1 turtle 1/1 idle 1/1 easy 1/1 hard x3 0/1 | roll 1.6s upd 18.9s
[brain] it 4933 [league 70%] R/ep 12.18 ent 2.07 kl 0.009 | hit/swing 57% dj/min 29.2 blk/min 0.4 abiHit 51 supHit 94 | hard x3 1/1 self 4/6 switcher 1/1 sov fast 7/7 rushdown 2/2 expert 3/3 summoner 3/3 sovereign 2/4 medium 1/1 idle 3/3 aerial 1/1 human 1/1 turtle 1/1 expert x2 2/2 easy 1/1 hard 3/3 | roll 1.6s upd 21.7s
[brain] it 4934 [league 71%] R/ep 13.33 ent 2.13 kl 0.008 | hit/swing 61% dj/min 26.4 blk/min 0.2 abiHit 63 supHit 74 | self 4/4 sovereign 6/6 turtle 2/2 medium 1/1 expert x2 1/2 idle 2/2 expert 4/4 sov fast 2/3 summoner 5/5 hard 1/1 aerial 1/1 counter 1/1 rushdown 0/1 human 1/1 easy 1/1 zoner 1/1 | roll 1.6s upd 18.8s
[brain] it 4935 [league 69%] R/ep 5.64 ent 2.26 kl 0.008 | hit/swing 58% dj/min 31.4 blk/min 0.2 abiHit 27 supHit 66 | medium 2/2 sovereign 4/7 hard 3/3 hard x3 2/2 self 2/8 switcher 2/2 expert 1/1 sov fast 2/7 easy 1/1 idle 2/2 | roll 1.7s upd 19.7s
[brain] it 4936 [league 68%] R/ep 9.51 ent 2.04 kl 0.010 | hit/swing 63% dj/min 32.5 blk/min 0.1 abiHit 26 supHit 94 | human 1/1 hard x3 0/2 self 4/5 sov fast 11/15 sovereign 2/5 expert 3/4 turtle 1/1 expert x2 2/2 summoner 2/2 idle 2/2 counter 1/1 hard 3/3 zoner 2/2 easy 1/1 medium 1/1 | roll 1.6s upd 19.8s
[brain] it 4937 [league 65%] R/ep 9.78 ent 2.09 kl 0.007 | hit/swing 62% dj/min 30.2 blk/min 0.1 abiHit 34 supHit 92 | expert 4/4 idle 4/4 easy 1/1 sovereign 3/7 switcher 2/2 self 3/5 sov fast 2/5 turtle 1/1 rushdown 2/2 aerial 2/2 medium 2/2 summoner 2/2 expert x2 1/1 counter 0/1 hard x3 0/1 hard 1/1 | roll 1.7s upd 21.6s
[brain] it 4938 [league 63%] R/ep 5.45 ent 2.26 kl 0.009 | hit/swing 43% dj/min 33.2 blk/min 0.2 abiHit 69 supHit 63 | self 3/6 sov fast 4/4 human 1/1 easy 2/2 rushdown 0/1 hard 1/1 hard x3 0/1 switcher 2/2 sovereign 4/8 idle 2/2 counter 0/1 summoner 1/1 expert 1/1 | roll 1.6s upd 20.3s
[brain] it 4939 [league 64%] R/ep 13.41 ent 2.14 kl 0.009 | hit/swing 62% dj/min 27.3 blk/min 0.1 abiHit 61 supHit 80 | easy 4/4 aerial 2/3 sov fast 5/7 counter 1/1 sovereign 3/4 expert x2 3/3 rushdown 0/1 medium 2/2 hard x3 2/2 self 0/1 idle 1/1 turtle 1/1 expert 3/3 hard 2/2 summoner 1/1 zoner 1/1 | roll 1.6s upd 19.1s
[brain] it 4940 [league 65%] R/ep 8.59 ent 2.15 kl 0.008 | hit/swing 59% dj/min 30.7 blk/min 0.1 abiHit 30 supHit 77 | easy 4/4 sovereign 5/9 self 4/6 sov fast 1/4 rushdown 2/2 hard x3 0/1 medium 1/1 expert 6/6 idle 2/2 aerial 1/2 turtle 2/2 switcher 1/1 zoner 1/1 summoner 1/1 | roll 1.7s upd 21.1s
[brain] it 4941 [league 66%] R/ep 11.73 ent 2.02 kl 0.007 | hit/swing 61% dj/min 27.7 blk/min 0.0 abiHit 76 supHit 106 | summoner 4/4 sov fast 5/6 hard x3 0/2 expert x2 2/2 self 5/6 hard 2/2 expert 4/4 easy 2/2 idle 5/5 turtle 1/1 sovereign 6/8 human 1/1 counter 1/1 | roll 1.6s upd 19.5s
[brain] it 4942 [league 68%] R/ep 13.64 ent 2.05 kl 0.006 | hit/swing 65% dj/min 29.4 blk/min 0.1 abiHit 45 supHit 99 | sov fast 8/10 sovereign 3/4 self 2/5 expert 3/3 idle 3/3 hard 5/5 expert x2 2/2 easy 1/1 zoner 4/4 human 3/3 aerial 1/1 medium 2/2 turtle 1/1 hard x3 1/1 | roll 1.7s upd 19.4s
[brain] it 4943 [league 68%] R/ep 7.65 ent 2.16 kl 0.007 | hit/swing 55% dj/min 31.4 blk/min 0.3 abiHit 38 supHit 86 | idle 2/2 sovereign 5/7 counter 0/1 human 1/1 turtle 4/4 sov fast 3/12 zoner 2/2 medium 1/1 self 2/5 summoner 1/1 hard 1/1 rushdown 1/1 expert x2 1/1 switcher 2/2 | roll 1.7s upd 20.0s
[brain] it 4944 [league 67%] R/ep 16.80 ent 2.10 kl 0.009 | hit/swing 53% dj/min 27.2 blk/min 0.0 abiHit 98 supHit 93 | expert 4/4 medium 2/2 sovereign 5/6 hard x3 4/7 turtle 1/1 self 1/3 easy 2/2 zoner 3/3 sov fast 3/3 summoner 0/1 expert x2 2/2 | roll 1.6s upd 19.8s
[brain] it 4945 [league 63%] R/ep 7.91 ent 2.21 kl 0.008 | hit/swing 51% dj/min 33.8 blk/min 0.3 abiHit 16 supHit 70 | sovereign 2/9 zoner 1/1 sov fast 3/6 counter 4/4 expert 4/4 hard x3 1/1 self 2/2 aerial 1/1 rushdown 1/1 summoner 3/4 easy 1/1 switcher 1/1 | roll 2.0s upd 26.2s
[brain] it 4946 [league 63%] R/ep 14.50 ent 2.06 kl 0.009 | hit/swing 69% dj/min 29.0 blk/min 0.3 abiHit 43 supHit 93 | zoner 3/3 easy 4/4 sov fast 5/6 turtle 5/5 sovereign 3/4 human 1/1 expert x2 2/2 expert 2/2 switcher 1/1 summoner 2/2 self 4/5 hard x3 0/1 rushdown 2/2 counter 1/1 hard 1/1 medium 1/1 idle 1/1 | roll 1.8s upd 21.9s
[brain] it 4947 [league 64%] R/ep 11.61 ent 2.14 kl 0.007 | hit/swing 58% dj/min 32.7 blk/min 0.1 abiHit 45 supHit 81 | sov fast 2/5 idle 4/4 self 2/5 summoner 3/3 sovereign 3/4 expert x2 2/2 counter 3/3 hard 2/2 easy 2/2 medium 1/1 human 3/3 turtle 1/1 expert 1/1 zoner 1/1 switcher 0/1 hard x3 1/1 aerial 1/1 | roll 2.1s upd 26.5s
[brain] it 4948 [league 61%] R/ep 10.68 ent 2.08 kl 0.008 | hit/swing 64% dj/min 31.3 blk/min 0.1 abiHit 23 supHit 113 | hard x3 1/2 self 3/5 summoner 1/1 aerial 4/4 sov fast 7/10 sovereign 5/8 medium 5/5 expert 3/3 switcher 0/1 idle 2/2 counter 2/2 expert x2 1/1 | roll 1.7s upd 21.5s
[brain] it 4949 [league 60%] R/ep 9.18 ent 2.25 kl 0.009 | hit/swing 53% dj/min 36.3 blk/min 0.1 abiHit 41 supHit 78 | counter 2/2 rushdown 0/1 human 2/3 sovereign 4/7 self 2/5 sov fast 2/4 summoner 2/2 hard x3 2/4 idle 2/2 medium 1/1 switcher 1/1 turtle 1/1 expert x2 1/1 expert 1/1 hard 1/1 | roll 1.8s upd 27.9s
[brain] it 4950 [league 60%] R/ep 9.84 ent 2.06 kl 0.008 | hit/swing 62% dj/min 30.9 blk/min 0.2 abiHit 41 supHit 84 | human 3/3 sovereign 2/2 sov fast 5/7 self 7/12 aerial 2/2 expert 7/7 zoner 1/1 counter 1/1 expert x2 1/1 rushdown 1/1 switcher 1/1 turtle 1/1 medium 1/1 | roll 1.8s upd 27.0s
[brain] it 4951 [league 60%] R/ep 10.35 ent 2.13 kl 0.006 | hit/swing 58% dj/min 31.6 blk/min 0.5 abiHit 37 supHit 66 | sovereign 3/5 self 0/4 sov fast 4/5 hard 2/2 expert 2/2 easy 2/2 idle 1/1 rushdown 1/2 turtle 1/1 switcher 1/1 hard x3 2/2 human 1/1 zoner 1/1 | roll 6.1s upd 15.8s
[brain] it 4952 [league 61%] R/ep 10.59 ent 2.04 kl 0.006 | hit/swing 66% dj/min 29.5 blk/min 0.1 abiHit 19 supHit 70 | summoner 2/2 sov fast 5/5 sovereign 4/6 self 0/4 easy 1/1 expert x2 1/2 hard x3 2/3 zoner 1/1 human 2/2 hard 1/1 rushdown 1/1 switcher 1/1 | roll 6.1s upd 16.2s
[brain] it 4953 [league 62%] R/ep 12.84 ent 2.07 kl 0.009 | hit/swing 64% dj/min 25.7 blk/min 0.1 abiHit 65 supHit 57 | idle 1/1 expert 2/2 summoner 3/3 self 6/7 turtle 1/1 sovereign 3/4 aerial 1/1 easy 1/1 expert x2 1/1 hard x3 1/3 sov fast 1/1 hard 1/1 | roll 5.6s upd 16.7s
[brain] it 4954 [league 64%] R/ep 10.97 ent 2.25 kl 0.008 | hit/swing 56% dj/min 28.5 blk/min 0.2 abiHit 82 supHit 51 | sov fast 4/5 self 5/7 sovereign 2/2 idle 2/2 human 0/1 hard 3/3 counter 1/1 expert 1/1 summoner 2/2 turtle 1/1 zoner 1/1 switcher 0/1 hard x3 1/1 expert x2 1/1 | roll 2.0s upd 25.1s
[brain] it 4955 [league 63%] R/ep 9.63 ent 2.24 kl 0.008 | hit/swing 45% dj/min 30.9 blk/min 0.1 abiHit 56 supHit 68 | self 2/4 sov fast 2/6 zoner 1/1 switcher 1/1 sovereign 2/4 aerial 2/2 expert x2 1/2 hard 5/5 summoner 1/1 rushdown 1/2 easy 1/1 turtle 1/1 hard x3 1/1 idle 2/2 human 1/1 | roll 2.1s upd 27.5s
[brain] it 4956 [league 62%] R/ep 10.97 ent 2.21 kl 0.007 | hit/swing 46% dj/min 29.0 blk/min 0.2 abiHit 87 supHit 66 | self 2/3 easy 1/1 medium 1/1 hard 1/1 sov fast 6/8 sovereign 2/4 expert x2 1/1 idle 1/1 expert 2/2 human 2/2 switcher 1/1 turtle 1/1 hard x3 1/2 | roll 1.7s upd 21.4s
[brain] it 4957 [league 63%] R/ep 12.21 ent 2.14 kl 0.007 | hit/swing 66% dj/min 27.2 blk/min 0.1 abiHit 46 supHit 85 | sovereign 4/6 counter 2/2 expert 7/7 sov fast 5/6 expert x2 1/1 rushdown 1/1 idle 3/3 easy 1/1 summoner 1/1 medium 3/3 hard x3 1/2 turtle 1/1 self 1/3 hard 1/1 | roll 1.6s upd 25.6s
[brain] it 4958 [league 65%] R/ep 11.12 ent 2.25 kl 0.008 | hit/swing 53% dj/min 29.0 blk/min 0.2 abiHit 60 supHit 64 | expert 5/5 counter 5/5 self 1/4 zoner 2/2 sov fast 4/7 easy 2/2 sovereign 4/4 rushdown 0/1 medium 2/2 hard x3 1/1 idle 1/1 | roll 2.3s upd 25.5s
[brain] it 4959 [league 68%] R/ep 14.00 ent 2.13 kl 0.009 | hit/swing 52% dj/min 29.6 blk/min 0.1 abiHit 68 supHit 97 | expert x2 3/3 sovereign 3/3 hard 2/2 self 7/7 sov fast 4/5 rushdown 1/1 turtle 2/2 counter 1/1 switcher 2/3 expert 5/5 human 1/1 medium 1/1 zoner 1/1 aerial 1/1 idle 1/1 summoner 2/2 easy 1/1 | roll 1.7s upd 23.7s
[brain] it 4960 [league 64%] R/ep 7.65 ent 2.24 kl 0.008 | hit/swing 49% dj/min 33.8 blk/min 0.3 abiHit 27 supHit 68 | sov fast 4/6 expert 3/3 self 5/8 summoner 1/1 aerial 1/1 sovereign 2/6 human 1/2 idle 3/3 switcher 1/1 zoner 1/1 hard 1/1 | roll 1.9s upd 27.7s
[brain] it 4961 [league 66%] R/ep 12.78 ent 2.08 kl 0.008 | hit/swing 67% dj/min 28.9 blk/min 0.2 abiHit 43 supHit 86 | counter 2/2 turtle 1/1 summoner 2/2 self 4/4 easy 2/2 idle 2/2 sovereign 7/7 hard 6/6 sov fast 1/3 expert 4/4 rushdown 1/2 hard x3 2/3 zoner 1/1 | roll 1.8s upd 28.0s
[brain] it 4962 [league 65%] R/ep 7.65 ent 2.19 kl 0.008 | hit/swing 59% dj/min 29.6 blk/min 0.2 abiHit 45 supHit 73 | hard 4/4 human 2/2 easy 4/4 self 3/6 hard x3 0/2 expert x2 0/1 switcher 1/1 sov fast 2/4 idle 1/1 expert 2/2 sovereign 3/6 summoner 2/2 aerial 1/2 medium 1/1 zoner 1/1 | roll 2.1s upd 26.5s
[brain] it 4963 [league 65%] R/ep 11.25 ent 2.28 kl 0.009 | hit/swing 60% dj/min 33.2 blk/min 0.1 abiHit 27 supHit 50 | expert 4/4 hard x3 0/1 sov fast 1/3 sovereign 2/3 turtle 4/4 idle 2/2 self 4/4 aerial 2/2 hard 3/3 counter 2/2 zoner 1/1 | roll 1.7s upd 26.9s
[brain] it 4964 [league 68%] R/ep 12.18 ent 2.16 kl 0.008 | hit/swing 51% dj/min 31.0 blk/min 0.1 abiHit 46 supHit 79 | expert 3/3 self 1/3 sov fast 3/6 rushdown 1/1 hard 1/1 sovereign 8/8 idle 2/2 easy 2/2 human 2/2 switcher 1/1 summoner 2/2 expert x2 2/2 counter 2/2 zoner 3/3 | roll 1.6s upd 22.7s
[brain] it 4965 [league 69%] R/ep 12.09 ent 2.14 kl 0.007 | hit/swing 62% dj/min 28.5 blk/min 0.2 abiHit 58 supHit 73 | aerial 1/1 medium 2/2 zoner 1/1 hard x3 1/4 easy 3/3 sovereign 2/3 self 2/4 turtle 2/2 expert x2 2/3 sov fast 5/6 idle 1/1 summoner 1/1 hard 1/1 expert 1/1 rushdown 1/1 | roll 1.6s upd 24.3s
[brain] it 4966 [league 72%] R/ep 8.79 ent 2.21 kl 0.009 | hit/swing 50% dj/min 33.9 blk/min 0.1 abiHit 38 supHit 83 | hard 5/5 sov fast 4/10 human 2/2 sovereign 4/5 self 1/5 expert 6/6 hard x3 1/2 switcher 1/1 turtle 1/1 summoner 1/1 zoner 1/1 rushdown 0/1 medium 1/1 | roll 2.0s upd 26.5s
[brain] it 4967 [league 71%] R/ep 11.17 ent 2.10 kl 0.008 | hit/swing 54% dj/min 33.2 blk/min 0.0 abiHit 43 supHit 91 | self 3/6 easy 4/4 medium 1/1 aerial 2/2 sov fast 3/4 sovereign 6/9 rushdown 3/3 summoner 1/1 counter 2/2 expert 2/2 idle 1/1 turtle 1/1 zoner 1/1 switcher 1/1 hard x3 1/1 hard 1/1 | roll 1.9s upd 24.3s
[brain] it 4968 [league 72%] R/ep 9.68 ent 2.20 kl 0.008 | hit/swing 53% dj/min 33.3 blk/min 0.3 abiHit 39 supHit 74 | summoner 1/3 sovereign 4/5 hard 1/1 sov fast 4/6 easy 2/2 self 6/6 turtle 1/1 hard x3 1/1 human 1/1 expert 0/1 medium 1/1 aerial 2/2 zoner 2/2 switcher 0/1 idle 1/1 counter 1/1 rushdown 0/1 | roll 1.8s upd 31.3s
[brain] it 4969 [league 72%] R/ep 13.38 ent 2.15 kl 0.006 | hit/swing 60% dj/min 30.7 blk/min 0.1 abiHit 44 supHit 95 | counter 2/2 expert 7/7 self 2/5 turtle 2/2 zoner 2/2 sovereign 2/3 human 0/1 hard x3 3/4 sov fast 5/5 aerial 3/3 expert x2 0/1 medium 1/1 summoner 1/1 | roll 1.8s upd 23.8s
[brain] it 4970 [league 72%] R/ep 7.48 ent 2.19 kl 0.009 | hit/swing 54% dj/min 31.8 blk/min 0.1 abiHit 73 supHit 71 | turtle 1/1 sovereign 5/7 hard x3 1/1 sov fast 2/6 self 2/8 easy 3/3 hard 1/1 expert 1/1 switcher 1/1 human 1/1 expert x2 3/3 | roll 1.9s upd 27.1s
[brain] it 4971 [league 74%] R/ep 12.62 ent 2.15 kl 0.007 | hit/swing 42% dj/min 32.7 blk/min 0.2 abiHit 109 supHit 87 | aerial 4/4 sovereign 7/8 sov fast 5/7 easy 2/2 self 0/2 hard x3 1/2 expert x2 2/2 counter 1/1 human 1/1 expert 2/2 medium 4/4 zoner 1/1 | roll 1.8s upd 25.9s
[brain] it 4972 [league 74%] R/ep 9.70 ent 2.27 kl 0.007 | hit/swing 52% dj/min 35.4 blk/min 0.4 abiHit 73 supHit 73 | sov fast 7/11 summoner 2/2 self 1/2 expert x2 1/1 turtle 2/2 sovereign 3/5 switcher 2/2 zoner 2/2 hard x3 0/1 human 1/1 medium 3/3 expert 1/1 hard 2/2 rushdown 0/1 | roll 1.7s upd 26.0s
[brain] it 4973 [league 72%] R/ep 8.73 ent 2.23 kl 0.008 | hit/swing 46% dj/min 30.5 blk/min 0.2 abiHit 55 supHit 68 | sovereign 4/7 sov fast 3/5 turtle 1/1 expert 3/3 self 0/4 medium 2/2 human 1/2 rushdown 2/2 easy 2/2 hard x3 0/1 switcher 1/1 summoner 3/3 counter 1/1 | roll 2.0s upd 25.2s
[brain] it 4974 [league 75%] R/ep 6.94 ent 2.13 kl 0.007 | hit/swing 57% dj/min 29.5 blk/min 0.1 abiHit 48 supHit 98 | sovereign 7/9 sov fast 4/7 self 1/9 expert 5/5 rushdown 1/1 medium 3/3 switcher 2/2 counter 2/2 idle 2/2 hard x3 0/1 zoner 1/1 | roll 2.0s upd 25.5s
[brain] it 4975 [league 72%] R/ep 3.96 ent 2.38 kl 0.005 | hit/swing 34% dj/min 35.8 blk/min 0.1 abiHit 40 supHit 44 | summoner 2/2 expert 1/2 sovereign 4/7 self 3/7 rushdown 1/1 sov fast 2/5 expert x2 1/1 idle 1/1 aerial 0/1 | roll 2.0s upd 24.6s
[brain] it 4976 [league 74%] R/ep 7.74 ent 2.34 kl 0.007 | hit/swing 44% dj/min 38.6 blk/min 0.2 abiHit 40 supHit 67 | medium 2/2 sovereign 5/7 expert 2/2 sov fast 3/6 aerial 1/1 easy 2/2 expert x2 0/1 self 3/5 summoner 1/1 zoner 1/1 counter 1/1 switcher 1/1 hard x3 1/1 human 1/1 | roll 1.9s upd 24.4s
[brain] it 4977 [league 69%] R/ep 5.96 ent 2.17 kl 0.007 | hit/swing 52% dj/min 35.1 blk/min 0.1 abiHit 37 supHit 83 | expert 5/6 sovereign 5/12 self 3/7 summoner 2/2 turtle 2/2 counter 2/2 idle 1/1 sov fast 1/4 hard 2/2 easy 1/1 human 1/1 zoner 1/1 switcher 1/1 medium 1/1 | roll 2.0s upd 24.5s
[brain] it 4978 [league 68%] R/ep 10.59 ent 2.07 kl 0.007 | hit/swing 66% dj/min 31.1 blk/min 0.4 abiHit 30 supHit 92 | aerial 4/4 self 5/9 sovereign 1/3 expert 4/4 summoner 1/2 hard 2/2 human 3/3 sov fast 4/8 medium 1/1 expert x2 2/2 turtle 1/1 easy 1/1 zoner 1/1 idle 1/1 | roll 1.7s upd 22.9s
[brain] it 4979 [league 68%] R/ep 10.90 ent 2.17 kl 0.009 | hit/swing 50% dj/min 35.9 blk/min 0.3 abiHit 46 supHit 77 | sov fast 8/9 self 1/2 hard x3 0/1 turtle 2/3 hard 3/3 counter 1/1 sovereign 3/4 expert 2/2 zoner 1/1 expert x2 2/4 human 1/1 aerial 2/2 idle 2/2 | roll 1.6s upd 25.6s
[brain] it 4980 [league 66%] R/ep 11.77 ent 2.15 kl 0.008 | hit/swing 63% dj/min 31.9 blk/min 0.0 abiHit 37 supHit 75 | expert 6/6 self 5/5 counter 1/1 idle 3/3 sov fast 6/7 easy 3/3 sovereign 4/6 switcher 2/2 aerial 1/2 turtle 2/2 medium 2/2 | roll 1.7s upd 25.9s
[brain] it 4981 [league 65%] R/ep 11.35 ent 2.20 kl 0.005 | hit/swing 50% dj/min 34.4 blk/min 0.4 abiHit 68 supHit 86 | aerial 2/2 expert 5/5 medium 2/2 self 5/9 sov fast 5/7 hard x3 2/2 summoner 1/1 sovereign 2/4 expert x2 2/3 idle 1/1 easy 1/1 human 1/1 switcher 1/1 zoner 1/1 hard 1/1 | roll 1.9s upd 27.6s
[brain] it 4982 [league 66%] R/ep 10.35 ent 2.16 kl 0.008 | hit/swing 56% dj/min 33.6 blk/min 0.3 abiHit 38 supHit 102 | sovereign 6/6 self 6/11 sov fast 6/9 expert 1/1 counter 3/3 turtle 2/2 switcher 1/1 medium 1/1 easy 1/1 human 1/1 hard 1/1 expert x2 3/3 zoner 1/1 idle 1/1 | roll 2.1s upd 25.9s
[brain] it 4983 [league 66%] R/ep 9.64 ent 2.14 kl 0.009 | hit/swing 55% dj/min 32.3 blk/min 0.2 abiHit 44 supHit 66 | hard x3 0/2 sovereign 5/8 hard 1/1 expert 5/5 zoner 2/2 medium 2/2 turtle 2/2 sov fast 2/3 self 3/4 summoner 1/1 idle 1/1 expert x2 0/1 aerial 4/4 | roll 1.7s upd 26.3s
[brain] it 4984 [league 65%] R/ep 11.57 ent 2.27 kl 0.008 | hit/swing 50% dj/min 35.4 blk/min 0.0 abiHit 51 supHit 60 | self 2/3 switcher 1/1 idle 2/2 sov fast 5/6 easy 2/2 aerial 1/1 sovereign 1/2 human 1/1 zoner 1/1 turtle 2/2 counter 1/1 hard 2/2 expert 3/3 medium 1/1 summoner 2/2 expert x2 1/1 | roll 1.6s upd 24.0s
[brain] it 4985 [league 64%] R/ep 9.91 ent 2.04 kl 0.008 | hit/swing 55% dj/min 29.5 blk/min 0.0 abiHit 94 supHit 96 | sov fast 5/5 hard 3/3 human 2/2 sovereign 1/4 self 2/8 medium 2/2 turtle 1/1 counter 2/2 switcher 2/2 summoner 2/2 easy 3/3 idle 3/3 rushdown 2/2 expert x2 2/3 expert 2/2 | roll 1.7s upd 26.2s
[brain] it 4986 [league 64%] R/ep 9.18 ent 2.17 kl 0.009 | hit/swing 61% dj/min 35.6 blk/min 0.2 abiHit 30 supHit 81 | self 2/6 rushdown 1/1 sovereign 7/9 expert 4/4 easy 2/2 summoner 3/3 aerial 2/2 hard 3/3 sov fast 1/3 human 1/1 zoner 1/1 turtle 1/1 expert x2 1/1 hard x3 0/1 counter 1/1 | roll 1.7s upd 25.8s
[brain] it 4987 [league 63%] R/ep 9.94 ent 2.09 kl 0.007 | hit/swing 59% dj/min 33.6 blk/min 0.1 abiHit 38 supHit 82 | idle 3/3 sovereign 3/4 self 5/9 easy 4/4 sov fast 7/9 expert x2 1/2 expert 4/4 hard 1/1 zoner 1/1 medium 1/1 switcher 2/2 human 0/1 aerial 1/1 | roll 1.8s upd 28.3s
[brain] it 4988 [league 61%] R/ep 10.76 ent 2.25 kl 0.009 | hit/swing 49% dj/min 35.9 blk/min 0.0 abiHit 39 supHit 66 | idle 1/1 sovereign 2/6 hard x3 1/1 human 1/1 summoner 1/1 self 3/4 aerial 2/3 expert 3/3 sov fast 4/5 hard 1/1 medium 1/1 rushdown 1/1 expert x2 1/1 easy 1/1 | roll 1.9s upd 30.0s
[brain] it 4989 [league 64%] R/ep 11.77 ent 2.19 kl 0.006 | hit/swing 62% dj/min 36.4 blk/min 0.0 abiHit 34 supHit 100 | sovereign 8/9 idle 2/2 sov fast 5/11 zoner 1/1 hard x3 3/4 summoner 1/1 medium 2/2 self 3/4 switcher 1/1 expert 2/2 aerial 1/1 human 1/1 | roll 1.9s upd 26.4s
[brain] it 4990 [league 64%] R/ep 11.72 ent 2.14 kl 0.008 | hit/swing 55% dj/min 32.6 blk/min 0.4 abiHit 53 supHit 75 | sov fast 5/9 easy 5/5 self 4/5 idle 2/2 turtle 2/2 hard x3 1/2 medium 4/4 zoner 2/2 summoner 2/2 sovereign 2/2 expert 1/1 switcher 1/1 | roll 1.9s upd 30.3s
[brain] it 4991 [league 62%] R/ep 9.17 ent 2.24 kl 0.008 | hit/swing 55% dj/min 31.3 blk/min 0.0 abiHit 55 supHit 67 | sovereign 1/5 turtle 1/1 easy 1/1 switcher 2/2 medium 1/1 expert 5/5 hard x3 2/2 self 0/4 sov fast 0/3 expert x2 1/1 counter 1/1 human 1/1 aerial 1/1 | roll 1.9s upd 28.1s
[brain] it 4992 [league 62%] R/ep 9.29 ent 2.11 kl 0.008 | hit/swing 62% dj/min 30.7 blk/min 0.4 abiHit 44 supHit 93 | easy 2/2 expert 6/6 switcher 1/2 sov fast 6/11 idle 1/1 sovereign 4/6 self 1/2 zoner 1/1 turtle 3/3 expert x2 2/2 hard 2/2 medium 1/1 summoner 3/3 | roll 1.8s upd 29.6s
[brain] it 4993 [league 61%] R/ep 9.94 ent 2.13 kl 0.008 | hit/swing 57% dj/min 31.7 blk/min 0.0 abiHit 55 supHit 57 | hard x3 1/1 sov fast 2/3 expert 2/2 self 1/4 idle 3/3 expert x2 1/1 summoner 2/4 easy 1/1 switcher 2/2 sovereign 4/6 turtle 2/2 hard 1/1 medium 1/1 counter 1/1 | roll 1.9s upd 34.3s
[brain] it 4994 [league 63%] R/ep 11.04 ent 2.22 kl 0.009 | hit/swing 47% dj/min 33.2 blk/min 0.1 abiHit 51 supHit 73 | sov fast 2/4 sovereign 4/6 self 3/4 medium 2/2 human 1/2 zoner 1/1 idle 2/2 counter 1/1 expert 1/1 hard x3 1/2 expert x2 2/2 summoner 1/1 hard 2/2 easy 1/1 | roll 2.0s upd 30.4s
[brain] it 4995 [league 66%] R/ep 8.28 ent 2.20 kl 0.009 | hit/swing 54% dj/min 35.4 blk/min 0.1 abiHit 39 supHit 74 | self 2/8 hard 4/4 sovereign 9/12 summoner 2/2 medium 3/3 counter 2/2 rushdown 2/2 sov fast 1/1 easy 2/2 expert x2 2/2 zoner 1/1 | roll 2.1s upd 43.2s
[brain] it 4996 [league 68%] R/ep 9.54 ent 2.10 kl 0.008 | hit/swing 60% dj/min 34.9 blk/min 0.3 abiHit 28 supHit 88 | idle 4/4 sovereign 5/7 self 2/5 rushdown 2/2 aerial 1/1 easy 1/1 sov fast 3/6 expert 4/4 hard 2/2 switcher 2/2 medium 1/1 hard x3 1/2 human 1/1 summoner 1/1 | roll 2.3s upd 31.6s
[brain] it 4997 [league 67%] R/ep 8.54 ent 2.30 kl 0.008 | hit/swing 43% dj/min 36.3 blk/min 0.4 abiHit 49 supHit 49 | sov fast 3/6 summoner 1/1 sovereign 3/4 aerial 2/2 hard x3 1/1 self 2/4 switcher 2/3 medium 2/2 counter 2/2 expert 1/1 | roll 2.0s upd 31.2s
[brain] it 4998 [league 67%] R/ep 11.59 ent 2.12 kl 0.009 | hit/swing 62% dj/min 31.2 blk/min 0.3 abiHit 47 supHit 107 | sov fast 5/8 medium 4/4 sovereign 7/9 zoner 1/1 self 4/6 hard x3 3/4 easy 3/3 hard 2/2 summoner 2/2 expert 4/4 | roll 2.0s upd 28.5s
[brain] it 4999 [league 68%] R/ep 8.49 ent 2.13 kl 0.008 | hit/swing 61% dj/min 29.8 blk/min 0.2 abiHit 65 supHit 72 | self 8/14 medium 2/2 sovereign 7/9 counter 1/2 easy 3/3 sov fast 1/1 aerial 1/1 rushdown 1/1 switcher 1/1 idle 1/1 expert 2/2 hard x3 1/1 | roll 2.0s upd 31.1s
[brain] it 5000 [league 70%] R/ep 10.06 ent 2.22 kl 0.008 | hit/swing 43% dj/min 35.6 blk/min 0.2 abiHit 65 supHit 88 | sovereign 6/9 hard x3 2/3 sov fast 4/7 summoner 4/4 self 2/3 counter 1/1 switcher 1/1 hard 2/2 easy 3/3 turtle 1/2 idle 1/1 medium 1/1 zoner 1/1 | roll 2.0s upd 33.3s
[brain] it 5001 [league 68%] R/ep 8.99 ent 2.14 kl 0.008 | hit/swing 61% dj/min 36.5 blk/min 0.2 abiHit 18 supHit 76 | switcher 1/1 sov fast 3/4 rushdown 3/3 self 3/5 easy 3/3 sovereign 6/10 turtle 2/3 hard x3 0/1 idle 3/3 counter 2/2 expert 2/2 aerial 1/1 | roll 2.2s upd 96.4s
[brain] it 5002 [league 71%] R/ep 12.57 ent 2.15 kl 0.006 | hit/swing 59% dj/min 33.6 blk/min 0.5 abiHit 18 supHit 105 | sov fast 7/8 self 6/9 sovereign 8/9 idle 3/3 turtle 1/1 aerial 0/1 zoner 5/5 easy 2/2 rushdown 1/1 expert 1/1 medium 2/2 expert x2 1/1 human 1/2 hard 1/1 hard x3 1/1 | roll 2.5s upd 47.0s
[brain] it 5003 [league 70%] R/ep 11.02 ent 2.20 kl 0.007 | hit/swing 58% dj/min 31.0 blk/min 0.2 abiHit 64 supHit 73 | counter 5/6 sovereign 2/4 self 1/4 turtle 2/2 medium 3/3 idle 4/4 switcher 1/1 hard x3 0/3 zoner 2/2 hard 1/1 expert 3/3 sov fast 1/1 easy 1/1 summoner 2/2 | roll 2.7s upd 37.2s
[brain] it 5004 [league 71%] R/ep 8.87 ent 2.12 kl 0.008 | hit/swing 53% dj/min 30.9 blk/min 0.0 abiHit 62 supHit 103 | sovereign 7/11 turtle 3/3 counter 6/6 sov fast 3/6 hard 1/1 self 6/11 expert 2/2 summoner 2/2 medium 3/3 idle 1/1 easy 1/1 switcher 1/1 zoner 1/1 | roll 1.9s upd 32.8s
[brain] it 5005 [league 70%] R/ep 11.17 ent 2.16 kl 0.008 | hit/swing 51% dj/min 31.5 blk/min 0.2 abiHit 66 supHit 69 | sovereign 6/8 easy 2/2 sov fast 5/8 counter 2/2 summoner 1/1 rushdown 1/1 self 1/2 expert 3/3 zoner 2/2 medium 3/3 expert x2 0/1 idle 1/1 human 1/1 turtle 1/1 hard x3 0/1 | roll 1.9s upd 28.0s
[brain] it 5006 [league 70%] R/ep 7.07 ent 2.26 kl 0.008 | hit/swing 41% dj/min 36.4 blk/min 0.1 abiHit 67 supHit 53 | sovereign 3/6 sov fast 3/5 hard 2/2 idle 1/1 self 4/7 human 1/1 medium 2/2 easy 2/2 expert 1/1 aerial 1/1 summoner 2/2 rushdown 1/1 | roll 1.8s upd 28.4s
[brain] it 5007 [league 71%] R/ep 11.85 ent 2.19 kl 0.008 | hit/swing 55% dj/min 33.2 blk/min 0.2 abiHit 59 supHit 85 | sovereign 2/3 human 1/1 easy 3/3 idle 1/1 expert 3/3 sov fast 3/4 self 4/7 aerial 3/3 hard x3 1/1 turtle 2/2 hard 1/1 expert x2 3/3 summoner 3/3 switcher 1/1 medium 1/1 counter 1/1 | roll 1.8s upd 33.0s
[brain] it 5008 [league 69%] R/ep 2.05 ent 2.33 kl 0.007 | hit/swing 48% dj/min 36.5 blk/min 0.3 abiHit 26 supHit 52 | self 2/7 sov fast 3/6 idle 1/1 turtle 1/1 expert 1/1 sovereign 2/6 summoner 0/1 expert x2 0/2 switcher 1/1 hard x3 1/1 medium 1/1 hard 1/1 aerial 1/1 | roll 2.2s upd 36.4s
[brain] it 5009 [league 66%] R/ep 5.70 ent 2.23 kl 0.010 | hit/swing 47% dj/min 29.3 blk/min 0.0 abiHit 74 supHit 54 | idle 2/2 self 2/8 summoner 4/4 counter 1/2 sov fast 4/5 expert 3/3 aerial 2/2 sovereign 0/3 zoner 1/1 switcher 0/1 hard 1/1 turtle 1/1 easy 1/1 | roll 2.0s upd 30.8s
[brain] it 5010 [league 63%] R/ep 6.93 ent 2.21 kl 0.009 | hit/swing 50% dj/min 27.9 blk/min 0.0 abiHit 87 supHit 60 | idle 3/3 hard 5/5 sovereign 0/4 rushdown 1/1 self 2/9 expert x2 2/2 expert 3/3 easy 3/3 summoner 2/2 sov fast 3/4 | roll 2.1s upd 29.6s
[brain] it 5011 [league 63%] R/ep 9.79 ent 2.13 kl 0.008 | hit/swing 58% dj/min 31.6 blk/min 0.1 abiHit 47 supHit 97 | hard 1/1 sov fast 6/7 sovereign 3/4 counter 1/1 human 1/1 self 4/7 expert 2/2 easy 3/3 medium 4/4 expert x2 0/1 turtle 2/2 hard x3 1/3 summoner 1/1 idle 1/1 | roll 1.9s upd 29.7s
[brain] it 5012 [league 62%] R/ep 9.67 ent 2.22 kl 0.006 | hit/swing 55% dj/min 32.1 blk/min 0.3 abiHit 62 supHit 74 | sov fast 7/10 idle 2/2 self 6/7 easy 2/2 hard x3 1/1 medium 3/3 human 1/1 expert 1/1 summoner 2/2 turtle 1/1 rushdown 1/1 sovereign 3/5 | roll 2.1s upd 31.6s
[brain] it 5013 [league 63%] R/ep 9.32 ent 2.28 kl 0.007 | hit/swing 52% dj/min 30.9 blk/min 0.2 abiHit 60 supHit 54 | hard 1/1 idle 1/1 self 3/7 easy 3/3 human 1/1 expert 1/1 turtle 1/1 sovereign 3/3 medium 1/1 expert x2 2/2 sov fast 1/3 rushdown 1/1 switcher 0/1 hard x3 1/1 | roll 2.0s upd 35.9s
[brain] it 5014 [league 63%] R/ep 11.12 ent 2.21 kl 0.008 | hit/swing 53% dj/min 38.0 blk/min 0.3 abiHit 49 supHit 67 | self 2/7 easy 2/2 hard x3 1/1 idle 3/3 hard 3/3 rushdown 2/2 medium 2/2 sovereign 3/4 human 1/2 sov fast 2/3 expert 4/4 summoner 1/1 zoner 2/2 | roll 1.8s upd 32.0s
[brain] it 5015 [league 61%] R/ep 8.13 ent 2.24 kl 0.008 | hit/swing 48% dj/min 33.8 blk/min 0.0 abiHit 63 supHit 68 | sov fast 4/9 expert 6/6 self 2/5 idle 1/1 hard 3/3 summoner 3/3 switcher 0/1 aerial 1/1 easy 5/5 expert x2 1/1 zoner 1/1 sovereign 0/2 human 1/1 | roll 2.0s upd 34.6s
[brain] it 5016 [league 61%] R/ep 10.08 ent 2.09 kl 0.006 | hit/swing 63% dj/min 27.6 blk/min 0.3 abiHit 41 supHit 92 | sov fast 5/11 hard x3 0/1 summoner 2/2 medium 2/2 self 0/4 idle 2/2 sovereign 5/6 easy 2/2 expert x2 2/2 hard 2/2 human 1/2 expert 2/2 switcher 1/1 counter 1/1 aerial 1/1 zoner 1/1 rushdown 1/1 | roll 1.9s upd 48.4s
[brain] it 5017 [league 63%] R/ep 13.21 ent 2.12 kl 0.008 | hit/swing 56% dj/min 29.3 blk/min 0.3 abiHit 102 supHit 72 | summoner 3/3 switcher 3/4 expert x2 1/1 sov fast 2/2 idle 2/2 hard x3 1/2 hard 2/2 sovereign 6/6 counter 2/2 easy 2/2 turtle 3/3 self 3/5 zoner 1/1 medium 1/1 | roll 2.3s upd 37.4s
[brain] it 5018 [league 61%] R/ep 9.27 ent 2.24 kl 0.008 | hit/swing 53% dj/min 33.8 blk/min 0.2 abiHit 49 supHit 74 | hard 2/2 sovereign 3/7 sov fast 3/5 self 3/5 medium 2/2 easy 3/3 hard x3 1/2 switcher 2/2 idle 1/1 turtle 1/1 expert 1/1 rushdown 1/1 human 1/1 summoner 1/1 zoner 1/1 | roll 2.3s upd 33.3s
[brain] it 5019 [league 60%] R/ep 8.42 ent 2.20 kl 0.008 | hit/swing 51% dj/min 31.8 blk/min 0.2 abiHit 69 supHit 70 | switcher 0/1 medium 2/2 expert 4/4 sov fast 5/6 hard 2/2 sovereign 4/6 self 2/4 human 1/2 easy 1/1 expert x2 1/1 hard x3 0/1 rushdown 1/1 summoner 1/1 idle 1/1 counter 1/1 | roll 2.0s upd 33.7s
[brain] it 5020 [league 59%] R/ep 10.29 ent 2.14 kl 0.008 | hit/swing 59% dj/min 34.3 blk/min 0.3 abiHit 35 supHit 83 | hard x3 0/1 self 4/7 aerial 3/3 summoner 4/4 turtle 1/1 easy 4/4 sovereign 3/7 zoner 2/2 counter 1/1 expert 3/3 medium 2/2 sov fast 4/5 switcher 1/1 hard 1/1 idle 2/2 rushdown 1/1 | roll 2.1s upd 31.1s
[brain] it 5021 [league 60%] R/ep 6.78 ent 2.24 kl 0.008 | hit/swing 38% dj/min 34.4 blk/min 0.1 abiHit 62 supHit 58 | sov fast 6/9 self 3/9 sovereign 5/6 hard 1/1 easy 2/2 summoner 1/1 turtle 1/1 switcher 2/2 zoner 1/1 hard x3 1/1 expert 1/1 | roll 2.3s upd 35.4s
[brain] it 5022 [league 60%] R/ep 10.70 ent 2.24 kl 0.008 | hit/swing 58% dj/min 32.7 blk/min 0.2 abiHit 48 supHit 69 | sovereign 6/9 turtle 2/2 expert 4/4 switcher 1/1 sov fast 0/2 medium 1/1 counter 4/4 self 3/3 easy 1/1 hard 1/1 rushdown 1/2 aerial 0/1 summoner 1/1 idle 1/1 human 1/1 expert x2 1/1 | roll 2.0s upd 36.0s
[brain] it 5023 [league 59%] R/ep 9.82 ent 2.10 kl 0.009 | hit/swing 68% dj/min 33.6 blk/min 0.1 abiHit 23 supHit 93 | hard 3/3 sovereign 6/10 sov fast 8/11 summoner 3/3 expert 5/5 medium 1/1 self 3/3 switcher 1/2 zoner 1/1 counter 1/1 expert x2 2/2 rushdown 1/1 idle 1/1 hard x3 0/2 | roll 2.1s upd 34.6s
[brain] it 5024 [league 62%] R/ep 10.62 ent 2.10 kl 0.007 | hit/swing 60% dj/min 34.3 blk/min 0.2 abiHit 32 supHit 97 | self 5/8 sovereign 7/8 expert 7/7 easy 2/2 sov fast 2/7 turtle 1/1 idle 1/1 summoner 3/3 medium 1/1 hard x3 2/2 expert x2 2/2 human 1/1 zoner 1/1 | roll 2.2s upd 46.3s
[brain] it 5025 [league 65%] R/ep 9.14 ent 2.26 kl 0.006 | hit/swing 49% dj/min 38.7 blk/min 0.1 abiHit 47 supHit 82 | sovereign 6/7 counter 1/1 human 1/1 sov fast 3/9 zoner 2/2 aerial 2/2 idle 3/3 self 4/5 turtle 1/1 medium 2/2 rushdown 0/1 hard x3 1/1 | roll 2.3s upd 39.6s
[brain] it 5026 [league 67%] R/ep 12.17 ent 2.11 kl 0.009 | hit/swing 64% dj/min 30.3 blk/min 0.3 abiHit 50 supHit 103 | sovereign 4/5 aerial 3/3 expert 4/4 rushdown 2/2 summoner 2/2 sov fast 5/6 easy 5/5 medium 2/2 self 3/4 human 2/2 idle 1/1 hard 3/3 switcher 2/2 expert x2 1/3 hard x3 0/1 | roll 2.3s upd 38.8s
[brain] it 5027 [league 68%] R/ep 8.96 ent 2.16 kl 0.008 | hit/swing 57% dj/min 32.0 blk/min 0.1 abiHit 53 supHit 78 | easy 2/2 sov fast 8/11 self 4/5 sovereign 1/4 expert 4/4 hard 2/2 turtle 1/1 medium 3/3 aerial 1/1 expert x2 1/1 switcher 2/2 summoner 1/1 | roll 2.3s upd 36.6s
[brain] it 5028 [league 70%] R/ep 12.03 ent 2.11 kl 0.008 | hit/swing 67% dj/min 30.5 blk/min 0.8 abiHit 45 supHit 98 | hard 2/2 sovereign 7/9 self 3/4 idle 2/2 counter 1/1 sov fast 10/11 expert 2/2 hard x3 2/2 aerial 2/2 zoner 1/1 expert x2 1/1 medium 2/2 summoner 1/1 switcher 1/1 easy 1/1 | roll 2.1s upd 41.6s
[brain] it 5029 [league 70%] R/ep 10.42 ent 2.13 kl 0.007 | hit/swing 62% dj/min 29.1 blk/min 0.1 abiHit 52 supHit 74 | medium 5/5 expert 2/2 self 4/7 sov fast 4/8 expert x2 1/1 sovereign 5/5 easy 2/2 switcher 1/1 hard 1/1 summoner 2/2 turtle 1/1 counter 2/2 zoner 1/1 idle 3/3 | roll 2.1s upd 31.4s
[brain] it 5030 [league 70%] R/ep 8.24 ent 2.15 kl 0.010 | hit/swing 58% dj/min 34.2 blk/min 0.2 abiHit 33 supHit 85 | sov fast 3/5 sovereign 7/11 hard x3 1/1 aerial 1/1 hard 1/1 expert 3/3 idle 1/1 self 4/7 easy 3/3 counter 1/1 turtle 2/2 switcher 1/2 expert x2 0/1 zoner 1/1 rushdown 1/1 | roll 1.9s upd 31.8s
[brain] it 5031 [league 69%] R/ep 12.61 ent 2.20 kl 0.008 | hit/swing 51% dj/min 32.6 blk/min 0.2 abiHit 51 supHit 86 | expert 3/3 easy 1/1 expert x2 1/1 idle 3/3 self 6/6 rushdown 1/1 hard 1/1 sovereign 3/4 medium 3/3 sov fast 2/4 turtle 4/4 zoner 1/1 summoner 1/1 counter 2/2 human 2/2 | roll 2.1s upd 31.5s
[brain] it 5032 [league 69%] R/ep 11.69 ent 2.16 kl 0.010 | hit/swing 61% dj/min 34.0 blk/min 0.1 abiHit 45 supHit 83 | rushdown 1/1 idle 4/4 zoner 2/2 expert 4/4 sov fast 3/8 summoner 3/3 self 4/7 hard 2/2 expert x2 2/2 hard x3 2/2 sovereign 2/2 easy 1/1 medium 1/1 | roll 1.9s upd 29.4s
[brain] it 5033 [league 70%] R/ep 10.98 ent 2.19 kl 0.009 | hit/swing 58% dj/min 35.4 blk/min 0.1 abiHit 26 supHit 74 | expert x2 2/2 sov fast 4/7 human 2/3 self 2/4 expert 5/5 sovereign 4/7 rushdown 1/1 hard x3 2/2 summoner 1/1 easy 2/2 aerial 1/1 | roll 2.1s upd 31.6s
[brain] it 5034 [league 71%] R/ep 11.06 ent 2.18 kl 0.007 | hit/swing 50% dj/min 30.5 blk/min 0.0 abiHit 63 supHit 85 | idle 1/1 sov fast 5/7 turtle 2/2 self 4/5 summoner 3/3 sovereign 6/8 easy 3/3 medium 3/3 counter 1/1 hard 3/3 expert 2/2 hard x3 1/1 human 1/1 | roll 2.1s upd 29.7s
[brain] it 5035 [league 72%] R/ep 12.76 ent 2.12 kl 0.008 | hit/swing 55% dj/min 27.2 blk/min 0.3 abiHit 74 supHit 81 | sovereign 3/4 sov fast 6/9 self 1/4 counter 1/1 summoner 1/1 expert x2 4/4 expert 1/1 medium 2/2 hard 2/2 zoner 1/1 hard x3 1/1 easy 2/2 switcher 2/2 human 1/1 idle 2/2 | roll 1.9s upd 29.9s
[brain] it 5036 [league 73%] R/ep 11.88 ent 2.09 kl 0.008 | hit/swing 64% dj/min 32.1 blk/min 0.3 abiHit 27 supHit 120 | hard 2/2 medium 4/4 sov fast 6/7 sovereign 9/12 self 6/7 expert 3/3 rushdown 2/2 turtle 1/1 human 1/1 summoner 1/1 hard x3 2/2 expert x2 1/1 switcher 1/1 | roll 2.2s upd 33.4s
[brain] it 5037 [league 71%] R/ep 7.26 ent 2.28 kl 0.007 | hit/swing 52% dj/min 34.8 blk/min 0.3 abiHit 57 supHit 59 | hard 1/1 sovereign 2/6 expert x2 2/2 medium 2/2 sov fast 0/3 self 4/8 expert 4/4 easy 1/1 aerial 1/1 summoner 2/2 rushdown 1/1 | roll 1.9s upd 29.6s
[brain] it 5038 [league 73%] R/ep 13.21 ent 2.13 kl 0.007 | hit/swing 62% dj/min 32.2 blk/min 0.1 abiHit 68 supHit 103 | medium 5/5 sov fast 6/8 expert 5/5 self 4/4 hard x3 1/1 sovereign 4/5 switcher 1/1 easy 2/2 zoner 2/2 rushdown 1/1 turtle 2/2 summoner 1/1 expert x2 1/1 human 1/1 idle 1/1 aerial 1/1 | roll 2.0s upd 32.6s
[brain] it 5039 [league 73%] R/ep 10.41 ent 2.16 kl 0.007 | hit/swing 50% dj/min 33.8 blk/min 0.0 abiHit 49 supHit 98 | easy 4/4 sov fast 5/8 summoner 3/3 expert 5/5 hard 5/5 turtle 1/1 sovereign 4/4 medium 3/3 self 4/7 aerial 1/1 rushdown 0/1 | roll 1.9s upd 30.8s
[brain] it 5040 [league 72%] R/ep 10.72 ent 2.16 kl 0.008 | hit/swing 61% dj/min 34.7 blk/min 0.1 abiHit 26 supHit 79 | self 2/6 hard x3 3/3 sov fast 2/6 expert 3/3 hard 2/2 sovereign 2/3 medium 3/3 aerial 2/2 zoner 1/1 rushdown 1/2 easy 2/2 summoner 3/3 turtle 1/1 switcher 2/2 | roll 1.8s upd 29.5s
[brain] it 5041 [league 71%] R/ep 10.62 ent 2.15 kl 0.010 | hit/swing 56% dj/min 32.6 blk/min 0.1 abiHit 50 supHit 82 | sovereign 3/6 switcher 2/2 medium 3/3 self 2/4 sov fast 5/6 easy 3/3 idle 3/3 expert 2/2 expert x2 2/3 turtle 2/2 rushdown 1/1 zoner 1/1 hard 1/1 summoner 1/1 hard x3 0/1 | roll 1.9s upd 29.5s
[brain] it 5042 [league 69%] R/ep 10.45 ent 2.22 kl 0.007 | hit/swing 51% dj/min 29.5 blk/min 0.1 abiHit 71 supHit 60 | hard x3 0/2 easy 3/3 self 2/7 idle 2/2 expert 1/1 hard 4/4 zoner 2/2 medium 2/2 human 1/1 sovereign 1/3 turtle 1/1 sov fast 3/3 | roll 1.8s upd 31.2s
[brain] it 5043 [league 66%] R/ep 10.62 ent 2.16 kl 0.005 | hit/swing 50% dj/min 31.7 blk/min 0.3 abiHit 62 supHit 62 | expert 3/3 counter 2/2 self 3/4 sovereign 3/7 summoner 1/1 easy 3/3 sov fast 1/2 idle 1/1 expert x2 1/3 aerial 1/1 turtle 1/1 rushdown 1/1 medium 1/1 switcher 1/1 | roll 1.8s upd 30.5s
[brain] it 5044 [league 66%] R/ep 10.84 ent 2.15 kl 0.008 | hit/swing 62% dj/min 31.9 blk/min 0.2 abiHit 67 supHit 85 | sovereign 1/2 rushdown 2/2 expert x2 1/1 sov fast 6/8 self 2/7 hard 2/2 hard x3 2/2 medium 2/2 expert 2/2 zoner 1/1 human 1/1 easy 2/2 aerial 1/2 idle 2/2 switcher 1/1 | roll 1.9s upd 32.4s
[brain] it 5045 [league 68%] R/ep 9.27 ent 2.16 kl 0.008 | hit/swing 52% dj/min 34.7 blk/min 0.3 abiHit 38 supHit 74 | aerial 3/3 self 3/7 sov fast 4/5 sovereign 5/7 rushdown 0/2 expert 5/5 hard x3 0/1 summoner 1/1 easy 1/1 switcher 2/2 idle 1/1 medium 1/1 zoner 2/2 expert x2 1/1 | roll 1.8s upd 28.8s
[brain] it 5046 [league 66%] R/ep 9.46 ent 2.19 kl 0.008 | hit/swing 57% dj/min 28.8 blk/min 0.0 abiHit 53 supHit 60 | summoner 3/3 sov fast 1/4 self 0/3 counter 2/2 switcher 1/1 easy 3/3 human 1/1 idle 1/1 aerial 1/1 hard x3 0/1 hard 2/2 turtle 2/2 sovereign 2/4 expert 2/2 medium 3/3 | roll 1.8s upd 30.7s
[brain] it 5047 [league 63%] R/ep 8.11 ent 2.21 kl 0.005 | hit/swing 56% dj/min 34.5 blk/min 0.3 abiHit 37 supHit 76 | expert 4/4 sovereign 2/6 zoner 2/2 expert x2 3/3 sov fast 5/10 self 5/7 human 1/1 aerial 0/1 summoner 2/2 easy 1/1 counter 1/1 | roll 1.9s upd 31.5s
[brain] it 5048 [league 63%] R/ep 10.47 ent 2.17 kl 0.009 | hit/swing 54% dj/min 32.2 blk/min 0.1 abiHit 51 supHit 68 | easy 2/2 hard x3 0/2 summoner 3/3 medium 2/2 aerial 2/2 sov fast 4/7 sovereign 4/4 expert 3/3 hard 1/1 self 2/3 human 1/1 idle 2/2 switcher 1/1 counter 1/1 expert x2 1/1 | roll 2.3s upd 32.3s
[brain] it 5049 [league 62%] R/ep 5.20 ent 2.22 kl 0.009 | hit/swing 53% dj/min 35.3 blk/min 0.3 abiHit 19 supHit 75 | easy 2/2 human 0/1 self 4/9 expert 4/4 sovereign 2/6 counter 1/1 sov fast 3/8 summoner 1/1 medium 2/2 switcher 1/1 zoner 1/1 turtle 0/1 | roll 2.0s upd 30.8s
[brain] it 5050 [league 65%] R/ep 12.62 ent 2.18 kl 0.006 | hit/swing 55% dj/min 36.6 blk/min 0.5 abiHit 39 supHit 87 | self 4/5 hard x3 1/2 easy 2/2 rushdown 1/1 medium 2/2 switcher 2/2 sov fast 5/7 sovereign 9/9 human 1/1 summoner 2/2 aerial 1/1 counter 2/2 expert 2/2 zoner 3/3 | roll 2.1s upd 31.6s
[brain] it 5051 [league 65%] R/ep 11.55 ent 2.16 kl 0.008 | hit/swing 58% dj/min 30.0 blk/min 0.1 abiHit 54 supHit 72 | sovereign 2/3 summoner 2/2 expert 7/7 sov fast 1/3 human 2/2 hard 1/1 medium 2/2 rushdown 1/1 turtle 2/2 hard x3 0/1 expert x2 2/2 self 3/7 counter 2/2 easy 1/1 | roll 1.9s upd 32.2s
[brain] it 5052 [league 65%] R/ep 10.46 ent 2.12 kl 0.006 | hit/swing 59% dj/min 32.7 blk/min 0.2 abiHit 38 supHit 81 | sovereign 7/9 self 7/11 aerial 2/2 sov fast 3/4 zoner 2/2 idle 1/1 turtle 1/1 expert 1/1 summoner 2/2 easy 1/1 counter 1/1 expert x2 2/3 medium 1/1 | roll 2.2s upd 28.8s
[brain] it 5053 [league 66%] R/ep 8.23 ent 2.19 kl 0.007 | hit/swing 55% dj/min 35.5 blk/min 0.6 abiHit 31 supHit 95 | sov fast 5/6 sovereign 9/12 self 6/14 turtle 2/2 human 1/1 hard 1/1 expert 6/6 zoner 3/3 expert x2 2/2 aerial 0/1 rushdown 1/1 | roll 2.1s upd 32.8s
[brain] it 5054 [league 67%] R/ep 8.37 ent 2.34 kl 0.008 | hit/swing 51% dj/min 37.6 blk/min 0.1 abiHit 34 supHit 63 | sovereign 7/8 switcher 3/3 human 1/2 zoner 1/1 idle 1/1 self 1/6 sov fast 2/2 expert 1/1 summoner 1/1 medium 1/1 hard 1/1 hard x3 0/1 easy 1/1 expert x2 1/1 rushdown 2/2 | roll 1.9s upd 38.4s
[brain] it 5055 [league 68%] R/ep 11.11 ent 2.10 kl 0.006 | hit/swing 59% dj/min 33.5 blk/min 0.0 abiHit 30 supHit 87 | sovereign 7/9 medium 2/2 sov fast 2/4 aerial 2/2 idle 4/4 self 1/3 easy 2/2 rushdown 3/3 human 1/1 summoner 2/2 switcher 1/1 hard 1/1 turtle 4/4 counter 1/1 expert 1/1 | roll 1.8s upd 34.2s
[brain] it 5056 [league 68%] R/ep 12.84 ent 2.10 kl 0.008 | hit/swing 58% dj/min 30.3 blk/min 0.2 abiHit 37 supHit 92 | expert 4/4 self 6/7 rushdown 1/2 idle 3/3 sov fast 2/7 sovereign 2/2 easy 1/1 summoner 1/1 expert x2 2/2 counter 2/2 hard x3 1/1 aerial 1/1 switcher 2/2 turtle 2/2 hard 1/1 | roll 1.9s upd 30.9s
[brain] it 5057 [league 69%] R/ep 12.52 ent 2.15 kl 0.008 | hit/swing 54% dj/min 33.3 blk/min 0.4 abiHit 61 supHit 96 | expert 5/5 zoner 2/2 self 5/10 sovereign 3/5 hard 2/2 aerial 1/1 expert x2 2/2 hard x3 1/3 sov fast 2/2 idle 2/2 rushdown 1/1 turtle 1/1 human 2/2 summoner 1/1 medium 1/1 | roll 1.9s upd 30.1s
[brain] it 5058 [league 69%] R/ep 11.38 ent 2.16 kl 0.006 | hit/swing 61% dj/min 31.3 blk/min 0.1 abiHit 40 supHit 69 | human 1/1 counter 2/2 medium 1/1 sovereign 4/7 self 4/5 expert 1/1 rushdown 3/3 switcher 1/1 expert x2 1/1 sov fast 2/3 turtle 1/1 hard x3 1/1 easy 2/2 hard 1/1 summoner 1/1 idle 1/1 | roll 1.8s upd 29.4s
[brain] it 5059 [league 72%] R/ep 8.12 ent 2.22 kl 0.008 | hit/swing 54% dj/min 33.8 blk/min 0.1 abiHit 47 supHit 80 | summoner 2/2 sovereign 6/8 self 8/11 sov fast 3/6 hard x3 1/1 expert 3/3 idle 2/2 easy 2/2 turtle 1/1 human 1/1 switcher 1/1 | roll 2.2s upd 33.5s
[brain] it 5060 [league 70%] R/ep 11.74 ent 2.28 kl 0.009 | hit/swing 49% dj/min 33.5 blk/min 0.1 abiHit 39 supHit 51 | sov fast 2/3 aerial 1/1 easy 1/1 hard x3 1/2 turtle 2/2 self 2/3 sovereign 3/6 zoner 4/4 expert 3/3 hard 1/1 rushdown 0/1 medium 1/1 idle 1/1 expert x2 0/1 | roll 2.0s upd 32.1s
[brain] it 5061 [league 74%] R/ep 11.78 ent 2.26 kl 0.008 | hit/swing 55% dj/min 33.7 blk/min 0.1 abiHit 65 supHit 76 | self 3/6 hard x3 1/2 expert 3/3 sov fast 2/2 sovereign 8/9 easy 2/2 medium 3/3 aerial 1/1 human 1/1 expert x2 1/1 zoner 1/1 switcher 1/1 turtle 1/1 idle 1/1 | roll 2.0s upd 32.8s
[brain] it 5062 [league 74%] R/ep 7.74 ent 2.24 kl 0.008 | hit/swing 48% dj/min 31.0 blk/min 0.0 abiHit 74 supHit 60 | hard x3 2/3 sovereign 3/5 sov fast 2/3 expert 0/1 turtle 3/3 self 0/3 switcher 0/1 easy 2/2 hard 3/3 expert x2 0/1 counter 2/2 aerial 0/1 | roll 1.9s upd 40.3s
[brain] it 5063 [league 75%] R/ep 10.79 ent 2.14 kl 0.007 | hit/swing 56% dj/min 31.6 blk/min 0.4 abiHit 42 supHit 83 | sov fast 5/11 aerial 1/2 hard 4/4 zoner 2/2 sovereign 3/4 turtle 3/3 hard x3 1/1 human 2/2 switcher 1/1 expert x2 1/2 summoner 2/2 easy 2/2 self 1/2 expert 1/1 idle 1/1 | roll 2.6s upd 47.0s
[brain] it 5064 [league 75%] R/ep 10.94 ent 2.13 kl 0.007 | hit/swing 53% dj/min 34.7 blk/min 0.2 abiHit 72 supHit 83 | expert 2/3 aerial 1/1 sov fast 4/6 medium 3/3 self 5/8 summoner 1/1 sovereign 9/11 easy 3/3 hard 2/2 human 2/2 zoner 2/2 rushdown 1/1 idle 1/1 counter 1/1 | roll 2.5s upd 43.2s
[brain] it 5065 [league 75%] R/ep 10.98 ent 2.12 kl 0.008 | hit/swing 61% dj/min 31.1 blk/min 0.0 abiHit 54 supHit 97 | sov fast 12/14 hard x3 1/1 self 4/5 sovereign 3/4 easy 2/2 expert x2 2/2 expert 3/3 summoner 4/5 hard 1/1 medium 3/3 zoner 1/1 counter 1/1 | roll 2.0s upd 34.9s
[brain] it 5066 [league 75%] R/ep 13.09 ent 2.21 kl 0.007 | hit/swing 52% dj/min 33.8 blk/min 0.2 abiHit 55 supHit 78 | medium 2/2 counter 2/2 expert 3/3 summoner 1/1 sov fast 2/3 self 4/6 idle 2/2 sovereign 2/3 switcher 2/2 expert x2 1/1 zoner 2/2 hard x3 1/2 human 1/1 aerial 0/1 easy 1/1 turtle 2/2 | roll 1.9s upd 32.2s
[brain] it 5067 [league 71%] R/ep 7.35 ent 2.22 kl 0.008 | hit/swing 45% dj/min 32.5 blk/min 0.0 abiHit 81 supHit 55 | turtle 1/1 sov fast 4/7 switcher 2/2 expert 1/1 self 1/4 sovereign 1/5 hard x3 1/1 counter 1/1 hard 1/1 idle 1/1 summoner 1/1 rushdown 1/1 aerial 1/1 medium 1/1 human 1/1 | roll 2.0s upd 32.3s
[brain] it 5068 [league 72%] R/ep 8.18 ent 2.21 kl 0.007 | hit/swing 50% dj/min 32.4 blk/min 0.1 abiHit 58 supHit 76 | switcher 1/3 sov fast 4/7 self 2/5 expert 5/5 sovereign 6/8 easy 2/2 hard 3/3 summoner 2/2 turtle 1/1 medium 1/1 expert x2 1/2 zoner 1/1 | roll 1.9s upd 31.3s
[brain] it 5069 [league 70%] R/ep 11.82 ent 2.15 kl 0.010 | hit/swing 47% dj/min 30.6 blk/min 0.1 abiHit 94 supHit 69 | expert 4/4 self 1/3 sov fast 3/4 turtle 1/1 hard 1/1 switcher 2/3 counter 4/4 sovereign 2/4 zoner 1/1 medium 1/1 hard x3 1/3 easy 2/2 human 1/1 rushdown 0/1 | roll 1.8s upd 46.7s
[brain] it 5070 [league 66%] R/ep 2.67 ent 2.26 kl 0.009 | hit/swing 40% dj/min 36.0 blk/min 0.3 abiHit 66 supHit 54 | sovereign 4/10 hard x3 0/1 switcher 1/2 summoner 1/2 human 1/1 expert 1/1 rushdown 2/2 self 2/4 sov fast 2/6 idle 1/1 | roll 2.3s upd 38.1s
[brain] it 5071 [league 65%] R/ep 5.80 ent 2.44 kl 0.007 | hit/swing 42% dj/min 41.1 blk/min 0.1 abiHit 8 supHit 40 | sovereign 1/3 switcher 2/3 easy 3/3 summoner 1/1 self 1/2 hard 1/1 aerial 1/1 sov fast 1/5 medium 1/1 counter 1/1 human 1/2 rushdown 0/1 zoner 1/1 | roll 2.1s upd 33.4s
[brain] it 5072 [league 65%] R/ep 8.66 ent 2.20 kl 0.008 | hit/swing 52% dj/min 34.5 blk/min 0.0 abiHit 55 supHit 79 | summoner 3/4 sov fast 3/6 expert x2 0/1 self 3/8 easy 3/3 medium 1/1 rushdown 0/1 switcher 1/1 hard 1/1 human 2/2 sovereign 3/4 expert 2/2 idle 1/1 hard x3 1/1 turtle 1/1 | roll 1.9s upd 30.3s
[brain] it 5073 [league 65%] R/ep 11.34 ent 2.09 kl 0.009 | hit/swing 62% dj/min 31.2 blk/min 0.2 abiHit 45 supHit 82 | self 3/5 expert 8/8 medium 1/1 counter 1/2 sovereign 4/5 human 3/3 switcher 1/1 idle 3/3 sov fast 4/7 rushdown 2/2 turtle 2/2 zoner 1/1 aerial 1/1 hard 1/1 | roll 2.0s upd 35.8s
[brain] it 5074 [league 65%] R/ep 10.85 ent 2.17 kl 0.007 | hit/swing 60% dj/min 30.8 blk/min 0.2 abiHit 59 supHit 89 | sovereign 5/8 self 3/5 sov fast 6/8 medium 3/3 hard 3/3 expert x2 1/2 human 1/1 idle 2/2 hard x3 2/2 easy 1/1 expert 1/1 zoner 1/1 switcher 1/1 | roll 1.9s upd 33.7s
[brain] it 5075 [league 64%] R/ep 7.23 ent 2.19 kl 0.008 | hit/swing 56% dj/min 35.0 blk/min 0.3 abiHit 44 supHit 65 | idle 1/1 self 7/12 expert x2 2/2 sovereign 1/3 rushdown 0/1 summoner 2/2 sov fast 2/4 expert 5/5 aerial 2/2 hard 2/2 switcher 1/1 | roll 2.1s upd 36.4s
[brain] it 5076 [league 64%] R/ep 11.34 ent 2.10 kl 0.008 | hit/swing 58% dj/min 29.7 blk/min 0.2 abiHit 61 supHit 96 | hard 3/3 sov fast 3/4 medium 4/4 summoner 3/3 sovereign 6/8 switcher 1/1 counter 1/1 rushdown 2/2 self 2/7 aerial 2/2 idle 2/2 expert 3/3 expert x2 1/1 hard x3 0/1 | roll 2.0s upd 41.2s
[brain] it 5077 [league 66%] R/ep 12.73 ent 2.21 kl 0.009 | hit/swing 57% dj/min 36.6 blk/min 0.2 abiHit 30 supHit 60 | easy 2/2 zoner 3/3 sov fast 4/6 idle 2/2 summoner 2/2 self 2/3 hard x3 1/2 expert 4/4 counter 3/3 human 1/1 sovereign 3/4 aerial 1/1 hard 1/1 rushdown 1/1 | roll 1.9s upd 35.5s
[brain] it 5078 [league 63%] R/ep 5.97 ent 2.28 kl 0.007 | hit/swing 54% dj/min 34.3 blk/min 0.1 abiHit 48 supHit 65 | medium 1/1 sov fast 7/8 sovereign 7/11 hard x3 0/1 turtle 1/1 expert 4/4 self 2/7 easy 1/1 summoner 2/2 human 0/1 hard 1/1 idle 1/1 | roll 2.3s upd 34.3s
[brain] it 5079 [league 64%] R/ep 9.43 ent 2.24 kl 0.006 | hit/swing 48% dj/min 36.1 blk/min 0.1 abiHit 29 supHit 65 | sov fast 3/4 expert 1/1 human 0/1 expert x2 2/2 self 3/7 switcher 1/2 idle 3/3 counter 3/3 medium 2/2 easy 1/1 summoner 2/2 sovereign 2/2 aerial 1/1 | roll 1.9s upd 34.7s
[brain] it 5080 [league 64%] R/ep 8.70 ent 2.16 kl 0.007 | hit/swing 55% dj/min 35.9 blk/min 0.1 abiHit 20 supHit 75 | sovereign 1/2 self 3/7 rushdown 2/2 sov fast 6/11 expert 2/2 switcher 2/2 counter 1/1 zoner 2/2 hard 1/1 aerial 1/1 turtle 2/2 expert x2 2/2 easy 1/1 human 1/1 hard x3 0/1 | roll 2.0s upd 39.8s
[brain] it 5081 [league 64%] R/ep 10.77 ent 2.15 kl 0.007 | hit/swing 60% dj/min 31.7 blk/min 0.2 abiHit 55 supHit 75 | hard 2/2 sovereign 2/3 idle 3/3 sov fast 4/7 easy 2/2 self 3/5 hard x3 1/2 expert 3/3 human 1/1 switcher 1/1 counter 0/1 medium 1/1 zoner 2/2 turtle 1/1 expert x2 1/1 | roll 1.8s upd 36.5s
[brain] it 5082 [league 63%] R/ep 9.66 ent 2.20 kl 0.008 | hit/swing 61% dj/min 35.3 blk/min 0.3 abiHit 37 supHit 73 | summoner 1/1 self 5/7 hard x3 1/1 sov fast 3/6 expert 3/3 sovereign 7/9 counter 1/1 expert x2 0/1 zoner 2/2 easy 2/2 idle 2/2 hard 2/2 aerial 1/1 | roll 2.1s upd 32.8s
[brain] it 5083 [league 63%] R/ep 11.80 ent 2.21 kl 0.007 | hit/swing 55% dj/min 35.5 blk/min 0.2 abiHit 27 supHit 81 | self 4/6 sov fast 6/8 idle 3/3 expert 2/2 rushdown 1/1 sovereign 3/4 summoner 2/2 human 1/1 medium 3/3 aerial 2/2 expert x2 1/1 switcher 1/1 zoner 1/1 hard 1/1 turtle 2/2 | roll 2.1s upd 38.1s
[brain] it 5084 [league 67%] R/ep 10.72 ent 2.13 kl 0.008 | hit/swing 62% dj/min 32.6 blk/min 0.3 abiHit 47 supHit 90 | expert 5/5 sovereign 12/14 hard x3 1/1 self 2/7 medium 3/3 sov fast 2/4 summoner 2/2 expert x2 2/2 idle 2/2 zoner 1/1 counter 1/1 hard 1/1 | roll 2.3s upd 35.5s
[brain] it 5085 [league 68%] R/ep 14.24 ent 2.10 kl 0.008 | hit/swing 69% dj/min 31.9 blk/min 0.1 abiHit 58 supHit 84 | self 6/8 aerial 1/1 summoner 1/1 sovereign 4/5 idle 3/3 switcher 1/1 sov fast 5/5 hard 2/2 medium 1/1 zoner 3/3 expert x2 2/2 expert 2/2 easy 1/1 counter 2/2 turtle 2/2 hard x3 0/1 human 2/2 | roll 2.0s upd 34.0s
[brain] it 5086 [league 69%] R/ep 11.81 ent 2.06 kl 0.009 | hit/swing 61% dj/min 30.3 blk/min 0.1 abiHit 69 supHit 92 | self 2/6 sovereign 5/8 sov fast 4/6 expert x2 0/1 hard x3 3/3 expert 4/4 zoner 4/4 rushdown 1/1 easy 2/2 counter 1/1 idle 3/3 switcher 2/2 hard 1/1 turtle 1/1 summoner 1/1 | roll 2.1s upd 42.3s
[brain] it 5087 [league 71%] R/ep 8.93 ent 2.17 kl 0.008 | hit/swing 51% dj/min 30.8 blk/min 0.2 abiHit 101 supHit 71 | self 1/3 expert 2/2 hard 2/2 sovereign 6/9 easy 2/2 summoner 2/3 sov fast 2/4 rushdown 3/4 idle 1/1 hard x3 0/2 expert x2 1/1 medium 2/2 | roll 2.4s upd 181.8s
[brain] it 5088 [league 74%] R/ep 12.37 ent 2.06 kl 0.006 | hit/swing 66% dj/min 31.4 blk/min 0.2 abiHit 35 supHit 83 | easy 4/4 medium 2/2 summoner 0/1 sov fast 3/5 aerial 1/2 self 3/4 zoner 1/1 turtle 3/3 sovereign 7/7 expert x2 2/2 rushdown 1/1 idle 1/1 counter 1/1 expert 3/4 human 1/1 hard x3 1/1 | roll 3.1s upd 87.3s
[brain] it 5089 [league 74%] R/ep 9.97 ent 2.18 kl 0.008 | hit/swing 51% dj/min 30.7 blk/min 0.2 abiHit 57 supHit 79 | expert 5/5 easy 1/1 sovereign 5/6 switcher 2/2 summoner 2/3 rushdown 1/1 self 4/5 sov fast 4/6 turtle 2/2 human 1/1 idle 1/1 | roll 2.7s upd 59.1s
[brain] it 5090 [league 73%] R/ep 10.00 ent 2.13 kl 0.007 | hit/swing 62% dj/min 33.2 blk/min 0.2 abiHit 23 supHit 82 | switcher 2/2 self 3/5 sov fast 4/7 hard 1/1 human 2/2 idle 2/2 hard x3 1/2 aerial 2/2 sovereign 1/4 rushdown 1/1 medium 1/1 zoner 1/1 summoner 1/1 expert x2 2/2 easy 2/2 expert 2/2 | roll 2.7s upd 58.3s
[brain] it 5091 [league 73%] R/ep 11.79 ent 2.17 kl 0.007 | hit/swing 60% dj/min 35.5 blk/min 0.1 abiHit 41 supHit 84 | sov fast 3/4 self 6/7 idle 3/3 easy 1/1 expert 5/5 hard 3/3 switcher 1/2 summoner 0/1 human 2/2 sovereign 1/2 aerial 2/2 expert x2 2/2 hard x3 1/2 | roll 2.4s upd 57.3s
[brain] it 5092 [league 74%] R/ep 9.61 ent 2.14 kl 0.009 | hit/swing 50% dj/min 34.5 blk/min 0.2 abiHit 69 supHit 83 | idle 2/2 zoner 1/1 self 3/6 sov fast 5/9 aerial 2/2 hard 4/4 summoner 1/1 sovereign 4/4 switcher 0/1 medium 2/2 easy 2/2 counter 1/1 expert 2/2 human 0/1 turtle 2/2 | roll 2.4s upd 61.3s
[brain] it 5093 [league 74%] R/ep 11.51 ent 2.18 kl 0.008 | hit/swing 56% dj/min 33.4 blk/min 0.1 abiHit 54 supHit 73 | turtle 1/1 sovereign 3/5 self 3/7 easy 3/3 counter 1/1 summoner 2/2 idle 4/4 sov fast 1/2 expert x2 1/2 hard x3 2/2 zoner 1/1 aerial 1/1 expert 2/2 medium 2/2 rushdown 0/1 | roll 2.8s upd 53.3s
[brain] it 5094 [league 73%] R/ep 7.41 ent 2.16 kl 0.008 | hit/swing 48% dj/min 31.3 blk/min 0.2 abiHit 79 supHit 79 | sov fast 3/9 expert x2 1/1 zoner 1/1 self 3/7 medium 2/2 idle 1/1 summoner 4/4 hard x3 0/3 sovereign 2/3 switcher 1/1 expert 3/3 hard 1/1 | roll 2.4s upd 61.9s
[brain] it 5095 [league 72%] R/ep 8.06 ent 2.18 kl 0.008 | hit/swing 58% dj/min 33.1 blk/min 0.3 abiHit 28 supHit 72 | self 5/9 easy 2/2 sovereign 1/3 aerial 0/1 medium 4/4 human 1/1 expert 3/3 hard 2/2 hard x3 0/1 counter 2/3 sov fast 4/5 summoner 2/3 switcher 1/1 rushdown 0/1 turtle 1/1 | roll 2.9s upd 72.7s
[brain] it 5096 [league 73%] R/ep 13.39 ent 2.18 kl 0.008 | hit/swing 62% dj/min 34.6 blk/min 0.3 abiHit 45 supHit 79 | summoner 2/2 medium 3/3 sovereign 4/5 expert x2 1/1 sov fast 4/5 self 7/8 easy 3/3 expert 3/3 hard 6/6 idle 2/2 zoner 4/4 rushdown 1/1 | roll 3.6s upd 82.1s
[brain] it 5097 [league 72%] R/ep 9.20 ent 2.27 kl 0.007 | hit/swing 49% dj/min 33.6 blk/min 0.3 abiHit 51 supHit 58 | self 4/7 expert x2 1/1 sov fast 3/5 sovereign 3/6 turtle 2/2 easy 1/1 medium 2/2 counter 1/1 aerial 1/1 expert 2/2 rushdown 1/1 zoner 1/1 hard x3 1/1 | roll 4.2s upd 119.1s
[brain] it 5098 [league 71%] R/ep 10.37 ent 2.17 kl 0.009 | hit/swing 60% dj/min 30.6 blk/min 0.1 abiHit 48 supHit 64 | sovereign 3/6 self 3/4 easy 2/2 idle 3/3 sov fast 2/5 expert 2/2 zoner 2/2 counter 1/1 switcher 2/2 hard 2/2 medium 1/1 summoner 1/2 expert x2 0/1 turtle 1/1 aerial 1/1 | roll 2.6s upd 68.8s
[brain] it 5099 [league 71%] R/ep 11.86 ent 2.20 kl 0.006 | hit/swing 59% dj/min 29.6 blk/min 0.2 abiHit 74 supHit 71 | summoner 4/4 easy 1/1 rushdown 1/1 sovereign 4/5 sov fast 4/4 hard 2/2 self 3/5 zoner 1/1 idle 3/3 expert x2 1/1 medium 1/1 expert 2/2 aerial 1/1 turtle 1/1 | roll 2.5s upd 79.1s
[brain] it 5100 [league 69%] R/ep 8.47 ent 2.19 kl 0.007 | hit/swing 48% dj/min 31.2 blk/min 0.1 abiHit 92 supHit 75 | sovereign 4/7 expert 4/4 medium 3/3 self 4/6 sov fast 2/4 rushdown 3/3 expert x2 0/1 easy 1/1 summoner 1/1 zoner 1/1 idle 1/1 | roll 2.0s upd 41.7s
[brain] it 5101 [league 69%] R/ep 12.02 ent 2.12 kl 0.008 | hit/swing 65% dj/min 34.6 blk/min 0.4 abiHit 6 supHit 56 | sovereign 3/4 hard x3 1/2 expert 4/4 medium 2/2 summoner 1/1 zoner 1/1 sov fast 1/2 idle 1/1 counter 2/2 self 1/3 aerial 0/1 human 0/1 expert x2 1/1 easy 1/1 | roll 8.2s upd 27.1s
[brain] it 5102 [league 68%] R/ep 8.56 ent 2.18 kl 0.009 | hit/swing 56% dj/min 34.1 blk/min 0.3 abiHit 13 supHit 49 | hard x3 0/1 expert 4/4 medium 3/3 sov fast 2/2 sovereign 3/5 self 5/6 idle 1/1 turtle 2/2 switcher 1/1 | roll 7.2s upd 26.0s
[brain] it 5103 [league 67%] R/ep 11.68 ent 2.39 kl 0.009 | hit/swing 38% dj/min 40.3 blk/min 0.3 abiHit 40 supHit 31 | sovereign 3/5 human 2/2 zoner 2/2 summoner 2/2 expert 4/4 easy 1/1 counter 0/1 self 1/1 sov fast 1/1 rushdown 1/1 | roll 7.5s upd 27.9s
[brain] it 5104 [league 66%] R/ep 10.46 ent 2.09 kl 0.008 | hit/swing 64% dj/min 31.3 blk/min 0.2 abiHit 42 supHit 95 | human 3/3 sov fast 4/4 aerial 1/1 idle 2/2 self 4/9 sovereign 4/6 expert 2/2 hard 1/1 summoner 2/2 easy 3/3 turtle 2/2 hard x3 1/2 switcher 1/1 medium 2/2 expert x2 2/2 counter 1/1 | roll 2.5s upd 46.9s
[brain] it 5105 [league 67%] R/ep 8.16 ent 2.35 kl 0.009 | hit/swing 40% dj/min 40.3 blk/min 0.3 abiHit 54 supHit 50 | aerial 1/1 sovereign 4/5 switcher 1/1 sov fast 5/8 expert 1/1 self 5/6 easy 2/2 zoner 1/1 idle 1/1 rushdown 0/1 medium 1/1 turtle 1/1 | roll 2.9s upd 59.1s
[brain] it 5106 [league 66%] R/ep 6.63 ent 2.20 kl 0.007 | hit/swing 54% dj/min 33.6 blk/min 0.4 abiHit 41 supHit 61 | sovereign 4/9 easy 2/2 switcher 2/2 medium 1/1 expert 4/4 summoner 2/2 aerial 2/2 self 4/6 sov fast 2/6 expert x2 0/1 hard 1/1 | roll 3.6s upd 48.2s
[brain] it 5107 [league 64%] R/ep 12.11 ent 2.21 kl 0.007 | hit/swing 48% dj/min 29.5 blk/min 0.1 abiHit 97 supHit 68 | human 2/2 self 1/3 idle 2/2 rushdown 0/1 switcher 2/2 expert x2 1/1 sovereign 2/4 summoner 2/2 hard 2/2 zoner 2/2 sov fast 4/4 aerial 1/1 expert 2/2 hard x3 0/1 turtle 1/1 medium 1/1 counter 1/1 | roll 1.9s upd 29.2s
[brain] it 5108 [league 60%] R/ep 9.88 ent 2.19 kl 0.008 | hit/swing 62% dj/min 35.1 blk/min 0.4 abiHit 35 supHit 74 | medium 2/2 sov fast 1/4 expert 1/1 rushdown 2/2 easy 1/1 human 2/2 hard x3 2/3 hard 1/1 zoner 2/2 self 2/6 expert x2 0/1 summoner 1/1 sovereign 3/7 turtle 1/1 counter 1/1 idle 1/1 | roll 1.8s upd 32.8s
[brain] it 5109 [league 59%] R/ep 9.13 ent 2.17 kl 0.007 | hit/swing 51% dj/min 30.6 blk/min 0.0 abiHit 63 supHit 68 | sovereign 3/5 sov fast 5/6 self 3/7 summoner 1/1 hard 3/3 medium 4/4 idle 2/2 easy 2/2 zoner 1/1 hard x3 1/1 counter 2/2 expert 1/1 | roll 1.7s upd 21.9s
[brain] it 5110 [league 60%] R/ep 9.96 ent 2.23 kl 0.009 | hit/swing 61% dj/min 31.8 blk/min 0.1 abiHit 48 supHit 64 | sovereign 2/5 expert 3/3 counter 3/3 expert x2 2/2 self 1/6 hard x3 1/1 aerial 2/2 sov fast 2/3 hard 1/1 zoner 1/1 idle 1/1 medium 1/1 summoner 1/1 | roll 1.8s upd 25.2s
[brain] it 5111 [league 59%] R/ep 11.83 ent 2.17 kl 0.009 | hit/swing 43% dj/min 30.3 blk/min 0.2 abiHit 91 supHit 78 | idle 2/2 self 2/4 hard 1/1 aerial 0/1 sovereign 5/6 medium 1/1 expert x2 1/1 human 2/2 summoner 3/3 hard x3 2/2 switcher 1/1 expert 1/1 counter 0/1 sov fast 2/3 turtle 1/1 easy 2/2 | roll 1.7s upd 20.3s
[brain] it 5112 [league 59%] R/ep 7.81 ent 2.21 kl 0.007 | hit/swing 51% dj/min 30.1 blk/min 0.0 abiHit 78 supHit 74 | sovereign 2/4 self 4/13 idle 3/3 human 1/1 sov fast 4/5 expert x2 2/2 hard x3 1/1 switcher 1/1 zoner 1/1 summoner 4/4 hard 2/2 turtle 2/2 expert 1/1 | roll 1.9s upd 18.9s
[brain] it 5113 [league 57%] R/ep 9.59 ent 2.14 kl 0.007 | hit/swing 61% dj/min 30.0 blk/min 0.1 abiHit 56 supHit 81 | self 6/9 hard 2/2 sovereign 5/11 idle 3/3 sov fast 4/5 switcher 1/1 counter 3/3 summoner 1/1 easy 2/2 human 1/1 turtle 1/1 hard x3 1/1 zoner 0/1 aerial 1/1 | roll 1.6s upd 15.4s
[brain] it 5114 [league 57%] R/ep 7.04 ent 2.16 kl 0.007 | hit/swing 56% dj/min 32.2 blk/min 0.1 abiHit 56 supHit 79 | expert 3/3 self 4/9 sovereign 4/10 aerial 1/1 summoner 2/2 expert x2 2/4 rushdown 2/2 hard 2/2 counter 1/1 sov fast 1/2 hard x3 0/1 zoner 1/1 | roll 1.5s upd 16.3s
[brain] it 5115 [league 57%] R/ep 10.46 ent 2.19 kl 0.007 | hit/swing 56% dj/min 31.2 blk/min 0.4 abiHit 43 supHit 67 | sovereign 6/7 summoner 2/2 self 3/7 zoner 2/2 sov fast 2/3 aerial 1/1 hard 2/2 expert 2/2 counter 1/1 hard x3 1/1 switcher 1/1 expert x2 2/2 easy 2/2 idle 1/1 | roll 1.6s upd 16.7s
[brain] it 5116 [league 60%] R/ep 10.38 ent 2.13 kl 0.008 | hit/swing 58% dj/min 31.3 blk/min 0.6 abiHit 48 supHit 88 | sov fast 6/10 summoner 1/1 self 4/6 sovereign 8/9 turtle 2/2 switcher 1/1 medium 4/4 expert 3/3 easy 1/1 expert x2 1/1 counter 1/1 hard 2/2 rushdown 1/1 human 1/1 | roll 1.5s upd 15.8s
[brain] it 5117 [league 59%] R/ep 9.38 ent 2.13 kl 0.008 | hit/swing 54% dj/min 29.7 blk/min 0.1 abiHit 77 supHit 88 | turtle 2/2 sov fast 2/5 easy 2/2 sovereign 5/9 summoner 4/4 expert 7/7 human 2/2 idle 1/1 self 2/4 zoner 2/2 hard 2/2 hard x3 0/1 expert x2 0/1 | roll 1.5s upd 15.6s
[brain] it 5118 [league 56%] R/ep 8.60 ent 2.19 kl 0.009 | hit/swing 52% dj/min 31.0 blk/min 0.3 abiHit 24 supHit 71 | expert 5/5 rushdown 2/2 sov fast 2/4 zoner 3/3 self 1/3 sovereign 3/9 expert x2 1/1 easy 1/1 aerial 1/1 medium 1/1 human 2/2 switcher 0/1 summoner 1/1 hard 1/1 hard x3 0/1 | roll 1.5s upd 15.6s
[brain] it 5119 [league 57%] R/ep 11.30 ent 2.10 kl 0.008 | hit/swing 54% dj/min 30.9 blk/min 0.2 abiHit 90 supHit 100 | sovereign 5/5 easy 2/2 switcher 1/1 aerial 2/2 turtle 4/4 expert 4/4 self 2/6 expert x2 1/2 hard 2/2 sov fast 3/5 counter 2/2 rushdown 1/1 medium 1/1 idle 1/1 hard x3 1/1 | roll 1.5s upd 16.0s
[brain] it 5120 [league 59%] R/ep 9.57 ent 2.19 kl 0.006 | hit/swing 49% dj/min 34.2 blk/min 0.1 abiHit 50 supHit 85 | rushdown 2/2 counter 4/4 self 3/7 sovereign 4/6 sov fast 0/2 hard 2/2 medium 2/2 expert 5/5 easy 1/1 aerial 0/2 expert x2 1/1 switcher 1/2 summoner 1/1 hard x3 1/1 | roll 1.5s upd 15.7s
[brain] it 5121 [league 59%] R/ep 7.80 ent 2.15 kl 0.007 | hit/swing 54% dj/min 33.1 blk/min 0.2 abiHit 43 supHit 75 | sov fast 6/9 sovereign 2/5 switcher 1/1 hard x3 1/1 self 3/7 expert 5/5 expert x2 1/1 human 1/1 hard 1/1 idle 2/2 zoner 1/1 easy 1/1 aerial 1/1 summoner 1/1 | roll 1.5s upd 16.1s
[brain] it 5122 [league 59%] R/ep 7.98 ent 2.26 kl 0.009 | hit/swing 53% dj/min 35.5 blk/min 0.0 abiHit 22 supHit 71 | sovereign 5/10 expert x2 1/1 sov fast 3/6 self 1/5 medium 3/3 counter 1/1 aerial 1/2 turtle 1/1 hard 2/2 expert 3/3 easy 1/1 idle 1/1 zoner 2/2 | roll 1.7s upd 17.2s
[brain] it 5123 [league 57%] R/ep 8.44 ent 2.20 kl 0.011 | hit/swing 63% dj/min 30.0 blk/min 0.2 abiHit 57 supHit 85 | easy 2/2 sovereign 3/8 hard x3 2/5 summoner 2/2 self 1/7 expert 4/4 sov fast 6/7 idle 4/4 zoner 1/1 turtle 1/1 | roll 1.6s upd 16.1s
[brain] it 5124 [league 59%] R/ep 10.23 ent 2.25 kl 0.009 | hit/swing 57% dj/min 34.2 blk/min 0.3 abiHit 32 supHit 72 | hard x3 1/2 sov fast 2/4 idle 2/2 rushdown 2/2 expert 2/2 easy 2/2 self 0/3 sovereign 8/10 turtle 1/1 summoner 2/2 hard 2/2 aerial 2/2 counter 2/2 medium 1/1 | roll 1.6s upd 15.8s
[brain] it 5125 [league 60%] R/ep 9.27 ent 2.21 kl 0.007 | hit/swing 45% dj/min 33.3 blk/min 0.1 abiHit 67 supHit 67 | sovereign 4/7 switcher 1/1 self 0/3 expert 2/2 turtle 1/1 human 2/2 sov fast 4/7 summoner 3/3 easy 2/2 idle 2/2 counter 1/1 expert x2 1/1 zoner 1/1 hard 1/1 medium 1/1 | roll 1.5s upd 19.2s
[brain] it 5126 [league 62%] R/ep 8.11 ent 2.17 kl 0.008 | hit/swing 51% dj/min 31.9 blk/min 0.2 abiHit 49 supHit 72 | sovereign 6/7 turtle 4/4 summoner 3/3 counter 0/1 sov fast 5/7 medium 2/2 idle 2/2 zoner 1/1 self 3/5 aerial 0/1 hard x3 0/1 expert 2/2 | roll 2.6s upd 30.7s
[brain] it 5127 [league 62%] R/ep 9.59 ent 2.15 kl 0.009 | hit/swing 57% dj/min 29.9 blk/min 0.2 abiHit 80 supHit 77 | expert x2 2/2 summoner 3/3 counter 1/1 sov fast 6/10 hard 1/1 sovereign 1/3 expert 5/5 self 1/3 idle 1/1 easy 1/1 rushdown 0/1 turtle 1/1 medium 3/3 aerial 1/1 hard x3 0/1 zoner 2/2 | roll 1.8s upd 23.0s
[brain] it 5128 [league 62%] R/ep 9.81 ent 2.19 kl 0.008 | hit/swing 58% dj/min 32.5 blk/min 0.1 abiHit 39 supHit 75 | expert x2 1/1 summoner 3/3 sov fast 4/10 self 2/3 aerial 1/2 counter 1/1 sovereign 2/4 hard x3 1/2 expert 4/4 switcher 1/1 human 2/2 easy 2/2 | roll 1.7s upd 42.1s
[brain] it 5129 [league 61%] R/ep 9.66 ent 2.19 kl 0.006 | hit/swing 58% dj/min 32.3 blk/min 0.0 abiHit 32 supHit 77 | self 1/1 expert 3/3 sov fast 5/8 medium 2/2 aerial 1/1 idle 1/1 sovereign 6/9 turtle 2/2 hard 2/2 human 2/2 rushdown 2/2 expert x2 1/1 counter 0/1 | roll 1.6s upd 21.1s
[brain] it 5130 [league 60%] R/ep 11.62 ent 2.15 kl 0.009 | hit/swing 63% dj/min 26.0 blk/min 0.2 abiHit 80 supHit 81 | self 5/7 expert 4/4 sovereign 6/9 hard 4/4 hard x3 0/2 expert x2 2/2 sov fast 3/3 human 1/1 idle 2/2 summoner 2/2 counter 1/1 zoner 1/1 medium 1/1 | roll 1.9s upd 23.1s
[brain] it 5131 [league 60%] R/ep 8.41 ent 2.18 kl 0.008 | hit/swing 59% dj/min 31.3 blk/min 0.2 abiHit 29 supHit 62 | switcher 2/2 self 3/5 turtle 2/2 idle 3/3 hard x3 1/1 rushdown 0/2 sovereign 2/5 sov fast 2/5 summoner 3/3 medium 1/1 human 1/1 aerial 1/1 | roll 1.5s upd 24.7s
[brain] it 5132 [league 58%] R/ep 11.24 ent 2.26 kl 0.008 | hit/swing 53% dj/min 37.5 blk/min 0.1 abiHit 34 supHit 73 | expert 4/4 counter 2/2 self 1/3 sov fast 8/8 expert x2 2/2 summoner 2/2 turtle 3/3 sovereign 1/3 zoner 1/1 human 0/1 aerial 1/2 hard x3 1/1 easy 1/1 | roll 1.9s upd 24.6s
[brain] it 5133 [league 60%] R/ep 9.79 ent 2.16 kl 0.006 | hit/swing 54% dj/min 29.4 blk/min 0.1 abiHit 61 supHit 84 | sovereign 9/13 hard 1/1 sov fast 5/8 idle 1/1 hard x3 1/1 summoner 2/2 expert 5/5 zoner 1/1 self 1/3 counter 1/1 switcher 1/1 easy 1/1 expert x2 1/1 | roll 1.7s upd 21.9s
[brain] it 5134 [league 61%] R/ep 13.76 ent 2.10 kl 0.009 | hit/swing 65% dj/min 29.1 blk/min 0.2 abiHit 60 supHit 95 | expert 6/6 summoner 5/5 human 1/1 sov fast 3/4 sovereign 4/4 self 3/5 hard 5/5 idle 2/2 rushdown 1/1 hard x3 1/2 aerial 2/2 zoner 1/1 expert x2 1/1 counter 1/1 | roll 1.7s upd 20.7s
[brain] it 5135 [league 63%] R/ep 11.26 ent 2.20 kl 0.008 | hit/swing 53% dj/min 35.3 blk/min 0.3 abiHit 46 supHit 75 | easy 3/3 rushdown 2/2 hard 3/3 self 2/6 expert 1/1 sov fast 5/6 sovereign 5/5 switcher 2/2 human 2/2 summoner 2/2 hard x3 1/1 zoner 2/2 counter 0/1 expert x2 1/1 turtle 1/1 idle 1/1 aerial 0/1 | roll 1.9s upd 54.8s
[brain] worker 0 failed (Attempted to use detached Frame 'D0B179E1A1821BD56D2EBF25444B9476'.); relaunching
[brain] worker 1 failed (Attempted to use detached Frame '77FD38BD72E327E11873CFDB77290A39'.); relaunching
[brain] worker 2 failed (Attempted to use detached Frame 'B62CABFACBB6FC8EB2246F7E21BB8F77'.); relaunching
[brain] worker 2 relaunch failed: Navigation timeout of 90000 ms exceeded
[brain] worker 0 relaunch failed: Navigation timeout of 90000 ms exceeded
[brain] worker 1 relaunch failed: Navigation timeout of 90000 ms exceeded
[brain] worker 2 relaunch failed: Navigation timeout of 90000 ms exceeded
[brain] worker 1 relaunch failed: Navigation timeout of 90000 ms exceeded
[brain] worker 0 relaunch failed: Navigation timeout of 90000 ms exceeded
[brain] worker 2 relaunch failed: Timed out after 30000 ms while waiting for the WS endpoint URL to appear in stdo
[brain] worker 1 relaunch failed: Timed out after 30000 ms while waiting for the WS endpoint URL to appear in stdo
[brain] worker 0 relaunch failed: Timed out after 30000 ms while waiting for the WS endpoint URL to appear in stdo
[brain] no worker returned data this iteration
[brain] worker 0 failed (Attempted to use detached Frame 'D0B179E1A1821BD56D2EBF25444B9476'.); relaunching
[brain] worker 1 failed (Attempted to use detached Frame '77FD38BD72E327E11873CFDB77290A39'.); relaunching
[brain] worker 2 failed (Attempted to use detached Frame 'B62CABFACBB6FC8EB2246F7E21BB8F77'.); relaunching
[brain] worker 0 relaunch failed: Navigation timeout of 90000 ms exceeded
[brain] worker 2 relaunch failed: Navigation timeout of 90000 ms exceeded
[brain] worker 1 relaunch failed: Navigation timeout of 90000 ms exceeded
[brain] worker 0 relaunch failed: Timed out after 30000 ms while waiting for the WS endpoint URL to appear in stdo
[brain] worker 0 relaunch failed: Timed out after 30000 ms while waiting for the WS endpoint URL to appear in stdo
[brain] worker 1 relaunch failed: Navigation timeout of 90000 ms exceeded
[brain] worker 2 relaunch failed: Navigation timeout of 90000 ms exceeded
[brain] worker 1 relaunch failed: Timed out after 30000 ms while waiting for the WS endpoint URL to appear in stdo
[brain] worker 2 relaunch failed: Timed out after 30000 ms while waiting for the WS endpoint URL to appear in stdo
[brain] no worker returned data this iteration
[brain] worker 0 failed (Attempted to use detached Frame 'D0B179E1A1821BD56D2EBF25444B9476'.); relaunching
[brain] worker 1 failed (Attempted to use detached Frame '77FD38BD72E327E11873CFDB77290A39'.); relaunching
[brain] worker 2 failed (Attempted to use detached Frame 'B62CABFACBB6FC8EB2246F7E21BB8F77'.); relaunching
[brain] worker 1 relaunch failed: Timed out after 30000 ms while waiting for the WS endpoint URL to appear in stdo
[brain] worker 2 relaunch failed: Timed out after 30000 ms while waiting for the WS endpoint URL to appear in stdo
[brain] worker 0 relaunch failed: Timed out after 30000 ms while waiting for the WS endpoint URL to appear in stdo
[brain] worker 2 relaunch failed: Navigation timeout of 90000 ms exceeded
[brain] worker 1 relaunch failed: Navigation timeout of 90000 ms exceeded
[brain] worker 0 relaunch failed: Navigation timeout of 90000 ms exceeded
[brain] worker 1 relaunch failed: Timed out after 30000 ms while waiting for the WS endpoint URL to appear in stdo
[brain] worker 0 relaunch failed: Timed out after 30000 ms while waiting for the WS endpoint URL to appear in stdo
[brain] worker 2 relaunch failed: Timed out after 30000 ms while waiting for the WS endpoint URL to appear in stdo
[brain] no worker returned data this iteration
[brain] worker 0 failed (Attempted to use detached Frame 'D0B179E1A1821BD56D2EBF25444B9476'.); relaunching
[brain] worker 1 failed (Attempted to use detached Frame '77FD38BD72E327E11873CFDB77290A39'.); relaunching
[brain] worker 2 failed (Attempted to use detached Frame 'B62CABFACBB6FC8EB2246F7E21BB8F77'.); relaunching
